lte.c:15:6:Reset_LTE	8	static
lte.c:23:6:PWRCRL_ON_LTE	8	static
lte.c:31:6:LTE_PWRCRL_OFF	8	static
lte.c:40:6:Enable_LTE	8	static
lte.c:45:6:Blynk	8	static
lte.c:60:9:Check_Detect_Sim	8	static
lte.c:81:6:Enable_SIM	8	static
lte.c:108:6:Check_Baud_LTE	8	static
lte.c:121:6:Check_CPIN_LTE	8	static
lte.c:136:12:Select_Text_Mode	8	static
lte.c:154:12:Select_ME_Memory	8	static
lte.c:172:12:Delete_Memory_SMS	8	static
lte.c:194:12:MQTT_Recv_Mode	24	static
lte.c:215:12:MQTT_Session	16	static
lte.c:237:12:MQTT_Open	32	static
lte.c:270:12:MQTT_Close	24	static
lte.c:298:12:MQTT_Connect	48	static
lte.c:327:12:MQTT_Check_Connect	8	static
lte.c:357:12:MQTT_Publish	48	static
lte.c:393:12:MQTT_SSL_Mode	24	static
lte.c:413:12:MQTT_SSL_Certificate	16	static
lte.c:452:12:MQTT_SSL_Level	16	static
lte.c:473:12:MQTT_SSL_Version	16	static
lte.c:494:12:MQTT_SSL_Ciphersuite	16	static
lte.c:515:12:MQTT_SSL_Ignore	16	static
lte.c:537:12:HTTP_Config_ID	16	static
lte.c:555:12:HTTP_Enable_Request	16	static
lte.c:572:12:HTTP_Enable_Response	16	static
lte.c:594:12:HTTP_Config_TCP_IP	56	static
lte.c:616:12:HTTP_Deactive_PDP	16	static
lte.c:634:12:HTTP_Active_PDP	16	static
lte.c:654:12:HTTP_Set_URL	16	static
lte.c:675:12:HTTP_Get_Range	48	static
lte.c:700:9:HTTP_Ping_IP	32	static
