lte.c:15:6:Reset_LTE	8	static
lte.c:23:6:PWRCRL_ON_LTE	8	static
lte.c:31:6:PWRCRL_OFF_LTE	8	static
lte.c:39:6:Enable_LTE	8	static
lte.c:44:6:Blynk	8	static
lte.c:59:9:Check_Detect_Sim	8	static
lte.c:80:6:Enable_SIM	8	static
lte.c:107:6:Check_Baud_LTE	8	static
lte.c:120:6:Check_CPIN_LTE	8	static
lte.c:135:12:Select_Text_Mode	8	static
lte.c:153:12:Select_ME_Memory	8	static
lte.c:171:12:Delete_Memory_SMS	8	static
lte.c:193:12:MQTT_Recv_Mode	24	static
lte.c:214:12:MQTT_Session	16	static
lte.c:236:12:MQTT_Open	32	static
lte.c:271:12:MQTT_Connect	48	static
lte.c:300:12:MQTT_Check_Connect	8	static
lte.c:330:12:MQTT_Publish	48	static
lte.c:366:12:MQTT_SSL_Mode	24	static
lte.c:386:12:MQTT_SSL_Certificate	16	static
lte.c:425:12:MQTT_SSL_Level	16	static
lte.c:446:12:MQTT_SSL_Version	16	static
lte.c:467:12:MQTT_SSL_Ciphersuite	16	static
lte.c:488:12:MQTT_SSL_Ignore	16	static
lte.c:510:12:HTTP_Config_ID	16	static
lte.c:528:12:HTTP_Enable_Request	16	static
lte.c:545:12:HTTP_Enable_Response	16	static
lte.c:567:12:HTTP_Config_TCP_IP	56	static
lte.c:589:12:HTTP_Deactive_PDP	16	static
lte.c:607:12:HTTP_Active_PDP	16	static
lte.c:627:12:HTTP_Set_URL	16	static
lte.c:648:12:HTTP_Get_Range	48	static
lte.c:673:9:HTTP_Ping_IP	32	static
