stm32f4xx_hal_uart_emul.c:215:19:HAL_UART_Emul_Init	16	static
stm32f4xx_hal_uart_emul.c:250:19:HAL_UART_Emul_DeInit	16	static
stm32f4xx_hal_uart_emul.c:274:13:HAL_UART_Emul_MspInit	16	static
stm32f4xx_hal_uart_emul.c:286:13:HAL_UART_Emul_MspDeInit	16	static
stm32f4xx_hal_uart_emul.c:339:19:HAL_UART_Emul_Transmit_DMA	32	static
stm32f4xx_hal_uart_emul.c:407:19:HAL_UART_Emul_Receive_DMA	32	static
stm32f4xx_hal_uart_emul.c:463:13:HAL_UART_Emul_RxCpltCallback	16	static
stm32f4xx_hal_uart_emul.c:483:6:DMA2_Stream2_IRQHandler	8	static
stm32f4xx_hal_uart_emul.c:508:6:HAL_GPIO_EXTI_Callback	40	static
stm32f4xx_hal_uart_emul.c:555:6:DMA2_Stream1_IRQHandler	8	static
stm32f4xx_hal_uart_emul.c:574:6:HAL_UART_Emul_IRQHandler	24	static
stm32f4xx_hal_uart_emul.c:646:28:HAL_UART_Emul_GetState	16	static
stm32f4xx_hal_uart_emul.c:657:10:HAL_UART_Emul_GetError	16	static
stm32f4xx_hal_uart_emul.c:667:6:HAL_UART_Emul_ResetState	16	static
stm32f4xx_hal_uart_emul.c:685:13:UART_Emul_DMAReceiveCplt	32	static
stm32f4xx_hal_uart_emul.c:743:13:UART_Emul_ReceiveFrame	32	static
stm32f4xx_hal_uart_emul.c:793:13:UART_Emul_SetConfig	32	static
stm32f4xx_hal_uart_emul.c:852:13:UART_Emul_SetConfig_DMATx	8	static
stm32f4xx_hal_uart_emul.c:892:13:UART_Emul_SetConfig_DMARx	8	static
stm32f4xx_hal_uart_emul.c:930:16:UART_Emul_ReceiveFormatFrame	40	static
stm32f4xx_hal_uart_emul.c:1014:13:UART_Emul_TransmitFormatFrame	40	static
stm32f4xx_hal_uart_emul.c:1115:13:UART_Emul_TransmitFrame	32	static
stm32f4xx_hal_uart_emul.c:1166:13:UART_Emul_DMATransmitCplt	24	static
stm32f4xx_hal_uart_emul.c:1229:13:UART_Emul_DMAError	16	static
stm32f4xx_hal_uart_emul.c:1244:13:HAL_UART_Emul_TxCpltCallback	16	static
stm32f4xx_hal_uart_emul.c:1256:13:HAL_UART_Emul_ErrorCallback	16	static
