stm32f4xx_hal_uart_emul.c:215:19:HAL_UART_Emul_Init	16	static
stm32f4xx_hal_uart_emul.c:250:19:HAL_UART_Emul_DeInit	16	static
stm32f4xx_hal_uart_emul.c:274:13:HAL_UART_Emul_MspInit	16	static
stm32f4xx_hal_uart_emul.c:286:13:HAL_UART_Emul_MspDeInit	16	static
stm32f4xx_hal_uart_emul.c:339:19:HAL_UART_Emul_Transmit_DMA	32	static
stm32f4xx_hal_uart_emul.c:407:19:HAL_UART_Emul_Receive_DMA	32	static
stm32f4xx_hal_uart_emul.c:463:13:HAL_UART_Emul_RxCpltCallback	16	static
stm32f4xx_hal_uart_emul.c:483:6:DMA2_Stream2_IRQHandler	8	static
stm32f4xx_hal_uart_emul.c:508:6:HAL_GPIO_EXTI_Callback	40	static
stm32f4xx_hal_uart_emul.c:556:6:DMA2_Stream1_IRQHandler	8	static
stm32f4xx_hal_uart_emul.c:575:6:HAL_UART_Emul_IRQHandler	24	static
stm32f4xx_hal_uart_emul.c:647:28:HAL_UART_Emul_GetState	16	static
stm32f4xx_hal_uart_emul.c:658:10:HAL_UART_Emul_GetError	16	static
stm32f4xx_hal_uart_emul.c:668:6:HAL_UART_Emul_ResetState	16	static
stm32f4xx_hal_uart_emul.c:686:13:UART_Emul_DMAReceiveCplt	32	static
stm32f4xx_hal_uart_emul.c:744:13:UART_Emul_ReceiveFrame	32	static
stm32f4xx_hal_uart_emul.c:794:13:UART_Emul_SetConfig	32	static
stm32f4xx_hal_uart_emul.c:853:13:UART_Emul_SetConfig_DMATx	8	static
stm32f4xx_hal_uart_emul.c:893:13:UART_Emul_SetConfig_DMARx	8	static
stm32f4xx_hal_uart_emul.c:931:16:UART_Emul_ReceiveFormatFrame	40	static
stm32f4xx_hal_uart_emul.c:1015:13:UART_Emul_TransmitFormatFrame	40	static
stm32f4xx_hal_uart_emul.c:1116:13:UART_Emul_TransmitFrame	32	static
stm32f4xx_hal_uart_emul.c:1167:13:UART_Emul_DMATransmitCplt	24	static
stm32f4xx_hal_uart_emul.c:1230:13:UART_Emul_DMAError	16	static
stm32f4xx_hal_uart_emul.c:1245:13:HAL_UART_Emul_TxCpltCallback	16	static
stm32f4xx_hal_uart_emul.c:1257:13:HAL_UART_Emul_ErrorCallback	16	static
