main.c:141:1:__io_putchar	16	static
main.c:170:12:MQTT_Open_Connect	8	static
main.c:206:5:main	208	static
main.c:394:6:SystemClock_Config	88	static
main.c:439:13:MX_I2C1_Init	8	static
main.c:473:13:MX_SPI2_Init	8	static
main.c:511:13:MX_TIM3_Init	32	static
main.c:556:13:MX_USART1_UART_Init	8	static
main.c:589:13:MX_USART2_UART_Init	8	static
main.c:622:13:MX_GPIO_Init	40	static
main.c:684:13:LTE_Disable	8	static
main.c:689:6:HAL_UART_RxCpltCallback	16	static
main.c:694:13:softUART_DeInit	8	static
main.c:700:13:softUART_ReInit	32	static
main.c:716:13:FlashMQTT_WriteRead	32	static
main.c:768:13:Wakeup_CallBack	8	static
main.c:824:13:LTE_Init	8	static
main.c:863:13:Flash_Init	8	static
main.c:875:6:Error_Handler	4	static
