main.c:150:1:__io_putchar	16	static
main.c:169:12:MQTT_Open_Connect	8	static
main.c:205:5:main	208	static
main.c:382:6:SystemClock_Config	88	static
main.c:427:13:MX_I2C1_Init	8	static
main.c:461:13:MX_SPI2_Init	8	static
main.c:499:13:MX_TIM3_Init	32	static
main.c:544:13:MX_USART1_UART_Init	8	static
main.c:577:13:MX_USART2_UART_Init	8	static
main.c:610:13:MX_GPIO_Init	40	static
main.c:672:13:LTE_Disable	8	static
main.c:677:6:HAL_UART_RxCpltCallback	16	static
main.c:682:13:softUART_DeInit	8	static
main.c:688:13:softUART_ReInit	32	static
main.c:704:13:FlashMQTT_WriteRead	32	static
main.c:815:13:Wakeup_CallBack	8	static
main.c:876:13:Stop_Callback	8	static
main.c:905:13:LTE_Init	8	static
main.c:946:13:Flash_Init	8	static
main.c:958:6:Error_Handler	4	static
