w25q16.c:25:6:Log_Info	16	static
w25q16.c:43:9:W25Q16_Trans_Recv	32	static
w25q16.c:57:6:W25Q16_Read_UniqID	24	static
w25q16.c:86:6:W25Q16_Enable_Write	8	static
w25q16.c:106:6:W25Q16_Disable_Write	8	static
w25q16.c:126:9:W25Q16_Read_StatusReg	24	static
w25q16.c:170:6:W25Q16_Wait_EndBusy	8	static
w25q16.c:197:6:W25Q16_Init	32	static
w25q16.c:253:6:W25Q16_Erase_Chip	8	static
w25q16.c:286:6:W25Q16_Erase_Sector	24	static
w25q16.c:328:6:W25Q16_Erase_Block	24	static
w25q16.c:370:10:W25Q16_Page2Sector	16	static
w25q16.c:380:10:W25Q16_Page2Block	16	static
w25q16.c:390:10:W25Q16_Sector2Block	16	static
w25q16.c:400:10:W25Q16_Sector2Page	16	static
w25q16.c:410:10:W25Q16_Block2Page	16	static
w25q16.c:421:6:W25Q16_WriteByte	16	static
w25q16.c:462:6:W25Q16_WritePage	24	static
w25q16.c:505:6:W25Q16_ReadByte	40	static
w25q16.c:548:6:W25Q16_ReadSomeBytes	24	static
w25q16.c:596:6:W25Q16_ReadPage	32	static
w25q16.c:649:6:reverse	32	static
w25q16.c:669:9:intToStr	32	static
w25q16.c:695:6:ftoa	56	static
w25q16.c:722:6:u16_to_String	24	static
