Component: ARM Compiler 5.06 update 6 (build 750) Tool: armlink [4d35ed]

==============================================================================

Section Cross References

    startup_stm32f401xc.o(RESET) refers to startup_stm32f401xc.o(STACK) for __initial_sp
    startup_stm32f401xc.o(RESET) refers to startup_stm32f401xc.o(.text) for Reset_Handler
    startup_stm32f401xc.o(RESET) refers to stm32f4xx_it.o(i.NMI_Handler) for NMI_Handler
    startup_stm32f401xc.o(RESET) refers to stm32f4xx_it.o(i.HardFault_Handler) for HardFault_Handler
    startup_stm32f401xc.o(RESET) refers to stm32f4xx_it.o(i.MemManage_Handler) for MemManage_Handler
    startup_stm32f401xc.o(RESET) refers to stm32f4xx_it.o(i.BusFault_Handler) for BusFault_Handler
    startup_stm32f401xc.o(RESET) refers to stm32f4xx_it.o(i.UsageFault_Handler) for UsageFault_Handler
    startup_stm32f401xc.o(RESET) refers to stm32f4xx_it.o(i.SVC_Handler) for SVC_Handler
    startup_stm32f401xc.o(RESET) refers to stm32f4xx_it.o(i.DebugMon_Handler) for DebugMon_Handler
    startup_stm32f401xc.o(RESET) refers to stm32f4xx_it.o(i.PendSV_Handler) for PendSV_Handler
    startup_stm32f401xc.o(RESET) refers to stm32f4xx_it.o(i.SysTick_Handler) for SysTick_Handler
    startup_stm32f401xc.o(RESET) refers to stm32f4xx_it.o(i.EXTI15_10_IRQHandler) for EXTI15_10_IRQHandler
    startup_stm32f401xc.o(RESET) refers to stm32f4xx_hal_uart_emul.o(i.DMA2_Stream1_IRQHandler) for DMA2_Stream1_IRQHandler
    startup_stm32f401xc.o(RESET) refers to stm32f4xx_hal_uart_emul.o(i.DMA2_Stream2_IRQHandler) for DMA2_Stream2_IRQHandler
    startup_stm32f401xc.o(.text) refers to system_stm32f4xx.o(i.SystemInit) for SystemInit
    startup_stm32f401xc.o(.text) refers to entry.o(.ARM.Collect$$$$00000000) for __main
    stm32f4xx_hal_uart_emul.o(i.DMA2_Stream1_IRQHandler) refers to stm32f4xx_hal_uart_emul.o(i.UART_Emul_DMAError) for UART_Emul_DMAError
    stm32f4xx_hal_uart_emul.o(i.DMA2_Stream1_IRQHandler) refers to stm32f4xx_hal_uart_emul.o(.bss) for TimHandle
    stm32f4xx_hal_uart_emul.o(i.DMA2_Stream2_IRQHandler) refers to stm32f4xx_hal_uart_emul.o(.data) for huart_emul
    stm32f4xx_hal_uart_emul.o(i.DMA2_Stream2_IRQHandler) refers to stm32f4xx_hal_uart_emul.o(.bss) for TimHandle
    stm32f4xx_hal_uart_emul.o(i.DMA2_Stream2_IRQHandler) refers to stm32f4xx_hal_uart_emul.o(i.UART_Emul_DMAError) for UART_Emul_DMAError
    stm32f4xx_hal_uart_emul.o(i.HAL_GPIO_EXTI_Callback) refers to stm32f4xx_hal_uart_emul.o(i.UART_Emul_ReceiveFrame) for UART_Emul_ReceiveFrame
    stm32f4xx_hal_uart_emul.o(i.HAL_GPIO_EXTI_Callback) refers to stm32f4xx_hal_uart_emul.o(i.UART_Emul_ReceiveFormatFrame) for UART_Emul_ReceiveFormatFrame
    stm32f4xx_hal_uart_emul.o(i.HAL_GPIO_EXTI_Callback) refers to stm32f4xx_hal_uart_emul.o(.data) for huart_emul
    stm32f4xx_hal_uart_emul.o(i.HAL_GPIO_EXTI_Callback) refers to stm32f4xx_hal_uart_emul.o(.bss) for pFirstBuffer_Rx
    stm32f4xx_hal_uart_emul.o(i.HAL_UART_Emul_DeInit) refers to stm32f4xx_hal_msp.o(i.HAL_UART_Emul_MspDeInit) for HAL_UART_Emul_MspDeInit
    stm32f4xx_hal_uart_emul.o(i.HAL_UART_Emul_IRQHandler) refers to stm32f4xx_hal_uart_emul.o(i.HAL_UART_Emul_ErrorCallback) for HAL_UART_Emul_ErrorCallback
    stm32f4xx_hal_uart_emul.o(i.HAL_UART_Emul_Init) refers to stm32f4xx_hal_msp.o(i.HAL_UART_Emul_MspInit) for HAL_UART_Emul_MspInit
    stm32f4xx_hal_uart_emul.o(i.HAL_UART_Emul_Init) refers to stm32f4xx_hal_uart_emul.o(i.UART_Emul_SetConfig) for UART_Emul_SetConfig
    stm32f4xx_hal_uart_emul.o(i.HAL_UART_Emul_Init) refers to stm32f4xx_hal_uart_emul.o(.data) for huart_emul
    stm32f4xx_hal_uart_emul.o(i.HAL_UART_Emul_Receive_DMA) refers to stm32f4xx_hal_tim.o(i.TIM_CCxChannelCmd) for TIM_CCxChannelCmd
    stm32f4xx_hal_uart_emul.o(i.HAL_UART_Emul_Receive_DMA) refers to stm32f4xx_hal_uart_emul.o(i.UART_Emul_DMAReceiveCplt) for UART_Emul_DMAReceiveCplt
    stm32f4xx_hal_uart_emul.o(i.HAL_UART_Emul_Receive_DMA) refers to stm32f4xx_hal_uart_emul.o(.bss) for TimHandle
    stm32f4xx_hal_uart_emul.o(i.HAL_UART_Emul_Receive_DMA) refers to stm32f4xx_hal_uart_emul.o(i.UART_Emul_DMAError) for UART_Emul_DMAError
    stm32f4xx_hal_uart_emul.o(i.HAL_UART_Emul_Transmit_DMA) refers to stm32f4xx_hal_uart_emul.o(i.UART_Emul_TransmitFormatFrame) for UART_Emul_TransmitFormatFrame
    stm32f4xx_hal_uart_emul.o(i.HAL_UART_Emul_Transmit_DMA) refers to stm32f4xx_hal_tim.o(i.TIM_CCxChannelCmd) for TIM_CCxChannelCmd
    stm32f4xx_hal_uart_emul.o(i.HAL_UART_Emul_Transmit_DMA) refers to stm32f4xx_hal_uart_emul.o(i.UART_Emul_TransmitFrame) for UART_Emul_TransmitFrame
    stm32f4xx_hal_uart_emul.o(i.HAL_UART_Emul_Transmit_DMA) refers to stm32f4xx_hal_uart_emul.o(i.UART_Emul_DMATransmitCplt) for UART_Emul_DMATransmitCplt
    stm32f4xx_hal_uart_emul.o(i.HAL_UART_Emul_Transmit_DMA) refers to stm32f4xx_hal_uart_emul.o(.bss) for TimHandle
    stm32f4xx_hal_uart_emul.o(i.HAL_UART_Emul_Transmit_DMA) refers to stm32f4xx_hal_uart_emul.o(i.UART_Emul_DMAError) for UART_Emul_DMAError
[...]
    ../clib/microlib/ctype/ctype.c           0x00000000   Number         0  isblank_o.o ABSOLUTE
    ../clib/microlib/ctype/ctype.c           0x00000000   Number         0  iscntrl_o.o ABSOLUTE
    ../clib/microlib/ctype/ctype.c           0x00000000   Number         0  isdigit_o.o ABSOLUTE
    ../clib/microlib/ctype/ctype.c           0x00000000   Number         0  isgraph_o.o ABSOLUTE
    ../clib/microlib/ctype/ctype.c           0x00000000   Number         0  islower_o.o ABSOLUTE
    ../clib/microlib/ctype/ctype.c           0x00000000   Number         0  ispunct_o.o ABSOLUTE
    ../clib/microlib/ctype/ctype.c           0x00000000   Number         0  isspace_o.o ABSOLUTE
    ../clib/microlib/ctype/ctype.c           0x00000000   Number         0  isupper_o.o ABSOLUTE
    ../clib/microlib/ctype/ctype.c           0x00000000   Number         0  isxdigit_o.o ABSOLUTE
    ../clib/microlib/ctype/ctype.c           0x00000000   Number         0  ctype_o.o ABSOLUTE
    ../clib/microlib/ctype/ctype.c           0x00000000   Number         0  isprint_o.o ABSOLUTE
    ../clib/microlib/ctype/ctype.c           0x00000000   Number         0  isalnum_o.o ABSOLUTE
    ../clib/microlib/ctype/ctype.c           0x00000000   Number         0  isalpha_o.o ABSOLUTE
    ../clib/microlib/division.c              0x00000000   Number         0  uidiv.o ABSOLUTE
    ../clib/microlib/division.c              0x00000000   Number         0  uldiv.o ABSOLUTE
    ../clib/microlib/errno.c                 0x00000000   Number         0  errno.o ABSOLUTE
    ../clib/microlib/init/entry.s            0x00000000   Number         0  entry11a.o ABSOLUTE
    ../clib/microlib/init/entry.s            0x00000000   Number         0  entry.o ABSOLUTE
    ../clib/microlib/init/entry.s            0x00000000   Number         0  entry11b.o ABSOLUTE
    ../clib/microlib/init/entry.s            0x00000000   Number         0  entry7b.o ABSOLUTE
    ../clib/microlib/init/entry.s            0x00000000   Number         0  entry7a.o ABSOLUTE
    ../clib/microlib/init/entry.s            0x00000000   Number         0  entry8b.o ABSOLUTE
    ../clib/microlib/init/entry.s            0x00000000   Number         0  entry5.o ABSOLUTE
    ../clib/microlib/init/entry.s            0x00000000   Number         0  entry9a.o ABSOLUTE
    ../clib/microlib/init/entry.s            0x00000000   Number         0  entry8a.o ABSOLUTE
    ../clib/microlib/init/entry.s            0x00000000   Number         0  entry9b.o ABSOLUTE
    ../clib/microlib/init/entry.s            0x00000000   Number         0  entry10a.o ABSOLUTE
    ../clib/microlib/init/entry.s            0x00000000   Number         0  entry10b.o ABSOLUTE
    ../clib/microlib/init/entry.s            0x00000000   Number         0  entry2.o ABSOLUTE
    ../clib/microlib/longlong.c              0x00000000   Number         0  llshl.o ABSOLUTE
    ../clib/microlib/longlong.c              0x00000000   Number         0  llushr.o ABSOLUTE
    ../clib/microlib/longlong.c              0x00000000   Number         0  llsshr.o ABSOLUTE
    ../clib/microlib/printf/printf.c         0x00000000   Number         0  printf2.o ABSOLUTE
    ../clib/microlib/printf/printf.c         0x00000000   Number         0  printf1.o ABSOLUTE
    ../clib/microlib/printf/printf.c         0x00000000   Number         0  printf0.o ABSOLUTE
    ../clib/microlib/printf/printf.c         0x00000000   Number         0  printfb.o ABSOLUTE
    ../clib/microlib/printf/printf.c         0x00000000   Number         0  printf3.o ABSOLUTE
    ../clib/microlib/printf/printf.c         0x00000000   Number         0  printfa.o ABSOLUTE
    ../clib/microlib/printf/printf.c         0x00000000   Number         0  printf8.o ABSOLUTE
    ../clib/microlib/printf/printf.c         0x00000000   Number         0  printf7.o ABSOLUTE
    ../clib/microlib/printf/printf.c         0x00000000   Number         0  printf6.o ABSOLUTE
    ../clib/microlib/printf/printf.c         0x00000000   Number         0  printf5.o ABSOLUTE
    ../clib/microlib/printf/printf.c         0x00000000   Number         0  printf4.o ABSOLUTE
    ../clib/microlib/printf/stubs.s          0x00000000   Number         0  stubs.o ABSOLUTE
    ../clib/microlib/stdio/streams.c         0x00000000   Number         0  stdout.o ABSOLUTE
    ../clib/microlib/string/memset.c         0x00000000   Number         0  memseta.o ABSOLUTE
    ../clib/microlib/string/strcat.c         0x00000000   Number         0  strcat.o ABSOLUTE
    ../clib/microlib/string/strlen.c         0x00000000   Number         0  strlen.o ABSOLUTE
    ../clib/microlib/stubs.s                 0x00000000   Number         0  iusefp.o ABSOLUTE
    ../clib/scanf.c                          0x00000000   Number         0  strtol.o ABSOLUTE
    ../clib/scanf.c                          0x00000000   Number         0  _strtoul.o ABSOLUTE
    ../clib/scanf.c                          0x00000000   Number         0  _chval.o ABSOLUTE
    ../clib/scanf.c                          0x00000000   Number         0  atoi.o ABSOLUTE
    ../fplib/microlib/fpadd.c                0x00000000   Number         0  dadd.o ABSOLUTE
    ../fplib/microlib/fpdiv.c                0x00000000   Number         0  ddiv.o ABSOLUTE
    ../fplib/microlib/fpepilogue.c           0x00000000   Number         0  depilogue.o ABSOLUTE
    ../fplib/microlib/fpfix.c                0x00000000   Number         0  dfixui.o ABSOLUTE
    ../fplib/microlib/fpfix.c                0x00000000   Number         0  dfixul.o ABSOLUTE
    ../fplib/microlib/fpflt.c                0x00000000   Number         0  dflti.o ABSOLUTE
    ../fplib/microlib/fpflt.c                0x00000000   Number         0  dfltui.o ABSOLUTE
    ../fplib/microlib/fpmul.c                0x00000000   Number         0  dmul.o ABSOLUTE
    ../fplib/microlib/fpneg.c                0x00000000   Number         0  dneg.o ABSOLUTE
    ../fplib/microlib/fpscalb.c              0x00000000   Number         0  dscalb.o ABSOLUTE
    ../fplib/microlib/fpsqrt.c               0x00000000   Number         0  dsqrt.o ABSOLUTE
    ../mathlib/dunder.c                      0x00000000   Number         0  dunder.o ABSOLUTE
    ../mathlib/fabs.c                        0x00000000   Number         0  fabs.o ABSOLUTE
    ../mathlib/fpclassify.c                  0x00000000   Number         0  fpclassify.o ABSOLUTE
    ../mathlib/poly.c                        0x00000000   Number         0  poly.o ABSOLUTE
    ../mathlib/pow.c                         0x00000000   Number         0  pow_x.o ABSOLUTE
    ../mathlib/pow.c                         0x00000000   Number         0  pow.o ABSOLUTE
    ../mathlib/qnan.c                        0x00000000   Number         0  qnan.o ABSOLUTE
    ../mathlib/sqrt.c                        0x00000000   Number         0  sqrt.o ABSOLUTE
    ../mathlib/sqrt.c                        0x00000000   Number         0  sqrt_x.o ABSOLUTE
    ..\Drivers\STM32F4xx_HAL_Driver\Src\stm32f4xx_hal.c 0x00000000   Number         0  stm32f4xx_hal.o ABSOLUTE
    ..\Drivers\STM32F4xx_HAL_Driver\Src\stm32f4xx_hal_cortex.c 0x00000000   Number         0  stm32f4xx_hal_cortex.o ABSOLUTE
    ..\Drivers\STM32F4xx_HAL_Driver\Src\stm32f4xx_hal_dma.c 0x00000000   Number         0  stm32f4xx_hal_dma.o ABSOLUTE
    ..\Drivers\STM32F4xx_HAL_Driver\Src\stm32f4xx_hal_dma_ex.c 0x00000000   Number         0  stm32f4xx_hal_dma_ex.o ABSOLUTE
    ..\Drivers\STM32F4xx_HAL_Driver\Src\stm32f4xx_hal_exti.c 0x00000000   Number         0  stm32f4xx_hal_exti.o ABSOLUTE
    ..\Drivers\STM32F4xx_HAL_Driver\Src\stm32f4xx_hal_flash.c 0x00000000   Number         0  stm32f4xx_hal_flash.o ABSOLUTE
    ..\Drivers\STM32F4xx_HAL_Driver\Src\stm32f4xx_hal_flash_ex.c 0x00000000   Number         0  stm32f4xx_hal_flash_ex.o ABSOLUTE
    ..\Drivers\STM32F4xx_HAL_Driver\Src\stm32f4xx_hal_flash_ramfunc.c 0x00000000   Number         0  stm32f4xx_hal_flash_ramfunc.o ABSOLUTE
    ..\Drivers\STM32F4xx_HAL_Driver\Src\stm32f4xx_hal_gpio.c 0x00000000   Number         0  stm32f4xx_hal_gpio.o ABSOLUTE
    ..\Drivers\STM32F4xx_HAL_Driver\Src\stm32f4xx_hal_pwr.c 0x00000000   Number         0  stm32f4xx_hal_pwr.o ABSOLUTE
    ..\Drivers\STM32F4xx_HAL_Driver\Src\stm32f4xx_hal_pwr_ex.c 0x00000000   Number         0  stm32f4xx_hal_pwr_ex.o ABSOLUTE
    ..\Drivers\STM32F4xx_HAL_Driver\Src\stm32f4xx_hal_rcc.c 0x00000000   Number         0  stm32f4xx_hal_rcc.o ABSOLUTE
    ..\Drivers\STM32F4xx_HAL_Driver\Src\stm32f4xx_hal_rcc_ex.c 0x00000000   Number         0  stm32f4xx_hal_rcc_ex.o ABSOLUTE
    ..\Drivers\STM32F4xx_HAL_Driver\Src\stm32f4xx_hal_spi.c 0x00000000   Number         0  stm32f4xx_hal_spi.o ABSOLUTE
    ..\Drivers\STM32F4xx_HAL_Driver\Src\stm32f4xx_hal_tim.c 0x00000000   Number         0  stm32f4xx_hal_tim.o ABSOLUTE
    ..\Drivers\STM32F4xx_HAL_Driver\Src\stm32f4xx_hal_tim_ex.c 0x00000000   Number         0  stm32f4xx_hal_tim_ex.o ABSOLUTE
    ..\Drivers\STM32F4xx_HAL_Driver\Src\stm32f4xx_hal_uart.c 0x00000000   Number         0  stm32f4xx_hal_uart.o ABSOLUTE
    ..\Src\lte.c                             0x00000000   Number         0  lte.o ABSOLUTE
    ..\Src\main.c                            0x00000000   Number         0  main.o ABSOLUTE
    ..\Src\soft_uart.c                       0x00000000   Number         0  soft_uart.o ABSOLUTE
    ..\Src\stm32f4xx_hal_msp.c               0x00000000   Number         0  stm32f4xx_hal_msp.o ABSOLUTE
    ..\Src\stm32f4xx_hal_uart_emul.c         0x00000000   Number         0  stm32f4xx_hal_uart_emul.o ABSOLUTE
    ..\Src\stm32f4xx_it.c                    0x00000000   Number         0  stm32f4xx_it.o ABSOLUTE
    ..\Src\system_stm32f4xx.c                0x00000000   Number         0  system_stm32f4xx.o ABSOLUTE
    ..\Src\w25q16.c                          0x00000000   Number         0  w25q16.o ABSOLUTE
    ..\\Src\\lte.c                           0x00000000   Number         0  lte.o ABSOLUTE
    ..\\Src\\soft_uart.c                     0x00000000   Number         0  soft_uart.o ABSOLUTE
    ..\\Src\\stm32f4xx_hal_uart_emul.c       0x00000000   Number         0  stm32f4xx_hal_uart_emul.o ABSOLUTE
    ..\\Src\\w25q16.c                        0x00000000   Number         0  w25q16.o ABSOLUTE
    cdcmple.s                                0x00000000   Number         0  cdcmple.o ABSOLUTE
    cdrcmple.s                               0x00000000   Number         0  cdrcmple.o ABSOLUTE
    dc.s                                     0x00000000   Number         0  dc.o ABSOLUTE
    handlers.s                               0x00000000   Number         0  handlers.o ABSOLUTE
    init.s                                   0x00000000   Number         0  init.o ABSOLUTE
    startup_stm32f401xc.s                    0x00000000   Number         0  startup_stm32f401xc.o ABSOLUTE
    RESET                                    0x08000000   Section      404  startup_stm32f401xc.o(RESET)
    .ARM.Collect$$$$00000000                 0x08000194   Section        0  entry.o(.ARM.Collect$$$$00000000)
    .ARM.Collect$$$$00000001                 0x08000194   Section        4  entry2.o(.ARM.Collect$$$$00000001)
    .ARM.Collect$$$$00000004                 0x08000198   Section        4  entry5.o(.ARM.Collect$$$$00000004)
    .ARM.Collect$$$$00000008                 0x0800019c   Section        0  entry7b.o(.ARM.Collect$$$$00000008)
    .ARM.Collect$$$$0000000A                 0x0800019c   Section        0  entry8b.o(.ARM.Collect$$$$0000000A)
    .ARM.Collect$$$$0000000B                 0x0800019c   Section        8  entry9a.o(.ARM.Collect$$$$0000000B)
    .ARM.Collect$$$$0000000D                 0x080001a4   Section        0  entry10a.o(.ARM.Collect$$$$0000000D)
    .ARM.Collect$$$$0000000F                 0x080001a4   Section        0  entry11a.o(.ARM.Collect$$$$0000000F)
    .ARM.Collect$$$$00002712                 0x080001a4   Section        4  entry2.o(.ARM.Collect$$$$00002712)
    __lit__00000000                          0x080001a4   Data           4  entry2.o(.ARM.Collect$$$$00002712)
    .text                                    0x080001a8   Section       36  startup_stm32f401xc.o(.text)
    $v0                                      0x080001a8   Number         0  startup_stm32f401xc.o(.text)
    .text                                    0x080001cc   Section        0  uldiv.o(.text)
    .text                                    0x0800022e   Section        0  memseta.o(.text)
    .text                                    0x08000252   Section        0  strcat.o(.text)
    .text                                    0x0800026a   Section        0  strlen.o(.text)
    .text                                    0x08000278   Section        0  dadd.o(.text)
    .text                                    0x080003c6   Section        0  dmul.o(.text)
    .text                                    0x080004aa   Section        0  uidiv.o(.text)
    .text                                    0x080004d6   Section        0  llshl.o(.text)
    .text                                    0x080004f4   Section        0  llushr.o(.text)
    .text                                    0x08000514   Section        0  llsshr.o(.text)
    .text                                    0x08000538   Section        0  iusefp.o(.text)
    .text                                    0x08000538   Section        0  depilogue.o(.text)
    .text                                    0x080005f2   Section        0  ddiv.o(.text)
    .text                                    0x080006d0   Section        0  dfixul.o(.text)
    .text                                    0x08000700   Section       48  cdrcmple.o(.text)
    .text                                    0x08000730   Section       36  init.o(.text)
    i.Blynk                                  0x08000754   Section        0  lte.o(i.Blynk)
    i.BusFault_Handler                       0x0800077c   Section        0  stm32f4xx_it.o(i.BusFault_Handler)
    i.Check_Baud_LTE                         0x08000780   Section        0  lte.o(i.Check_Baud_LTE)
    i.Check_CPIN_LTE                         0x080007dc   Section        0  lte.o(i.Check_CPIN_LTE)
    i.Check_Detect_Sim                       0x08000838   Section        0  lte.o(i.Check_Detect_Sim)
    i.Check_MQTT                             0x080008c0   Section        0  soft_uart.o(i.Check_MQTT)
    i.Check_New_Msg                          0x080008ec   Section        0  soft_uart.o(i.Check_New_Msg)
    i.Compare_Str                            0x0800091c   Section        0  soft_uart.o(i.Compare_Str)
    i.Confirm_OK                             0x08000940   Section        0  soft_uart.o(i.Confirm_OK)
    i.Convert_U8_To_Str                      0x08000960   Section        0  main.o(i.Convert_U8_To_Str)
    i.DMA2_Stream1_IRQHandler                0x0800098c   Section        0  stm32f4xx_hal_uart_emul.o(i.DMA2_Stream1_IRQHandler)
    i.DMA2_Stream2_IRQHandler                0x08001168   Section        0  stm32f4xx_hal_uart_emul.o(i.DMA2_Stream2_IRQHandler)
    i.DMA_CalcBaseAndBitshift                0x08001970   Section        0  stm32f4xx_hal_dma.o(i.DMA_CalcBaseAndBitshift)
    DMA_CalcBaseAndBitshift                  0x08001971   Thumb Code    46  stm32f4xx_hal_dma.o(i.DMA_CalcBaseAndBitshift)
    i.DMA_CheckFifoParam                     0x080019a4   Section        0  stm32f4xx_hal_dma.o(i.DMA_CheckFifoParam)
    DMA_CheckFifoParam                       0x080019a5   Thumb Code   170  stm32f4xx_hal_dma.o(i.DMA_CheckFifoParam)
    i.DebugMon_Handler                       0x08001a4e   Section        0  stm32f4xx_it.o(i.DebugMon_Handler)
    i.Delete_Memory_SMS                      0x08001a50   Section        0  lte.o(i.Delete_Memory_SMS)
    i.EXTI15_10_IRQHandler                   0x08001ab4   Section        0  stm32f4xx_it.o(i.EXTI15_10_IRQHandler)
    i.Enable_LTE                             0x08001ac0   Section        0  lte.o(i.Enable_LTE)
    i.Enable_SIM                             0x08001ad4   Section        0  lte.o(i.Enable_SIM)
    i.Error_Handler                          0x08001b14   Section        0  main.o(i.Error_Handler)
    i.Get_Data_Msg                           0x08001b20   Section        0  soft_uart.o(i.Get_Data_Msg)
    i.Get_ID_Msg                             0x08001bd8   Section        0  soft_uart.o(i.Get_ID_Msg)
    i.Get_Paragraph                          0x08001c22   Section        0  soft_uart.o(i.Get_Paragraph)
    i.HAL_DMA_Init                           0x08001c40   Section        0  stm32f4xx_hal_dma.o(i.HAL_DMA_Init)
    i.HAL_Delay                              0x08001d2c   Section        0  stm32f4xx_hal.o(i.HAL_Delay)
    i.HAL_GPIO_EXTI_Callback                 0x08001d54   Section        0  stm32f4xx_hal_uart_emul.o(i.HAL_GPIO_EXTI_Callback)
    i.HAL_GPIO_EXTI_IRQHandler               0x08001dd0   Section        0  stm32f4xx_hal_gpio.o(i.HAL_GPIO_EXTI_IRQHandler)
    i.HAL_GPIO_Init                          0x08001dec   Section        0  stm32f4xx_hal_gpio.o(i.HAL_GPIO_Init)
    i.HAL_GPIO_TogglePin                     0x08001fc4   Section        0  stm32f4xx_hal_gpio.o(i.HAL_GPIO_TogglePin)
    i.HAL_GPIO_WritePin                      0x08001fd8   Section        0  stm32f4xx_hal_gpio.o(i.HAL_GPIO_WritePin)
    i.HAL_GetTick                            0x08001fe4   Section        0  stm32f4xx_hal.o(i.HAL_GetTick)
    i.HAL_IncTick                            0x08001ff0   Section        0  stm32f4xx_hal.o(i.HAL_IncTick)
    i.HAL_Init                               0x08002008   Section        0  stm32f4xx_hal.o(i.HAL_Init)
    i.HAL_InitTick                           0x08002044   Section        0  stm32f4xx_hal.o(i.HAL_InitTick)
    i.HAL_MspInit                            0x08002090   Section        0  stm32f4xx_hal_msp.o(i.HAL_MspInit)
    i.HAL_NVIC_EnableIRQ                     0x080020d8   Section        0  stm32f4xx_hal_cortex.o(i.HAL_NVIC_EnableIRQ)
    i.HAL_NVIC_SetPriority                   0x080020f8   Section        0  stm32f4xx_hal_cortex.o(i.HAL_NVIC_SetPriority)
    i.HAL_NVIC_SetPriorityGrouping           0x08002174   Section        0  stm32f4xx_hal_cortex.o(i.HAL_NVIC_SetPriorityGrouping)
    i.HAL_RCC_ClockConfig                    0x0800219c   Section        0  stm32f4xx_hal_rcc.o(i.HAL_RCC_ClockConfig)
    i.HAL_RCC_GetHCLKFreq                    0x08002320   Section        0  stm32f4xx_hal_rcc.o(i.HAL_RCC_GetHCLKFreq)
    i.HAL_RCC_GetPCLK1Freq                   0x0800232c   Section        0  stm32f4xx_hal_rcc.o(i.HAL_RCC_GetPCLK1Freq)
    i.HAL_RCC_GetPCLK2Freq                   0x0800234c   Section        0  stm32f4xx_hal_rcc.o(i.HAL_RCC_GetPCLK2Freq)
    i.HAL_RCC_GetSysClockFreq                0x0800236c   Section        0  stm32f4xx_hal_rcc.o(i.HAL_RCC_GetSysClockFreq)
    i.HAL_RCC_OscConfig                      0x0800241c   Section        0  stm32f4xx_hal_rcc.o(i.HAL_RCC_OscConfig)
    i.HAL_SPI_Init                           0x080028b8   Section        0  stm32f4xx_hal_spi.o(i.HAL_SPI_Init)
    i.HAL_SPI_MspInit                        0x08002980   Section        0  stm32f4xx_hal_msp.o(i.HAL_SPI_MspInit)
    i.HAL_SPI_Receive                        0x08002a08   Section        0  stm32f4xx_hal_spi.o(i.HAL_SPI_Receive)
    i.HAL_SPI_Transmit                       0x08002b78   Section        0  stm32f4xx_hal_spi.o(i.HAL_SPI_Transmit)
    i.HAL_SPI_TransmitReceive                0x08002d26   Section        0  stm32f4xx_hal_spi.o(i.HAL_SPI_TransmitReceive)
    i.HAL_SYSTICK_Config                     0x08002f50   Section        0  stm32f4xx_hal_cortex.o(i.HAL_SYSTICK_Config)
    i.HAL_TIMEx_MasterConfigSynchronization  0x08002f84   Section        0  stm32f4xx_hal_tim_ex.o(i.HAL_TIMEx_MasterConfigSynchronization)
    i.HAL_TIM_Base_Init                      0x08003020   Section        0  stm32f4xx_hal_tim.o(i.HAL_TIM_Base_Init)
    i.HAL_TIM_Base_MspInit                   0x08003088   Section        0  stm32f4xx_hal_msp.o(i.HAL_TIM_Base_MspInit)
    i.HAL_TIM_ConfigClockSource              0x080030bc   Section        0  stm32f4xx_hal_tim.o(i.HAL_TIM_ConfigClockSource)
    i.HAL_UART_Emul_ErrorCallback            0x080031c4   Section        0  stm32f4xx_hal_uart_emul.o(i.HAL_UART_Emul_ErrorCallback)
    i.HAL_UART_Emul_Init                     0x080031c8   Section        0  stm32f4xx_hal_uart_emul.o(i.HAL_UART_Emul_Init)
    i.HAL_UART_Emul_MspInit                  0x08003204   Section        0  stm32f4xx_hal_msp.o(i.HAL_UART_Emul_MspInit)
    i.HAL_UART_Emul_Receive_DMA              0x080032ec   Section        0  stm32f4xx_hal_uart_emul.o(i.HAL_UART_Emul_Receive_DMA)
    i.HAL_UART_Emul_RxCpltCallback           0x08003364   Section        0  soft_uart.o(i.HAL_UART_Emul_RxCpltCallback)
    i.HAL_UART_Emul_Transmit_DMA             0x08003388   Section        0  stm32f4xx_hal_uart_emul.o(i.HAL_UART_Emul_Transmit_DMA)
    i.HAL_UART_Emul_TxCpltCallback           0x08003438   Section        0  stm32f4xx_hal_uart_emul.o(i.HAL_UART_Emul_TxCpltCallback)
    i.HAL_UART_Init                          0x0800343a   Section        0  stm32f4xx_hal_uart.o(i.HAL_UART_Init)
    i.HAL_UART_MspInit                       0x080034ac   Section        0  stm32f4xx_hal_msp.o(i.HAL_UART_MspInit)
    i.HAL_UART_Transmit                      0x08003534   Section        0  stm32f4xx_hal_uart.o(i.HAL_UART_Transmit)
    i.HardFault_Handler                      0x08003606   Section        0  stm32f4xx_it.o(i.HardFault_Handler)
    i.Log_Info                               0x0800360c   Section        0  stm32f4xx_hal_uart_emul.o(i.Log_Info)
    i.MQTT_Check_Connect                     0x08003648   Section        0  lte.o(i.MQTT_Check_Connect)
    i.MQTT_Connect                           0x080036f0   Section        0  lte.o(i.MQTT_Connect)
    i.MQTT_Open                              0x080037f8   Section        0  lte.o(i.MQTT_Open)
    i.MQTT_Open_Connect                      0x080038e8   Section        0  main.o(i.MQTT_Open_Connect)
    i.MQTT_Publish                           0x08003990   Section        0  lte.o(i.MQTT_Publish)
    i.MQTT_Recv_Mode                         0x08003a98   Section        0  lte.o(i.MQTT_Recv_Mode)
    i.MQTT_SSL_Certificate                   0x08003b24   Section        0  lte.o(i.MQTT_SSL_Certificate)
    i.MQTT_SSL_Ciphersuite                   0x08003c58   Section        0  lte.o(i.MQTT_SSL_Ciphersuite)
    i.MQTT_SSL_Ignore                        0x08003ce0   Section        0  lte.o(i.MQTT_SSL_Ignore)
    i.MQTT_SSL_Level                         0x08003d6c   Section        0  lte.o(i.MQTT_SSL_Level)
    i.MQTT_SSL_Mode                          0x08003df0   Section        0  lte.o(i.MQTT_SSL_Mode)
    i.MQTT_SSL_Version                       0x08003e78   Section        0  lte.o(i.MQTT_SSL_Version)
    i.MQTT_Session                           0x08003f00   Section        0  lte.o(i.MQTT_Session)
    i.MX_GPIO_Init                           0x08003f84   Section        0  main.o(i.MX_GPIO_Init)
    MX_GPIO_Init                             0x08003f85   Thumb Code   208  main.o(i.MX_GPIO_Init)
    i.MX_SPI2_Init                           0x08004060   Section        0  main.o(i.MX_SPI2_Init)
    MX_SPI2_Init                             0x08004061   Thumb Code    58  main.o(i.MX_SPI2_Init)
    i.MX_TIM1_Init                           0x080040a4   Section        0  main.o(i.MX_TIM1_Init)
    MX_TIM1_Init                             0x080040a5   Thumb Code    96  main.o(i.MX_TIM1_Init)
    i.MX_USART1_UART_Init                    0x0800410c   Section        0  main.o(i.MX_USART1_UART_Init)
    MX_USART1_UART_Init                      0x0800410d   Thumb Code    46  main.o(i.MX_USART1_UART_Init)
    i.MemManage_Handler                      0x08004144   Section        0  stm32f4xx_it.o(i.MemManage_Handler)
    i.NMI_Handler                            0x08004148   Section        0  stm32f4xx_it.o(i.NMI_Handler)
    i.PendSV_Handler                         0x0800414c   Section        0  stm32f4xx_it.o(i.PendSV_Handler)
    i.Recv_Data                              0x08004150   Section        0  soft_uart.o(i.Recv_Data)
    i.Recv_Data_Continue                     0x08004198   Section        0  soft_uart.o(i.Recv_Data_Continue)
    i.Recv_Response                          0x08004208   Section        0  soft_uart.o(i.Recv_Response)
    i.Recv_Response_Continue                 0x08004294   Section        0  soft_uart.o(i.Recv_Response_Continue)
    i.SPI_EndRxTransaction                   0x08004320   Section        0  stm32f4xx_hal_spi.o(i.SPI_EndRxTransaction)
    SPI_EndRxTransaction                     0x08004321   Thumb Code   148  stm32f4xx_hal_spi.o(i.SPI_EndRxTransaction)
    i.SPI_EndRxTxTransaction                 0x080043b4   Section        0  stm32f4xx_hal_spi.o(i.SPI_EndRxTxTransaction)
    SPI_EndRxTxTransaction                   0x080043b5   Thumb Code   100  stm32f4xx_hal_spi.o(i.SPI_EndRxTxTransaction)
    i.SPI_WaitFlagStateUntilTimeout          0x08004420   Section        0  stm32f4xx_hal_spi.o(i.SPI_WaitFlagStateUntilTimeout)
    SPI_WaitFlagStateUntilTimeout            0x08004421   Thumb Code   210  stm32f4xx_hal_spi.o(i.SPI_WaitFlagStateUntilTimeout)
    i.SVC_Handler                            0x080044f8   Section        0  stm32f4xx_it.o(i.SVC_Handler)
    i.Select_ME_Memory                       0x080044fc   Section        0  lte.o(i.Select_ME_Memory)
    i.Select_Text_Mode                       0x08004564   Section        0  lte.o(i.Select_Text_Mode)
    i.Set_Baud_LTE_4800                      0x080045c4   Section        0  lte.o(i.Set_Baud_LTE_4800)
    i.SysTick_Handler                        0x08004624   Section        0  stm32f4xx_it.o(i.SysTick_Handler)
    i.SystemClock_Config                     0x0800462c   Section        0  main.o(i.SystemClock_Config)
    i.SystemInit                             0x080046e4   Section        0  system_stm32f4xx.o(i.SystemInit)
    i.TIM_Base_SetConfig                     0x080046f8   Section        0  stm32f4xx_hal_tim.o(i.TIM_Base_SetConfig)
    i.TIM_CCxChannelCmd                      0x0800479c   Section        0  stm32f4xx_hal_tim.o(i.TIM_CCxChannelCmd)
    i.TIM_ETR_SetConfig                      0x080047be   Section        0  stm32f4xx_hal_tim.o(i.TIM_ETR_SetConfig)
    i.TIM_ITRx_SetConfig                     0x080047d4   Section        0  stm32f4xx_hal_tim.o(i.TIM_ITRx_SetConfig)
    TIM_ITRx_SetConfig                       0x080047d5   Thumb Code    18  stm32f4xx_hal_tim.o(i.TIM_ITRx_SetConfig)
    i.TIM_TI1_ConfigInputStage               0x080047e6   Section        0  stm32f4xx_hal_tim.o(i.TIM_TI1_ConfigInputStage)
    TIM_TI1_ConfigInputStage                 0x080047e7   Thumb Code    38  stm32f4xx_hal_tim.o(i.TIM_TI1_ConfigInputStage)
    i.TIM_TI2_ConfigInputStage               0x0800480c   Section        0  stm32f4xx_hal_tim.o(i.TIM_TI2_ConfigInputStage)
    TIM_TI2_ConfigInputStage                 0x0800480d   Thumb Code    40  stm32f4xx_hal_tim.o(i.TIM_TI2_ConfigInputStage)
    i.Trans_Data                             0x08004834   Section        0  soft_uart.o(i.Trans_Data)
    i.Trans_Data_115200                      0x08004888   Section        0  soft_uart.o(i.Trans_Data_115200)
    i.UART_Emul_DMAError                     0x080048dc   Section        0  stm32f4xx_hal_uart_emul.o(i.UART_Emul_DMAError)
    UART_Emul_DMAError                       0x080048dd   Thumb Code    50  stm32f4xx_hal_uart_emul.o(i.UART_Emul_DMAError)
    i.UART_Emul_DMAReceiveCplt               0x08004914   Section        0  stm32f4xx_hal_uart_emul.o(i.UART_Emul_DMAReceiveCplt)
    UART_Emul_DMAReceiveCplt                 0x08004915   Thumb Code   184  stm32f4xx_hal_uart_emul.o(i.UART_Emul_DMAReceiveCplt)
    i.UART_Emul_DMATransmitCplt              0x080049e0   Section        0  stm32f4xx_hal_uart_emul.o(i.UART_Emul_DMATransmitCplt)
    UART_Emul_DMATransmitCplt                0x080049e1   Thumb Code   222  stm32f4xx_hal_uart_emul.o(i.UART_Emul_DMATransmitCplt)
    i.UART_Emul_ReceiveFormatFrame           0x08004ad4   Section        0  stm32f4xx_hal_uart_emul.o(i.UART_Emul_ReceiveFormatFrame)
    UART_Emul_ReceiveFormatFrame             0x08004ad5   Thumb Code   248  stm32f4xx_hal_uart_emul.o(i.UART_Emul_ReceiveFormatFrame)
    i.UART_Emul_ReceiveFrame                 0x08004bd4   Section        0  stm32f4xx_hal_uart_emul.o(i.UART_Emul_ReceiveFrame)
    UART_Emul_ReceiveFrame                   0x08004bd5   Thumb Code   168  stm32f4xx_hal_uart_emul.o(i.UART_Emul_ReceiveFrame)
    i.UART_Emul_SetConfig                    0x08004c8c   Section        0  stm32f4xx_hal_uart_emul.o(i.UART_Emul_SetConfig)
    UART_Emul_SetConfig                      0x08004c8d   Thumb Code   150  stm32f4xx_hal_uart_emul.o(i.UART_Emul_SetConfig)
    i.UART_Emul_SetConfig_DMARx              0x08004d2c   Section        0  stm32f4xx_hal_uart_emul.o(i.UART_Emul_SetConfig_DMARx)
    UART_Emul_SetConfig_DMARx                0x08004d2d   Thumb Code    98  stm32f4xx_hal_uart_emul.o(i.UART_Emul_SetConfig_DMARx)
    i.UART_Emul_SetConfig_DMATx              0x08004d9c   Section        0  stm32f4xx_hal_uart_emul.o(i.UART_Emul_SetConfig_DMATx)
    UART_Emul_SetConfig_DMATx                0x08004d9d   Thumb Code   124  stm32f4xx_hal_uart_emul.o(i.UART_Emul_SetConfig_DMATx)
    i.UART_Emul_TransmitFormatFrame          0x08004e28   Section        0  stm32f4xx_hal_uart_emul.o(i.UART_Emul_TransmitFormatFrame)
    UART_Emul_TransmitFormatFrame            0x08004e29   Thumb Code   192  stm32f4xx_hal_uart_emul.o(i.UART_Emul_TransmitFormatFrame)
    i.UART_Emul_TransmitFrame                0x08004ee8   Section        0  stm32f4xx_hal_uart_emul.o(i.UART_Emul_TransmitFrame)
    UART_Emul_TransmitFrame                  0x08004ee9   Thumb Code   146  stm32f4xx_hal_uart_emul.o(i.UART_Emul_TransmitFrame)
    i.UART_SetConfig                         0x08004f90   Section        0  stm32f4xx_hal_uart.o(i.UART_SetConfig)
    UART_SetConfig                           0x08004f91   Thumb Code   546  stm32f4xx_hal_uart.o(i.UART_SetConfig)
    i.UART_WaitOnFlagUntilTimeout            0x080051bc   Section        0  stm32f4xx_hal_uart.o(i.UART_WaitOnFlagUntilTimeout)
    UART_WaitOnFlagUntilTimeout              0x080051bd   Thumb Code   108  stm32f4xx_hal_uart.o(i.UART_WaitOnFlagUntilTimeout)
    i.UartEmul_Init                          0x08005228   Section        0  soft_uart.o(i.UartEmul_Init)
    i.UartEmul_Init_115200                   0x08005254   Section        0  soft_uart.o(i.UartEmul_Init_115200)
    i.UsageFault_Handler                     0x08005280   Section        0  stm32f4xx_it.o(i.UsageFault_Handler)
    i.W25Q16_Enable_Write                    0x08005284   Section        0  w25q16.o(i.W25Q16_Enable_Write)
    i.W25Q16_Erase_Chip                      0x080052b0   Section        0  w25q16.o(i.W25Q16_Erase_Chip)
    i.W25Q16_Erase_Sector                    0x0800531c   Section        0  w25q16.o(i.W25Q16_Erase_Sector)
    i.W25Q16_Init                            0x080053b0   Section        0  w25q16.o(i.W25Q16_Init)
    i.W25Q16_ReadSomeBytes                   0x080054f8   Section        0  w25q16.o(i.W25Q16_ReadSomeBytes)
    i.W25Q16_Read_StatusReg                  0x08005570   Section        0  w25q16.o(i.W25Q16_Read_StatusReg)
    i.W25Q16_Read_UniqID                     0x080055e0   Section        0  w25q16.o(i.W25Q16_Read_UniqID)
    i.W25Q16_Trans_Recv                      0x08005630   Section        0  w25q16.o(i.W25Q16_Trans_Recv)
    i.W25Q16_Wait_EndBusy                    0x08005654   Section        0  w25q16.o(i.W25Q16_Wait_EndBusy)
    i.W25Q16_WritePage                       0x080056a0   Section        0  w25q16.o(i.W25Q16_WritePage)
    i.Write_Read_Pub                         0x08005754   Section        0  main.o(i.Write_Read_Pub)
    i.__0sprintf                             0x08005a4c   Section        0  printfa.o(i.__0sprintf)
    i.__NVIC_GetPriorityGrouping             0x08005a74   Section        0  stm32f4xx_hal_cortex.o(i.__NVIC_GetPriorityGrouping)
    __NVIC_GetPriorityGrouping               0x08005a75   Thumb Code    10  stm32f4xx_hal_cortex.o(i.__NVIC_GetPriorityGrouping)
    i.__NVIC_SetPriority                     0x08005a84   Section        0  stm32f4xx_hal_cortex.o(i.__NVIC_SetPriority)
    __NVIC_SetPriority                       0x08005a85   Thumb Code    32  stm32f4xx_hal_cortex.o(i.__NVIC_SetPriority)
    i.__scatterload_copy                     0x08005aac   Section       14  handlers.o(i.__scatterload_copy)
    i.__scatterload_null                     0x08005aba   Section        2  handlers.o(i.__scatterload_null)
    i.__scatterload_zeroinit                 0x08005abc   Section       14  handlers.o(i.__scatterload_zeroinit)
    i._fp_digits                             0x08005acc   Section        0  printfa.o(i._fp_digits)
    _fp_digits                               0x08005acd   Thumb Code   366  printfa.o(i._fp_digits)
    i._printf_core                           0x08005c50   Section        0  printfa.o(i._printf_core)
    _printf_core                             0x08005c51   Thumb Code  1744  printfa.o(i._printf_core)
    i._printf_post_padding                   0x0800632c   Section        0  printfa.o(i._printf_post_padding)
    _printf_post_padding                     0x0800632d   Thumb Code    36  printfa.o(i._printf_post_padding)
    i._printf_pre_padding                    0x08006350   Section        0  printfa.o(i._printf_pre_padding)
    _printf_pre_padding                      0x08006351   Thumb Code    46  printfa.o(i._printf_pre_padding)
    i._sputc                                 0x0800637e   Section        0  printfa.o(i._sputc)
    _sputc                                   0x0800637f   Thumb Code    10  printfa.o(i._sputc)
    i.main                                   0x08006388   Section        0  main.o(i.main)
    .constdata                               0x08006660   Section        8  stm32f4xx_hal_dma.o(.constdata)
    flagBitshiftOffset                       0x08006660   Data           8  stm32f4xx_hal_dma.o(.constdata)
    .constdata                               0x08006668   Section       24  system_stm32f4xx.o(.constdata)
    .conststring                             0x08006680   Section     3768  main.o(.conststring)
    .data                                    0x20000000   Section        4  stm32f4xx_hal_uart_emul.o(.data)
    huart_emul                               0x20000000   Data           4  stm32f4xx_hal_uart_emul.o(.data)
    .data                                    0x20000008   Section       66  main.o(.data)
    .data                                    0x2000004c   Section        9  stm32f4xx_hal.o(.data)
    .data                                    0x20000058   Section        4  system_stm32f4xx.o(.data)
    .bss                                     0x2000005c   Section      476  stm32f4xx_hal_uart_emul.o(.bss)
    hdma_tx                                  0x20000070   Data          96  stm32f4xx_hal_uart_emul.o(.bss)
    hdma_rx                                  0x200000d0   Data          96  stm32f4xx_hal_uart_emul.o(.bss)
    TimHandle                                0x20000130   Data          72  stm32f4xx_hal_uart_emul.o(.bss)
    pFirstBuffer_Rx                          0x20000178   Data          48  stm32f4xx_hal_uart_emul.o(.bss)
    pSecondBuffer_Rx                         0x200001a8   Data          48  stm32f4xx_hal_uart_emul.o(.bss)
    pFirstBuffer_Tx                          0x200001d8   Data          48  stm32f4xx_hal_uart_emul.o(.bss)
    pSecondBuffer_Tx                         0x20000208   Data          48  stm32f4xx_hal_uart_emul.o(.bss)
    .bss                                     0x20000238   Section       28  w25q16.o(.bss)
    .bss                                     0x20000258   Section     1440  main.o(.bss)
    STACK                                    0x200007f8   Section     1024  startup_stm32f401xc.o(STACK)

    Global Symbols

    Symbol Name                              Value     Ov Type        Size  Object(Section)

    BuildAttributes$$THM_ISAv4$E$P$D$K$B$S$7EM$VFPi3$EXTD16$VFPS$VFMA$PE$A:L22UL41UL21$X:L11$S22US41US21$IEEE1$IW$USESV6$~STKCKD$USESV7$~SHL$OTIME$ROPI$IEEEX$EBA8$MICROLIB$REQ8$PRES8$EABIv2 0x00000000   Number         0  anon$$obj.o ABSOLUTE
    __ARM_use_no_argv                        0x00000000   Number         0  main.o ABSOLUTE
    _printf_a                                0x00000000   Number         0  stubs.o ABSOLUTE
    _printf_c                                0x00000000   Number         0  stubs.o ABSOLUTE
    _printf_charcount                        0x00000000   Number         0  stubs.o ABSOLUTE
    _printf_d                                0x00000000   Number         0  stubs.o ABSOLUTE
    _printf_e                                0x00000000   Number         0  stubs.o ABSOLUTE
    _printf_f                                0x00000000   Number         0  stubs.o ABSOLUTE
    _printf_flags                            0x00000000   Number         0  stubs.o ABSOLUTE
    _printf_fp_dec                           0x00000000   Number         0  stubs.o ABSOLUTE
    _printf_fp_hex                           0x00000000   Number         0  stubs.o ABSOLUTE
    _printf_g                                0x00000000   Number         0  stubs.o ABSOLUTE
    _printf_i                                0x00000000   Number         0  stubs.o ABSOLUTE
    _printf_int_dec                          0x00000000   Number         0  stubs.o ABSOLUTE
    _printf_l                                0x00000000   Number         0  stubs.o ABSOLUTE
    _printf_lc                               0x00000000   Number         0  stubs.o ABSOLUTE
    _printf_ll                               0x00000000   Number         0  stubs.o ABSOLUTE
    _printf_lld                              0x00000000   Number         0  stubs.o ABSOLUTE
    _printf_lli                              0x00000000   Number         0  stubs.o ABSOLUTE
    _printf_llo                              0x00000000   Number         0  stubs.o ABSOLUTE
    _printf_llu                              0x00000000   Number         0  stubs.o ABSOLUTE
    _printf_llx                              0x00000000   Number         0  stubs.o ABSOLUTE
    _printf_longlong_dec                     0x00000000   Number         0  stubs.o ABSOLUTE
    _printf_longlong_hex                     0x00000000   Number         0  stubs.o ABSOLUTE
    _printf_longlong_oct                     0x00000000   Number         0  stubs.o ABSOLUTE
    _printf_ls                               0x00000000   Number         0  stubs.o ABSOLUTE
    _printf_mbtowc                           0x00000000   Number         0  stubs.o ABSOLUTE
    _printf_n                                0x00000000   Number         0  stubs.o ABSOLUTE
    _printf_o                                0x00000000   Number         0  stubs.o ABSOLUTE
    _printf_p                                0x00000000   Number         0  stubs.o ABSOLUTE
    _printf_percent                          0x00000000   Number         0  stubs.o ABSOLUTE
    _printf_pre_padding                      0x00000000   Number         0  stubs.o ABSOLUTE
    _printf_return_value                     0x00000000   Number         0  stubs.o ABSOLUTE
    _printf_s                                0x00000000   Number         0  stubs.o ABSOLUTE
    _printf_sizespec                         0x00000000   Number         0  stubs.o ABSOLUTE
    _printf_str                              0x00000000   Number         0  stubs.o ABSOLUTE
    _printf_truncate_signed                  0x00000000   Number         0  stubs.o ABSOLUTE
    _printf_truncate_unsigned                0x00000000   Number         0  stubs.o ABSOLUTE
    _printf_u                                0x00000000   Number         0  stubs.o ABSOLUTE
    _printf_wc                               0x00000000   Number         0  stubs.o ABSOLUTE
    _printf_wctomb                           0x00000000   Number         0  stubs.o ABSOLUTE
    _printf_widthprec                        0x00000000   Number         0  stubs.o ABSOLUTE
    _printf_x                                0x00000000   Number         0  stubs.o ABSOLUTE
    __cpp_initialize__aeabi_                  - Undefined Weak Reference
    __cxa_finalize                            - Undefined Weak Reference
    __decompress                              - Undefined Weak Reference
    _clock_init                               - Undefined Weak Reference
    _microlib_exit                            - Undefined Weak Reference
    __Vectors_Size                           0x00000194   Number         0  startup_stm32f401xc.o ABSOLUTE
    __Vectors                                0x08000000   Data           4  startup_stm32f401xc.o(RESET)
    __Vectors_End                            0x08000194   Data           0  startup_stm32f401xc.o(RESET)
    __main                                   0x08000195   Thumb Code     0  entry.o(.ARM.Collect$$$$00000000)
    _main_stk                                0x08000195   Thumb Code     0  entry2.o(.ARM.Collect$$$$00000001)
    _main_scatterload                        0x08000199   Thumb Code     0  entry5.o(.ARM.Collect$$$$00000004)
    __main_after_scatterload                 0x0800019d   Thumb Code     0  entry5.o(.ARM.Collect$$$$00000004)
    _main_clock                              0x0800019d   Thumb Code     0  entry7b.o(.ARM.Collect$$$$00000008)
    _main_cpp_init                           0x0800019d   Thumb Code     0  entry8b.o(.ARM.Collect$$$$0000000A)
    _main_init                               0x0800019d   Thumb Code     0  entry9a.o(.ARM.Collect$$$$0000000B)
    __rt_final_cpp                           0x080001a5   Thumb Code     0  entry10a.o(.ARM.Collect$$$$0000000D)
    __rt_final_exit                          0x080001a5   Thumb Code     0  entry11a.o(.ARM.Collect$$$$0000000F)
    Reset_Handler                            0x080001a9   Thumb Code     8  startup_stm32f401xc.o(.text)
    ADC_IRQHandler                           0x080001c3   Thumb Code     0  startup_stm32f401xc.o(.text)
    DMA1_Stream0_IRQHandler                  0x080001c3   Thumb Code     0  startup_stm32f401xc.o(.text)
    DMA1_Stream1_IRQHandler                  0x080001c3   Thumb Code     0  startup_stm32f401xc.o(.text)
    DMA1_Stream2_IRQHandler                  0x080001c3   Thumb Code     0  startup_stm32f401xc.o(.text)
    DMA1_Stream3_IRQHandler                  0x080001c3   Thumb Code     0  startup_stm32f401xc.o(.text)
    DMA1_Stream4_IRQHandler                  0x080001c3   Thumb Code     0  startup_stm32f401xc.o(.text)
    DMA1_Stream5_IRQHandler                  0x080001c3   Thumb Code     0  startup_stm32f401xc.o(.text)
    DMA1_Stream6_IRQHandler                  0x080001c3   Thumb Code     0  startup_stm32f401xc.o(.text)
    DMA1_Stream7_IRQHandler                  0x080001c3   Thumb Code     0  startup_stm32f401xc.o(.text)
    DMA2_Stream0_IRQHandler                  0x080001c3   Thumb Code     0  startup_stm32f401xc.o(.text)
    DMA2_Stream3_IRQHandler                  0x080001c3   Thumb Code     0  startup_stm32f401xc.o(.text)
    DMA2_Stream4_IRQHandler                  0x080001c3   Thumb Code     0  startup_stm32f401xc.o(.text)
    DMA2_Stream5_IRQHandler                  0x080001c3   Thumb Code     0  startup_stm32f401xc.o(.text)
    DMA2_Stream6_IRQHandler                  0x080001c3   Thumb Code     0  startup_stm32f401xc.o(.text)
    DMA2_Stream7_IRQHandler                  0x080001c3   Thumb Code     0  startup_stm32f401xc.o(.text)
    EXTI0_IRQHandler                         0x080001c3   Thumb Code     0  startup_stm32f401xc.o(.text)
    EXTI1_IRQHandler                         0x080001c3   Thumb Code     0  startup_stm32f401xc.o(.text)
    EXTI2_IRQHandler                         0x080001c3   Thumb Code     0  startup_stm32f401xc.o(.text)
    EXTI3_IRQHandler                         0x080001c3   Thumb Code     0  startup_stm32f401xc.o(.text)
    EXTI4_IRQHandler                         0x080001c3   Thumb Code     0  startup_stm32f401xc.o(.text)
    EXTI9_5_IRQHandler                       0x080001c3   Thumb Code     0  startup_stm32f401xc.o(.text)
    FLASH_IRQHandler                         0x080001c3   Thumb Code     0  startup_stm32f401xc.o(.text)
    FPU_IRQHandler                           0x080001c3   Thumb Code     0  startup_stm32f401xc.o(.text)
    I2C1_ER_IRQHandler                       0x080001c3   Thumb Code     0  startup_stm32f401xc.o(.text)
    I2C1_EV_IRQHandler                       0x080001c3   Thumb Code     0  startup_stm32f401xc.o(.text)
    I2C2_ER_IRQHandler                       0x080001c3   Thumb Code     0  startup_stm32f401xc.o(.text)
    I2C2_EV_IRQHandler                       0x080001c3   Thumb Code     0  startup_stm32f401xc.o(.text)
    I2C3_ER_IRQHandler                       0x080001c3   Thumb Code     0  startup_stm32f401xc.o(.text)
    I2C3_EV_IRQHandler                       0x080001c3   Thumb Code     0  startup_stm32f401xc.o(.text)
    OTG_FS_IRQHandler                        0x080001c3   Thumb Code     0  startup_stm32f401xc.o(.text)
    OTG_FS_WKUP_IRQHandler                   0x080001c3   Thumb Code     0  startup_stm32f401xc.o(.text)
    PVD_IRQHandler                           0x080001c3   Thumb Code     0  startup_stm32f401xc.o(.text)
    RCC_IRQHandler                           0x080001c3   Thumb Code     0  startup_stm32f401xc.o(.text)
    RTC_Alarm_IRQHandler                     0x080001c3   Thumb Code     0  startup_stm32f401xc.o(.text)
    RTC_WKUP_IRQHandler                      0x080001c3   Thumb Code     0  startup_stm32f401xc.o(.text)
    SDIO_IRQHandler                          0x080001c3   Thumb Code     0  startup_stm32f401xc.o(.text)
    SPI1_IRQHandler                          0x080001c3   Thumb Code     0  startup_stm32f401xc.o(.text)
    SPI2_IRQHandler                          0x080001c3   Thumb Code     0  startup_stm32f401xc.o(.text)
    SPI3_IRQHandler                          0x080001c3   Thumb Code     0  startup_stm32f401xc.o(.text)
    SPI4_IRQHandler                          0x080001c3   Thumb Code     0  startup_stm32f401xc.o(.text)
    TAMP_STAMP_IRQHandler                    0x080001c3   Thumb Code     0  startup_stm32f401xc.o(.text)
    TIM1_BRK_TIM9_IRQHandler                 0x080001c3   Thumb Code     0  startup_stm32f401xc.o(.text)
    TIM1_CC_IRQHandler                       0x080001c3   Thumb Code     0  startup_stm32f401xc.o(.text)
    TIM1_TRG_COM_TIM11_IRQHandler            0x080001c3   Thumb Code     0  startup_stm32f401xc.o(.text)
    TIM1_UP_TIM10_IRQHandler                 0x080001c3   Thumb Code     0  startup_stm32f401xc.o(.text)
    TIM2_IRQHandler                          0x080001c3   Thumb Code     0  startup_stm32f401xc.o(.text)
    TIM3_IRQHandler                          0x080001c3   Thumb Code     0  startup_stm32f401xc.o(.text)
    TIM4_IRQHandler                          0x080001c3   Thumb Code     0  startup_stm32f401xc.o(.text)
    TIM5_IRQHandler                          0x080001c3   Thumb Code     0  startup_stm32f401xc.o(.text)
    USART1_IRQHandler                        0x080001c3   Thumb Code     0  startup_stm32f401xc.o(.text)
    USART2_IRQHandler                        0x080001c3   Thumb Code     0  startup_stm32f401xc.o(.text)
    USART6_IRQHandler                        0x080001c3   Thumb Code     0  startup_stm32f401xc.o(.text)
    WWDG_IRQHandler                          0x080001c3   Thumb Code     0  startup_stm32f401xc.o(.text)
    __aeabi_uldivmod                         0x080001cd   Thumb Code    98  uldiv.o(.text)
    __aeabi_memset                           0x0800022f   Thumb Code    14  memseta.o(.text)
    __aeabi_memset4                          0x0800022f   Thumb Code     0  memseta.o(.text)
    __aeabi_memset8                          0x0800022f   Thumb Code     0  memseta.o(.text)
    __aeabi_memclr                           0x0800023d   Thumb Code     4  memseta.o(.text)
    __aeabi_memclr4                          0x0800023d   Thumb Code     0  memseta.o(.text)
    __aeabi_memclr8                          0x0800023d   Thumb Code     0  memseta.o(.text)
    _memset$wrapper                          0x08000241   Thumb Code    18  memseta.o(.text)
    strcat                                   0x08000253   Thumb Code    24  strcat.o(.text)
    strlen                                   0x0800026b   Thumb Code    14  strlen.o(.text)
    __aeabi_dadd                             0x08000279   Thumb Code   322  dadd.o(.text)
    __aeabi_dsub                             0x080003bb   Thumb Code     6  dadd.o(.text)
    __aeabi_drsub                            0x080003c1   Thumb Code     6  dadd.o(.text)
    __aeabi_dmul                             0x080003c7   Thumb Code   228  dmul.o(.text)
    __aeabi_uidiv                            0x080004ab   Thumb Code     0  uidiv.o(.text)
    __aeabi_uidivmod                         0x080004ab   Thumb Code    44  uidiv.o(.text)
    __aeabi_llsl                             0x080004d7   Thumb Code    30  llshl.o(.text)
    _ll_shift_l                              0x080004d7   Thumb Code     0  llshl.o(.text)
    __aeabi_llsr                             0x080004f5   Thumb Code    32  llushr.o(.text)
    _ll_ushift_r                             0x080004f5   Thumb Code     0  llushr.o(.text)
    __aeabi_lasr                             0x08000515   Thumb Code    36  llsshr.o(.text)
    _ll_sshift_r                             0x08000515   Thumb Code     0  llsshr.o(.text)
    __I$use$fp                               0x08000539   Thumb Code     0  iusefp.o(.text)
    _double_round                            0x08000539   Thumb Code    30  depilogue.o(.text)
    _double_epilogue                         0x08000557   Thumb Code   156  depilogue.o(.text)
    __aeabi_ddiv                             0x080005f3   Thumb Code   222  ddiv.o(.text)
    __aeabi_d2ulz                            0x080006d1   Thumb Code    48  dfixul.o(.text)
    __aeabi_cdrcmple                         0x08000701   Thumb Code    48  cdrcmple.o(.text)
    __scatterload                            0x08000731   Thumb Code    28  init.o(.text)
    __scatterload_rt2                        0x08000731   Thumb Code     0  init.o(.text)
    Blynk                                    0x08000755   Thumb Code    36  lte.o(i.Blynk)
    BusFault_Handler                         0x0800077d   Thumb Code     4  stm32f4xx_it.o(i.BusFault_Handler)
    Check_Baud_LTE                           0x08000781   Thumb Code    54  lte.o(i.Check_Baud_LTE)
    Check_CPIN_LTE                           0x080007dd   Thumb Code    54  lte.o(i.Check_CPIN_LTE)
    Check_Detect_Sim                         0x08000839   Thumb Code    84  lte.o(i.Check_Detect_Sim)
    Check_MQTT                               0x080008c1   Thumb Code    24  soft_uart.o(i.Check_MQTT)
    Check_New_Msg                            0x080008ed   Thumb Code    36  soft_uart.o(i.Check_New_Msg)
    Compare_Str                              0x0800091d   Thumb Code    34  soft_uart.o(i.Compare_Str)
    Confirm_OK                               0x08000941   Thumb Code    24  soft_uart.o(i.Confirm_OK)
    Convert_U8_To_Str                        0x08000961   Thumb Code    38  main.o(i.Convert_U8_To_Str)
    DMA2_Stream1_IRQHandler                  0x0800098d   Thumb Code  1998  stm32f4xx_hal_uart_emul.o(i.DMA2_Stream1_IRQHandler)
    DMA2_Stream2_IRQHandler                  0x08001169   Thumb Code  2048  stm32f4xx_hal_uart_emul.o(i.DMA2_Stream2_IRQHandler)
    DebugMon_Handler                         0x08001a4f   Thumb Code     2  stm32f4xx_it.o(i.DebugMon_Handler)
    Delete_Memory_SMS                        0x08001a51   Thumb Code    58  lte.o(i.Delete_Memory_SMS)
    EXTI15_10_IRQHandler                     0x08001ab5   Thumb Code    12  stm32f4xx_it.o(i.EXTI15_10_IRQHandler)
    Enable_LTE                               0x08001ac1   Thumb Code    16  lte.o(i.Enable_LTE)
    Enable_SIM                               0x08001ad5   Thumb Code    38  lte.o(i.Enable_SIM)
    Error_Handler                            0x08001b15   Thumb Code    12  main.o(i.Error_Handler)
    Get_Data_Msg                             0x08001b21   Thumb Code   130  soft_uart.o(i.Get_Data_Msg)
    Get_ID_Msg                               0x08001bd9   Thumb Code    74  soft_uart.o(i.Get_ID_Msg)
    Get_Paragraph                            0x08001c23   Thumb Code    30  soft_uart.o(i.Get_Paragraph)
    HAL_DMA_Init                             0x08001c41   Thumb Code   232  stm32f4xx_hal_dma.o(i.HAL_DMA_Init)
    HAL_Delay                                0x08001d2d   Thumb Code    36  stm32f4xx_hal.o(i.HAL_Delay)
    HAL_GPIO_EXTI_Callback                   0x08001d55   Thumb Code   108  stm32f4xx_hal_uart_emul.o(i.HAL_GPIO_EXTI_Callback)
    HAL_GPIO_EXTI_IRQHandler                 0x08001dd1   Thumb Code    24  stm32f4xx_hal_gpio.o(i.HAL_GPIO_EXTI_IRQHandler)
    HAL_GPIO_Init                            0x08001ded   Thumb Code   440  stm32f4xx_hal_gpio.o(i.HAL_GPIO_Init)
    HAL_GPIO_TogglePin                       0x08001fc5   Thumb Code    20  stm32f4xx_hal_gpio.o(i.HAL_GPIO_TogglePin)
    HAL_GPIO_WritePin                        0x08001fd9   Thumb Code    12  stm32f4xx_hal_gpio.o(i.HAL_GPIO_WritePin)
    HAL_GetTick                              0x08001fe5   Thumb Code     6  stm32f4xx_hal.o(i.HAL_GetTick)
    HAL_IncTick                              0x08001ff1   Thumb Code    16  stm32f4xx_hal.o(i.HAL_IncTick)
    HAL_Init                                 0x08002009   Thumb Code    54  stm32f4xx_hal.o(i.HAL_Init)
    HAL_InitTick                             0x08002045   Thumb Code    64  stm32f4xx_hal.o(i.HAL_InitTick)
    HAL_MspInit                              0x08002091   Thumb Code    68  stm32f4xx_hal_msp.o(i.HAL_MspInit)
    HAL_NVIC_EnableIRQ                       0x080020d9   Thumb Code    32  stm32f4xx_hal_cortex.o(i.HAL_NVIC_EnableIRQ)
    HAL_NVIC_SetPriority                     0x080020f9   Thumb Code   124  stm32f4xx_hal_cortex.o(i.HAL_NVIC_SetPriority)
    HAL_NVIC_SetPriorityGrouping             0x08002175   Thumb Code    32  stm32f4xx_hal_cortex.o(i.HAL_NVIC_SetPriorityGrouping)
    HAL_RCC_ClockConfig                      0x0800219d   Thumb Code   368  stm32f4xx_hal_rcc.o(i.HAL_RCC_ClockConfig)
    HAL_RCC_GetHCLKFreq                      0x08002321   Thumb Code     6  stm32f4xx_hal_rcc.o(i.HAL_RCC_GetHCLKFreq)
    HAL_RCC_GetPCLK1Freq                     0x0800232d   Thumb Code    22  stm32f4xx_hal_rcc.o(i.HAL_RCC_GetPCLK1Freq)
    HAL_RCC_GetPCLK2Freq                     0x0800234d   Thumb Code    22  stm32f4xx_hal_rcc.o(i.HAL_RCC_GetPCLK2Freq)
    HAL_RCC_GetSysClockFreq                  0x0800236d   Thumb Code   162  stm32f4xx_hal_rcc.o(i.HAL_RCC_GetSysClockFreq)
    HAL_RCC_OscConfig                        0x0800241d   Thumb Code  1172  stm32f4xx_hal_rcc.o(i.HAL_RCC_OscConfig)
    HAL_SPI_Init                             0x080028b9   Thumb Code   200  stm32f4xx_hal_spi.o(i.HAL_SPI_Init)
    HAL_SPI_MspInit                          0x08002981   Thumb Code   124  stm32f4xx_hal_msp.o(i.HAL_SPI_MspInit)
    HAL_SPI_Receive                          0x08002a09   Thumb Code   368  stm32f4xx_hal_spi.o(i.HAL_SPI_Receive)
    HAL_SPI_Transmit                         0x08002b79   Thumb Code   430  stm32f4xx_hal_spi.o(i.HAL_SPI_Transmit)
    HAL_SPI_TransmitReceive                  0x08002d27   Thumb Code   554  stm32f4xx_hal_spi.o(i.HAL_SPI_TransmitReceive)
    HAL_SYSTICK_Config                       0x08002f51   Thumb Code    52  stm32f4xx_hal_cortex.o(i.HAL_SYSTICK_Config)
    HAL_TIMEx_MasterConfigSynchronization    0x08002f85   Thumb Code   134  stm32f4xx_hal_tim_ex.o(i.HAL_TIMEx_MasterConfigSynchronization)
    HAL_TIM_Base_Init                        0x08003021   Thumb Code   102  stm32f4xx_hal_tim.o(i.HAL_TIM_Base_Init)
    HAL_TIM_Base_MspInit                     0x08003089   Thumb Code    44  stm32f4xx_hal_msp.o(i.HAL_TIM_Base_MspInit)
    HAL_TIM_ConfigClockSource                0x080030bd   Thumb Code   264  stm32f4xx_hal_tim.o(i.HAL_TIM_ConfigClockSource)
    HAL_UART_Emul_ErrorCallback              0x080031c5   Thumb Code     2  stm32f4xx_hal_uart_emul.o(i.HAL_UART_Emul_ErrorCallback)
    HAL_UART_Emul_Init                       0x080031c9   Thumb Code    54  stm32f4xx_hal_uart_emul.o(i.HAL_UART_Emul_Init)
    HAL_UART_Emul_MspInit                    0x08003205   Thumb Code   214  stm32f4xx_hal_msp.o(i.HAL_UART_Emul_MspInit)
    HAL_UART_Emul_Receive_DMA                0x080032ed   Thumb Code   104  stm32f4xx_hal_uart_emul.o(i.HAL_UART_Emul_Receive_DMA)
    HAL_UART_Emul_RxCpltCallback             0x08003365   Thumb Code    24  soft_uart.o(i.HAL_UART_Emul_RxCpltCallback)
    HAL_UART_Emul_Transmit_DMA               0x08003389   Thumb Code   150  stm32f4xx_hal_uart_emul.o(i.HAL_UART_Emul_Transmit_DMA)
    HAL_UART_Emul_TxCpltCallback             0x08003439   Thumb Code     2  stm32f4xx_hal_uart_emul.o(i.HAL_UART_Emul_TxCpltCallback)
    HAL_UART_Init                            0x0800343b   Thumb Code   114  stm32f4xx_hal_uart.o(i.HAL_UART_Init)
    HAL_UART_MspInit                         0x080034ad   Thumb Code   124  stm32f4xx_hal_msp.o(i.HAL_UART_MspInit)
    HAL_UART_Transmit                        0x08003535   Thumb Code   210  stm32f4xx_hal_uart.o(i.HAL_UART_Transmit)
    HardFault_Handler                        0x08003607   Thumb Code     4  stm32f4xx_it.o(i.HardFault_Handler)
    Log_Info                                 0x0800360d   Thumb Code    40  stm32f4xx_hal_uart_emul.o(i.Log_Info)
    MQTT_Check_Connect                       0x08003649   Thumb Code    98  lte.o(i.MQTT_Check_Connect)
    MQTT_Connect                             0x080036f1   Thumb Code   180  lte.o(i.MQTT_Connect)
    MQTT_Open                                0x080037f9   Thumb Code   160  lte.o(i.MQTT_Open)
    MQTT_Open_Connect                        0x080038e9   Thumb Code   108  main.o(i.MQTT_Open_Connect)
    MQTT_Publish                             0x08003991   Thumb Code   192  lte.o(i.MQTT_Publish)
    MQTT_Recv_Mode                           0x08003a99   Thumb Code    78  lte.o(i.MQTT_Recv_Mode)
    MQTT_SSL_Certificate                     0x08003b25   Thumb Code   162  lte.o(i.MQTT_SSL_Certificate)
    MQTT_SSL_Ciphersuite                     0x08003c59   Thumb Code    74  lte.o(i.MQTT_SSL_Ciphersuite)
    MQTT_SSL_Ignore                          0x08003ce1   Thumb Code    74  lte.o(i.MQTT_SSL_Ignore)
    MQTT_SSL_Level                           0x08003d6d   Thumb Code    74  lte.o(i.MQTT_SSL_Level)
    MQTT_SSL_Mode                            0x08003df1   Thumb Code    78  lte.o(i.MQTT_SSL_Mode)
    MQTT_SSL_Version                         0x08003e79   Thumb Code    74  lte.o(i.MQTT_SSL_Version)
    MQTT_Session                             0x08003f01   Thumb Code    74  lte.o(i.MQTT_Session)
    MemManage_Handler                        0x08004145   Thumb Code     4  stm32f4xx_it.o(i.MemManage_Handler)
    NMI_Handler                              0x08004149   Thumb Code     4  stm32f4xx_it.o(i.NMI_Handler)
    PendSV_Handler                           0x0800414d   Thumb Code     2  stm32f4xx_it.o(i.PendSV_Handler)
    Recv_Data                                0x08004151   Thumb Code    64  soft_uart.o(i.Recv_Data)
    Recv_Data_Continue                       0x08004199   Thumb Code    88  soft_uart.o(i.Recv_Data_Continue)
    Recv_Response                            0x08004209   Thumb Code   118  soft_uart.o(i.Recv_Response)
    Recv_Response_Continue                   0x08004295   Thumb Code   118  soft_uart.o(i.Recv_Response_Continue)
    SVC_Handler                              0x080044f9   Thumb Code     2  stm32f4xx_it.o(i.SVC_Handler)
    Select_ME_Memory                         0x080044fd   Thumb Code    58  lte.o(i.Select_ME_Memory)
    Select_Text_Mode                         0x08004565   Thumb Code    58  lte.o(i.Select_Text_Mode)
    Set_Baud_LTE_4800                        0x080045c5   Thumb Code    54  lte.o(i.Set_Baud_LTE_4800)
    SysTick_Handler                          0x08004625   Thumb Code     8  stm32f4xx_it.o(i.SysTick_Handler)
    SystemClock_Config                       0x0800462d   Thumb Code   176  main.o(i.SystemClock_Config)
    SystemInit                               0x080046e5   Thumb Code    14  system_stm32f4xx.o(i.SystemInit)
    TIM_Base_SetConfig                       0x080046f9   Thumb Code   134  stm32f4xx_hal_tim.o(i.TIM_Base_SetConfig)
    TIM_CCxChannelCmd                        0x0800479d   Thumb Code    34  stm32f4xx_hal_tim.o(i.TIM_CCxChannelCmd)
    TIM_ETR_SetConfig                        0x080047bf   Thumb Code    22  stm32f4xx_hal_tim.o(i.TIM_ETR_SetConfig)
    Trans_Data                               0x08004835   Thumb Code    66  soft_uart.o(i.Trans_Data)
    Trans_Data_115200                        0x08004889   Thumb Code    66  soft_uart.o(i.Trans_Data_115200)
    UartEmul_Init                            0x08005229   Thumb Code    44  soft_uart.o(i.UartEmul_Init)
    UartEmul_Init_115200                     0x08005255   Thumb Code    44  soft_uart.o(i.UartEmul_Init_115200)
    UsageFault_Handler                       0x08005281   Thumb Code     4  stm32f4xx_it.o(i.UsageFault_Handler)
    W25Q16_Enable_Write                      0x08005285   Thumb Code    38  w25q16.o(i.W25Q16_Enable_Write)
    W25Q16_Erase_Chip                        0x080052b1   Thumb Code    76  w25q16.o(i.W25Q16_Erase_Chip)
    W25Q16_Erase_Sector                      0x0800531d   Thumb Code   114  w25q16.o(i.W25Q16_Erase_Sector)
    W25Q16_Init                              0x080053b1   Thumb Code   208  w25q16.o(i.W25Q16_Init)
    W25Q16_ReadSomeBytes                     0x080054f9   Thumb Code   106  w25q16.o(i.W25Q16_ReadSomeBytes)
    W25Q16_Read_StatusReg                    0x08005571   Thumb Code   104  w25q16.o(i.W25Q16_Read_StatusReg)
    W25Q16_Read_UniqID                       0x080055e1   Thumb Code    72  w25q16.o(i.W25Q16_Read_UniqID)
    W25Q16_Trans_Recv                        0x08005631   Thumb Code    30  w25q16.o(i.W25Q16_Trans_Recv)
    W25Q16_Wait_EndBusy                      0x08005655   Thumb Code    68  w25q16.o(i.W25Q16_Wait_EndBusy)
    W25Q16_WritePage                         0x080056a1   Thumb Code   146  w25q16.o(i.W25Q16_WritePage)
    Write_Read_Pub                           0x08005755   Thumb Code   628  main.o(i.Write_Read_Pub)
    __0sprintf                               0x08005a4d   Thumb Code    34  printfa.o(i.__0sprintf)
    __1sprintf                               0x08005a4d   Thumb Code     0  printfa.o(i.__0sprintf)
    __2sprintf                               0x08005a4d   Thumb Code     0  printfa.o(i.__0sprintf)
    __c89sprintf                             0x08005a4d   Thumb Code     0  printfa.o(i.__0sprintf)
    sprintf                                  0x08005a4d   Thumb Code     0  printfa.o(i.__0sprintf)
    __scatterload_copy                       0x08005aad   Thumb Code    14  handlers.o(i.__scatterload_copy)
    __scatterload_null                       0x08005abb   Thumb Code     2  handlers.o(i.__scatterload_null)
    __scatterload_zeroinit                   0x08005abd   Thumb Code    14  handlers.o(i.__scatterload_zeroinit)
    main                                     0x08006389   Thumb Code   522  main.o(i.main)
    AHBPrescTable                            0x08006668   Data          16  system_stm32f4xx.o(.constdata)
    APBPrescTable                            0x08006678   Data           8  system_stm32f4xx.o(.constdata)
    Region$$Table$$Base                      0x08007538   Number         0  anon$$obj.o(Region$$Table)
    Region$$Table$$Limit                     0x08007558   Number         0  anon$$obj.o(Region$$Table)
    g_flag                                   0x20000008   Data           1  main.o(.data)
    g_recv_byte                              0x20000009   Data           1  main.o(.data)
    g_count                                  0x2000000a   Data           1  main.o(.data)
    g_count_temp                             0x2000000b   Data           1  main.o(.data)
    g_isDone                                 0x2000000c   Data           1  main.o(.data)
    g_check_end                              0x2000000d   Data           1  main.o(.data)
    g_id_msg                                 0x2000000e   Data           1  main.o(.data)
    g_size_sms                               0x2000000f   Data           1  main.o(.data)
    g_size_IP                                0x20000010   Data           1  main.o(.data)
    g_mqtt_isOn                              0x20000011   Data           1  main.o(.data)
    g_timeNow                                0x20000014   Data           4  main.o(.data)
    CA                                       0x20000018   Data           4  main.o(.data)
    CK                                       0x2000001c   Data           4  main.o(.data)
    CC                                       0x20000020   Data           4  main.o(.data)
    g_data_write                             0x20000024   Data           1  main.o(.data)
    g_data_read                              0x20000025   Data           1  main.o(.data)
    g_long                                   0x20000028   Data           8  main.o(.data)
    g_lat                                    0x20000030   Data           8  main.o(.data)
    g_day                                    0x20000038   Data           1  main.o(.data)
    g_month                                  0x20000039   Data           1  main.o(.data)
    g_hour                                   0x2000003a   Data           1  main.o(.data)
    g_minute                                 0x2000003b   Data           1  main.o(.data)
    g_second                                 0x2000003c   Data           1  main.o(.data)
    g_year                                   0x2000003d   Data           1  main.o(.data)
    g_pFloat                                 0x20000040   Data           4  main.o(.data)
    g_buff_send_year                         0x20000044   Data           2  main.o(.data)
    g_buff_send_date                         0x20000046   Data           2  main.o(.data)
    g_buff_send_time                         0x20000048   Data           2  main.o(.data)
    uwTick                                   0x2000004c   Data           4  stm32f4xx_hal.o(.data)
    uwTickPrio                               0x20000050   Data           4  stm32f4xx_hal.o(.data)
    uwTickFreq                               0x20000054   Data           1  stm32f4xx_hal.o(.data)
    SystemCoreClock                          0x20000058   Data           4  system_stm32f4xx.o(.data)
    log_buff                                 0x2000005c   Data          20  stm32f4xx_hal_uart_emul.o(.bss)
    myDevice                                 0x20000238   Data          28  w25q16.o(.bss)
    hspi2                                    0x20000258   Data          88  main.o(.bss)
    htim1                                    0x200002b0   Data          72  main.o(.bss)
    huart1                                   0x200002f8   Data          68  main.o(.bss)
    UartEmulHandle                           0x2000033c   Data          48  main.o(.bss)
    g_buffer_log                             0x2000036c   Data          30  main.o(.bss)
    g_recv_buff                              0x2000038a   Data         256  main.o(.bss)
    g_buff_temp                              0x2000048a   Data         256  main.o(.bss)
    g_write_buffer                           0x2000058a   Data         256  main.o(.bss)
    g_read_buffer                            0x2000068a   Data         256  main.o(.bss)
    g_gps_data                               0x20000790   Data          24  main.o(.bss)
    g_buff_send                              0x200007a8   Data          60  main.o(.bss)
    g_buff_send_long_lat                     0x200007e4   Data          20  main.o(.bss)
    __initial_sp                             0x20000bf8   Data           0  startup_stm32f401xc.o(STACK)



==============================================================================

Memory Map of the image

  Image Entry point : 0x08000195

  Load Region LR_IROM1 (Base: 0x08000000, Size: 0x000075b4, Max: 0x00040000, ABSOLUTE)

    Execution Region ER_IROM1 (Exec base: 0x08000000, Load base: 0x08000000, Size: 0x00007558, Max: 0x00040000, ABSOLUTE)

    Exec Addr    Load Addr    Size         Type   Attr      Idx    E Section Name        Object

    0x08000000   0x08000000   0x00000194   Data   RO            3    RESET               startup_stm32f401xc.o
    0x08000194   0x08000194   0x00000000   Code   RO         4039  * .ARM.Collect$$$$00000000  mc_w.l(entry.o)
    0x08000194   0x08000194   0x00000004   Code   RO         4358    .ARM.Collect$$$$00000001  mc_w.l(entry2.o)
    0x08000198   0x08000198   0x00000004   Code   RO         4361    .ARM.Collect$$$$00000004  mc_w.l(entry5.o)
    0x0800019c   0x0800019c   0x00000000   Code   RO         4363    .ARM.Collect$$$$00000008  mc_w.l(entry7b.o)
    0x0800019c   0x0800019c   0x00000000   Code   RO         4365    .ARM.Collect$$$$0000000A  mc_w.l(entry8b.o)
    0x0800019c   0x0800019c   0x00000008   Code   RO         4366    .ARM.Collect$$$$0000000B  mc_w.l(entry9a.o)
    0x080001a4   0x080001a4   0x00000000   Code   RO         4368    .ARM.Collect$$$$0000000D  mc_w.l(entry10a.o)
    0x080001a4   0x080001a4   0x00000000   Code   RO         4370    .ARM.Collect$$$$0000000F  mc_w.l(entry11a.o)
    0x080001a4   0x080001a4   0x00000004   Code   RO         4359    .ARM.Collect$$$$00002712  mc_w.l(entry2.o)
    0x080001a8   0x080001a8   0x00000024   Code   RO            4    .text               startup_stm32f401xc.o
    0x080001cc   0x080001cc   0x00000062   Code   RO         4042    .text               mc_w.l(uldiv.o)
    0x0800022e   0x0800022e   0x00000024   Code   RO         4044    .text               mc_w.l(memseta.o)
    0x08000252   0x08000252   0x00000018   Code   RO         4046    .text               mc_w.l(strcat.o)
    0x0800026a   0x0800026a   0x0000000e   Code   RO         4048    .text               mc_w.l(strlen.o)
    0x08000278   0x08000278   0x0000014e   Code   RO         4313    .text               mf_w.l(dadd.o)
    0x080003c6   0x080003c6   0x000000e4   Code   RO         4315    .text               mf_w.l(dmul.o)
    0x080004aa   0x080004aa   0x0000002c   Code   RO         4373    .text               mc_w.l(uidiv.o)
    0x080004d6   0x080004d6   0x0000001e   Code   RO         4375    .text               mc_w.l(llshl.o)
    0x080004f4   0x080004f4   0x00000020   Code   RO         4377    .text               mc_w.l(llushr.o)
    0x08000514   0x08000514   0x00000024   Code   RO         4379    .text               mc_w.l(llsshr.o)
    0x08000538   0x08000538   0x00000000   Code   RO         4390    .text               mc_w.l(iusefp.o)
    0x08000538   0x08000538   0x000000ba   Code   RO         4391    .text               mf_w.l(depilogue.o)
    0x080005f2   0x080005f2   0x000000de   Code   RO         4393    .text               mf_w.l(ddiv.o)
    0x080006d0   0x080006d0   0x00000030   Code   RO         4401    .text               mf_w.l(dfixul.o)
    0x08000700   0x08000700   0x00000030   Code   RO         4403    .text               mf_w.l(cdrcmple.o)
    0x08000730   0x08000730   0x00000024   Code   RO         4405    .text               mc_w.l(init.o)
    0x08000754   0x08000754   0x00000028   Code   RO          410    i.Blynk             lte.o
    0x0800077c   0x0800077c   0x00000004   Code   RO          924    i.BusFault_Handler  stm32f4xx_it.o
    0x08000780   0x08000780   0x0000005c   Code   RO          411    i.Check_Baud_LTE    lte.o
    0x080007dc   0x080007dc   0x0000005c   Code   RO          412    i.Check_CPIN_LTE    lte.o
    0x08000838   0x08000838   0x00000088   Code   RO          413    i.Check_Detect_Sim  lte.o
    0x080008c0   0x080008c0   0x0000002c   Code   RO          292    i.Check_MQTT        soft_uart.o
    0x080008ec   0x080008ec   0x00000030   Code   RO          293    i.Check_New_Msg     soft_uart.o
    0x0800091c   0x0800091c   0x00000022   Code   RO          294    i.Compare_Str       soft_uart.o
    0x0800093e   0x0800093e   0x00000002   PAD
    0x08000940   0x08000940   0x00000020   Code   RO          295    i.Confirm_OK        soft_uart.o
    0x08000960   0x08000960   0x0000002c   Code   RO          836    i.Convert_U8_To_Str  main.o
    0x0800098c   0x0800098c   0x000007dc   Code   RO           13    i.DMA2_Stream1_IRQHandler  stm32f4xx_hal_uart_emul.o
    0x08001168   0x08001168   0x00000808   Code   RO           14    i.DMA2_Stream2_IRQHandler  stm32f4xx_hal_uart_emul.o
    0x08001970   0x08001970   0x00000034   Code   RO         1938    i.DMA_CalcBaseAndBitshift  stm32f4xx_hal_dma.o
    0x080019a4   0x080019a4   0x000000aa   Code   RO         1939    i.DMA_CheckFifoParam  stm32f4xx_hal_dma.o
    0x08001a4e   0x08001a4e   0x00000002   Code   RO          925    i.DebugMon_Handler  stm32f4xx_it.o
    0x08001a50   0x08001a50   0x00000064   Code   RO          414    i.Delete_Memory_SMS  lte.o
    0x08001ab4   0x08001ab4   0x0000000c   Code   RO          926    i.EXTI15_10_IRQHandler  stm32f4xx_it.o
    0x08001ac0   0x08001ac0   0x00000014   Code   RO          416    i.Enable_LTE        lte.o
    0x08001ad4   0x08001ad4   0x00000040   Code   RO          417    i.Enable_SIM        lte.o
    0x08001b14   0x08001b14   0x0000000c   Code   RO          837    i.Error_Handler     main.o
    0x08001b20   0x08001b20   0x000000b8   Code   RO          296    i.Get_Data_Msg      soft_uart.o
    0x08001bd8   0x08001bd8   0x0000004a   Code   RO          297    i.Get_ID_Msg        soft_uart.o
    0x08001c22   0x08001c22   0x0000001e   Code   RO          298    i.Get_Paragraph     soft_uart.o
    0x08001c40   0x08001c40   0x000000ec   Code   RO         1947    i.HAL_DMA_Init      stm32f4xx_hal_dma.o
    0x08001d2c   0x08001d2c   0x00000028   Code   RO         2389    i.HAL_Delay         stm32f4xx_hal.o
    0x08001d54   0x08001d54   0x0000007c   Code   RO           15    i.HAL_GPIO_EXTI_Callback  stm32f4xx_hal_uart_emul.o
    0x08001dd0   0x08001dd0   0x0000001c   Code   RO         1833    i.HAL_GPIO_EXTI_IRQHandler  stm32f4xx_hal_gpio.o
    0x08001dec   0x08001dec   0x000001d8   Code   RO         1834    i.HAL_GPIO_Init     stm32f4xx_hal_gpio.o
    0x08001fc4   0x08001fc4   0x00000014   Code   RO         1837    i.HAL_GPIO_TogglePin  stm32f4xx_hal_gpio.o
    0x08001fd8   0x08001fd8   0x0000000c   Code   RO         1838    i.HAL_GPIO_WritePin  stm32f4xx_hal_gpio.o
    0x08001fe4   0x08001fe4   0x0000000c   Code   RO         2395    i.HAL_GetTick       stm32f4xx_hal.o
    0x08001ff0   0x08001ff0   0x00000018   Code   RO         2401    i.HAL_IncTick       stm32f4xx_hal.o
    0x08002008   0x08002008   0x0000003c   Code   RO         2402    i.HAL_Init          stm32f4xx_hal.o
    0x08002044   0x08002044   0x0000004c   Code   RO         2403    i.HAL_InitTick      stm32f4xx_hal.o
    0x08002090   0x08002090   0x00000048   Code   RO         1005    i.HAL_MspInit       stm32f4xx_hal_msp.o
    0x080020d8   0x080020d8   0x00000020   Code   RO         2247    i.HAL_NVIC_EnableIRQ  stm32f4xx_hal_cortex.o
    0x080020f8   0x080020f8   0x0000007c   Code   RO         2253    i.HAL_NVIC_SetPriority  stm32f4xx_hal_cortex.o
    0x08002174   0x08002174   0x00000028   Code   RO         2254    i.HAL_NVIC_SetPriorityGrouping  stm32f4xx_hal_cortex.o
    0x0800219c   0x0800219c   0x00000184   Code   RO         1401    i.HAL_RCC_ClockConfig  stm32f4xx_hal_rcc.o
    0x08002320   0x08002320   0x0000000c   Code   RO         1406    i.HAL_RCC_GetHCLKFreq  stm32f4xx_hal_rcc.o
    0x0800232c   0x0800232c   0x00000020   Code   RO         1408    i.HAL_RCC_GetPCLK1Freq  stm32f4xx_hal_rcc.o
    0x0800234c   0x0800234c   0x00000020   Code   RO         1409    i.HAL_RCC_GetPCLK2Freq  stm32f4xx_hal_rcc.o
    0x0800236c   0x0800236c   0x000000b0   Code   RO         1410    i.HAL_RCC_GetSysClockFreq  stm32f4xx_hal_rcc.o
    0x0800241c   0x0800241c   0x0000049c   Code   RO         1413    i.HAL_RCC_OscConfig  stm32f4xx_hal_rcc.o
    0x080028b8   0x080028b8   0x000000c8   Code   RO         1089    i.HAL_SPI_Init      stm32f4xx_hal_spi.o
    0x08002980   0x08002980   0x00000088   Code   RO         1007    i.HAL_SPI_MspInit   stm32f4xx_hal_msp.o
    0x08002a08   0x08002a08   0x00000170   Code   RO         1092    i.HAL_SPI_Receive   stm32f4xx_hal_spi.o
    0x08002b78   0x08002b78   0x000001ae   Code   RO         1097    i.HAL_SPI_Transmit  stm32f4xx_hal_spi.o
    0x08002d26   0x08002d26   0x0000022a   Code   RO         1098    i.HAL_SPI_TransmitReceive  stm32f4xx_hal_spi.o
    0x08002f50   0x08002f50   0x00000034   Code   RO         2258    i.HAL_SYSTICK_Config  stm32f4xx_hal_cortex.o
    0x08002f84   0x08002f84   0x0000009c   Code   RO         3376    i.HAL_TIMEx_MasterConfigSynchronization  stm32f4xx_hal_tim_ex.o
    0x08003020   0x08003020   0x00000066   Code   RO         2642    i.HAL_TIM_Base_Init  stm32f4xx_hal_tim.o
    0x08003086   0x08003086   0x00000002   PAD
    0x08003088   0x08003088   0x00000034   Code   RO         1009    i.HAL_TIM_Base_MspInit  stm32f4xx_hal_msp.o
    0x080030bc   0x080030bc   0x00000108   Code   RO         2651    i.HAL_TIM_ConfigClockSource  stm32f4xx_hal_tim.o
    0x080031c4   0x080031c4   0x00000002   Code   RO           17    i.HAL_UART_Emul_ErrorCallback  stm32f4xx_hal_uart_emul.o
    0x080031c6   0x080031c6   0x00000002   PAD
    0x080031c8   0x080031c8   0x0000003c   Code   RO           21    i.HAL_UART_Emul_Init  stm32f4xx_hal_uart_emul.o
    0x08003204   0x08003204   0x000000e8   Code   RO         1011    i.HAL_UART_Emul_MspInit  stm32f4xx_hal_msp.o
    0x080032ec   0x080032ec   0x00000078   Code   RO           24    i.HAL_UART_Emul_Receive_DMA  stm32f4xx_hal_uart_emul.o
    0x08003364   0x08003364   0x00000024   Code   RO          299    i.HAL_UART_Emul_RxCpltCallback  soft_uart.o
    0x08003388   0x08003388   0x000000b0   Code   RO           27    i.HAL_UART_Emul_Transmit_DMA  stm32f4xx_hal_uart_emul.o
    0x08003438   0x08003438   0x00000002   Code   RO           28    i.HAL_UART_Emul_TxCpltCallback  stm32f4xx_hal_uart_emul.o
    0x0800343a   0x0800343a   0x00000072   Code   RO         3653    i.HAL_UART_Init     stm32f4xx_hal_uart.o
    0x080034ac   0x080034ac   0x00000088   Code   RO         1013    i.HAL_UART_MspInit  stm32f4xx_hal_msp.o
    0x08003534   0x08003534   0x000000d2   Code   RO         3661    i.HAL_UART_Transmit  stm32f4xx_hal_uart.o
    0x08003606   0x08003606   0x00000004   Code   RO          927    i.HardFault_Handler  stm32f4xx_it.o
    0x0800360a   0x0800360a   0x00000002   PAD
    0x0800360c   0x0800360c   0x0000003c   Code   RO           29    i.Log_Info          stm32f4xx_hal_uart_emul.o
    0x08003648   0x08003648   0x000000a8   Code   RO          428    i.MQTT_Check_Connect  lte.o
    0x080036f0   0x080036f0   0x00000108   Code   RO          430    i.MQTT_Connect      lte.o
    0x080037f8   0x080037f8   0x000000f0   Code   RO          431    i.MQTT_Open         lte.o
    0x080038e8   0x080038e8   0x000000a8   Code   RO          838    i.MQTT_Open_Connect  main.o
    0x08003990   0x08003990   0x00000108   Code   RO          432    i.MQTT_Publish      lte.o
    0x08003a98   0x08003a98   0x0000008c   Code   RO          433    i.MQTT_Recv_Mode    lte.o
    0x08003b24   0x08003b24   0x00000134   Code   RO          434    i.MQTT_SSL_Certificate  lte.o
    0x08003c58   0x08003c58   0x00000088   Code   RO          435    i.MQTT_SSL_Ciphersuite  lte.o
    0x08003ce0   0x08003ce0   0x0000008c   Code   RO          436    i.MQTT_SSL_Ignore   lte.o
    0x08003d6c   0x08003d6c   0x00000084   Code   RO          437    i.MQTT_SSL_Level    lte.o
    0x08003df0   0x08003df0   0x00000088   Code   RO          438    i.MQTT_SSL_Mode     lte.o
    0x08003e78   0x08003e78   0x00000088   Code   RO          439    i.MQTT_SSL_Version  lte.o
    0x08003f00   0x08003f00   0x00000084   Code   RO          440    i.MQTT_Session      lte.o
    0x08003f84   0x08003f84   0x000000dc   Code   RO          839    i.MX_GPIO_Init      main.o
    0x08004060   0x08004060   0x00000044   Code   RO          840    i.MX_SPI2_Init      main.o
    0x080040a4   0x080040a4   0x00000068   Code   RO          841    i.MX_TIM1_Init      main.o
    0x0800410c   0x0800410c   0x00000038   Code   RO          842    i.MX_USART1_UART_Init  main.o
    0x08004144   0x08004144   0x00000004   Code   RO          928    i.MemManage_Handler  stm32f4xx_it.o
    0x08004148   0x08004148   0x00000004   Code   RO          929    i.NMI_Handler       stm32f4xx_it.o
    0x0800414c   0x0800414c   0x00000002   Code   RO          930    i.PendSV_Handler    stm32f4xx_it.o
    0x0800414e   0x0800414e   0x00000002   PAD
    0x08004150   0x08004150   0x00000048   Code   RO          300    i.Recv_Data         soft_uart.o
    0x08004198   0x08004198   0x00000070   Code   RO          301    i.Recv_Data_Continue  soft_uart.o
    0x08004208   0x08004208   0x0000008c   Code   RO          302    i.Recv_Response     soft_uart.o
    0x08004294   0x08004294   0x0000008c   Code   RO          303    i.Recv_Response_Continue  soft_uart.o
    0x08004320   0x08004320   0x00000094   Code   RO         1126    i.SPI_EndRxTransaction  stm32f4xx_hal_spi.o
    0x080043b4   0x080043b4   0x0000006c   Code   RO         1127    i.SPI_EndRxTxTransaction  stm32f4xx_hal_spi.o
    0x08004420   0x08004420   0x000000d8   Code   RO         1132    i.SPI_WaitFlagStateUntilTimeout  stm32f4xx_hal_spi.o
    0x080044f8   0x080044f8   0x00000002   Code   RO          931    i.SVC_Handler       stm32f4xx_it.o
    0x080044fa   0x080044fa   0x00000002   PAD
    0x080044fc   0x080044fc   0x00000068   Code   RO          444    i.Select_ME_Memory  lte.o
    0x08004564   0x08004564   0x00000060   Code   RO          445    i.Select_Text_Mode  lte.o
    0x080045c4   0x080045c4   0x00000060   Code   RO          446    i.Set_Baud_LTE_4800  lte.o
    0x08004624   0x08004624   0x00000008   Code   RO          932    i.SysTick_Handler   stm32f4xx_it.o
    0x0800462c   0x0800462c   0x000000b8   Code   RO          843    i.SystemClock_Config  main.o
    0x080046e4   0x080046e4   0x00000014   Code   RO         3992    i.SystemInit        system_stm32f4xx.o
    0x080046f8   0x080046f8   0x000000a4   Code   RO         2735    i.TIM_Base_SetConfig  stm32f4xx_hal_tim.o
    0x0800479c   0x0800479c   0x00000022   Code   RO         2736    i.TIM_CCxChannelCmd  stm32f4xx_hal_tim.o
    0x080047be   0x080047be   0x00000016   Code   RO         2746    i.TIM_ETR_SetConfig  stm32f4xx_hal_tim.o
    0x080047d4   0x080047d4   0x00000012   Code   RO         2747    i.TIM_ITRx_SetConfig  stm32f4xx_hal_tim.o
    0x080047e6   0x080047e6   0x00000026   Code   RO         2753    i.TIM_TI1_ConfigInputStage  stm32f4xx_hal_tim.o
    0x0800480c   0x0800480c   0x00000028   Code   RO         2755    i.TIM_TI2_ConfigInputStage  stm32f4xx_hal_tim.o
    0x08004834   0x08004834   0x00000054   Code   RO          304    i.Trans_Data        soft_uart.o
    0x08004888   0x08004888   0x00000054   Code   RO          305    i.Trans_Data_115200  soft_uart.o
    0x080048dc   0x080048dc   0x00000038   Code   RO           30    i.UART_Emul_DMAError  stm32f4xx_hal_uart_emul.o
    0x08004914   0x08004914   0x000000cc   Code   RO           31    i.UART_Emul_DMAReceiveCplt  stm32f4xx_hal_uart_emul.o
    0x080049e0   0x080049e0   0x000000f4   Code   RO           32    i.UART_Emul_DMATransmitCplt  stm32f4xx_hal_uart_emul.o
    0x08004ad4   0x08004ad4   0x00000100   Code   RO           33    i.UART_Emul_ReceiveFormatFrame  stm32f4xx_hal_uart_emul.o
    0x08004bd4   0x08004bd4   0x000000b8   Code   RO           34    i.UART_Emul_ReceiveFrame  stm32f4xx_hal_uart_emul.o
    0x08004c8c   0x08004c8c   0x000000a0   Code   RO           35    i.UART_Emul_SetConfig  stm32f4xx_hal_uart_emul.o
    0x08004d2c   0x08004d2c   0x00000070   Code   RO           36    i.UART_Emul_SetConfig_DMARx  stm32f4xx_hal_uart_emul.o
    0x08004d9c   0x08004d9c   0x0000008c   Code   RO           37    i.UART_Emul_SetConfig_DMATx  stm32f4xx_hal_uart_emul.o
    0x08004e28   0x08004e28   0x000000c0   Code   RO           38    i.UART_Emul_TransmitFormatFrame  stm32f4xx_hal_uart_emul.o
    0x08004ee8   0x08004ee8   0x000000a8   Code   RO           39    i.UART_Emul_TransmitFrame  stm32f4xx_hal_uart_emul.o
    0x08004f90   0x08004f90   0x0000022c   Code   RO         3680    i.UART_SetConfig    stm32f4xx_hal_uart.o
    0x080051bc   0x080051bc   0x0000006c   Code   RO         3684    i.UART_WaitOnFlagUntilTimeout  stm32f4xx_hal_uart.o
    0x08005228   0x08005228   0x0000002c   Code   RO          306    i.UartEmul_Init     soft_uart.o
    0x08005254   0x08005254   0x0000002c   Code   RO          307    i.UartEmul_Init_115200  soft_uart.o
    0x08005280   0x08005280   0x00000004   Code   RO          933    i.UsageFault_Handler  stm32f4xx_it.o
    0x08005284   0x08005284   0x0000002c   Code   RO          662    i.W25Q16_Enable_Write  w25q16.o
    0x080052b0   0x080052b0   0x0000006c   Code   RO          664    i.W25Q16_Erase_Chip  w25q16.o
    0x0800531c   0x0800531c   0x00000094   Code   RO          665    i.W25Q16_Erase_Sector  w25q16.o
    0x080053b0   0x080053b0   0x00000148   Code   RO          666    i.W25Q16_Init       w25q16.o
    0x080054f8   0x080054f8   0x00000078   Code   RO          671    i.W25Q16_ReadSomeBytes  w25q16.o
    0x08005570   0x08005570   0x00000070   Code   RO          672    i.W25Q16_Read_StatusReg  w25q16.o
    0x080055e0   0x080055e0   0x00000050   Code   RO          673    i.W25Q16_Read_UniqID  w25q16.o
    0x08005630   0x08005630   0x00000024   Code   RO          676    i.W25Q16_Trans_Recv  w25q16.o
    0x08005654   0x08005654   0x0000004c   Code   RO          677    i.W25Q16_Wait_EndBusy  w25q16.o
    0x080056a0   0x080056a0   0x000000b4   Code   RO          679    i.W25Q16_WritePage  w25q16.o
    0x08005754   0x08005754   0x000002f8   Code   RO          844    i.Write_Read_Pub    main.o
    0x08005a4c   0x08005a4c   0x00000028   Code   RO         4285    i.__0sprintf        mc_w.l(printfa.o)
    0x08005a74   0x08005a74   0x00000010   Code   RO         2260    i.__NVIC_GetPriorityGrouping  stm32f4xx_hal_cortex.o
    0x08005a84   0x08005a84   0x00000028   Code   RO         2261    i.__NVIC_SetPriority  stm32f4xx_hal_cortex.o
    0x08005aac   0x08005aac   0x0000000e   Code   RO         4445    i.__scatterload_copy  mc_w.l(handlers.o)
    0x08005aba   0x08005aba   0x00000002   Code   RO         4446    i.__scatterload_null  mc_w.l(handlers.o)
    0x08005abc   0x08005abc   0x0000000e   Code   RO         4447    i.__scatterload_zeroinit  mc_w.l(handlers.o)
    0x08005aca   0x08005aca   0x00000002   PAD
    0x08005acc   0x08005acc   0x00000184   Code   RO         4290    i._fp_digits        mc_w.l(printfa.o)
    0x08005c50   0x08005c50   0x000006dc   Code   RO         4291    i._printf_core      mc_w.l(printfa.o)
    0x0800632c   0x0800632c   0x00000024   Code   RO         4292    i._printf_post_padding  mc_w.l(printfa.o)
    0x08006350   0x08006350   0x0000002e   Code   RO         4293    i._printf_pre_padding  mc_w.l(printfa.o)
    0x0800637e   0x0800637e   0x0000000a   Code   RO         4295    i._sputc            mc_w.l(printfa.o)
    0x08006388   0x08006388   0x000002d8   Code   RO          846    i.main              main.o
    0x08006660   0x08006660   0x00000008   Data   RO         1953    .constdata          stm32f4xx_hal_dma.o
    0x08006668   0x08006668   0x00000018   Data   RO         3993    .constdata          system_stm32f4xx.o
    0x08006680   0x08006680   0x00000eb8   Data   RO          848    .conststring        main.o
    0x08007538   0x08007538   0x00000020   Data   RO         4443    Region$$Table       anon$$obj.o


    Execution Region RW_IRAM1 (Exec base: 0x20000000, Load base: 0x08007558, Size: 0x00000bf8, Max: 0x00010000, ABSOLUTE)

    Exec Addr    Load Addr    Size         Type   Attr      Idx    E Section Name        Object

    0x20000000   0x08007558   0x00000004   Data   RW           41    .data               stm32f4xx_hal_uart_emul.o
    0x20000004   0x0800755c   0x00000004   PAD
    0x20000008   0x08007560   0x00000042   Data   RW          849    .data               main.o
    0x2000004a   0x080075a2   0x00000002   PAD
    0x2000004c   0x080075a4   0x00000009   Data   RW         2409    .data               stm32f4xx_hal.o
    0x20000055   0x080075ad   0x00000003   PAD
    0x20000058   0x080075b0   0x00000004   Data   RW         3994    .data               system_stm32f4xx.o
    0x2000005c        -       0x000001dc   Zero   RW           40    .bss                stm32f4xx_hal_uart_emul.o
    0x20000238        -       0x0000001c   Zero   RW          684    .bss                w25q16.o
    0x20000254   0x080075b4   0x00000004   PAD
    0x20000258        -       0x000005a0   Zero   RW          847    .bss                main.o
    0x200007f8        -       0x00000400   Zero   RW            1    STACK               startup_stm32f401xc.o


==============================================================================

Image component sizes


      Code (inc. data)   RO Data    RW Data    ZI Data      Debug   Object Name

      3036       1208          0          0          0      15305   lte.o
      2344        452       3768         66       1440       8665   main.o
      1202        218          0          0          0      11431   soft_uart.o
        36          8        404          0       1024        840   startup_stm32f401xc.o
       212         36          0          9          0       9289   stm32f4xx_hal.o
       304         22          0          0          0      34483   stm32f4xx_hal_cortex.o
       458         10          8          0          0       2783   stm32f4xx_hal_dma.o
       532         36          0          0          0       3384   stm32f4xx_hal_gpio.o
       628         54          0          0          0       3783   stm32f4xx_hal_msp.o
      1820         84          0          0          0       5656   stm32f4xx_hal_rcc.o
      2024         14          0          0          0       7950   stm32f4xx_hal_spi.o
       682         30          0          0          0       6397   stm32f4xx_hal_tim.o
       156         22          0          0          0       1336   stm32f4xx_hal_tim_ex.o
       988         10          0          0          0       3800   stm32f4xx_hal_uart.o
      6328        294          0          4        476     441155   stm32f4xx_hal_uart_emul.o
        46          0          0          0          0       4657   stm32f4xx_it.o
        20          6         24          4          0       1119   system_stm32f4xx.o
      1232        270          0          0         28       8029   w25q16.o

    ----------------------------------------------------------------------
     22060       2774       4236         92       2972     570062   Object Totals
         0          0         32          0          0          0   (incl. Generated)
        12          0          0          9          4          0   (incl. Padding)

    ----------------------------------------------------------------------

      Code (inc. data)   RO Data    RW Data    ZI Data      Debug   Library Member Name

         0          0          0          0          0          0   entry.o
         0          0          0          0          0          0   entry10a.o
         0          0          0          0          0          0   entry11a.o
         8          4          0          0          0          0   entry2.o
         4          0          0          0          0          0   entry5.o
         0          0          0          0          0          0   entry7b.o
         0          0          0          0          0          0   entry8b.o
         8          4          0          0          0          0   entry9a.o
        30          0          0          0          0          0   handlers.o
        36          8          0          0          0         68   init.o
         0          0          0          0          0          0   iusefp.o
        30          0          0          0          0         68   llshl.o
        36          0          0          0          0         68   llsshr.o
        32          0          0          0          0         68   llushr.o
        36          0          0          0          0        108   memseta.o
      2276         86          0          0          0        520   printfa.o
        24          0          0          0          0         68   strcat.o
        14          0          0          0          0         68   strlen.o
        44          0          0          0          0         80   uidiv.o
        98          0          0          0          0         92   uldiv.o
        48          0          0          0          0         68   cdrcmple.o
       334          0          0          0          0        148   dadd.o
       222          0          0          0          0        100   ddiv.o
       186          0          0          0          0        176   depilogue.o
        48          0          0          0          0         68   dfixul.o
       228          0          0          0          0         96   dmul.o

    ----------------------------------------------------------------------
      3744        102          0          0          0       1864   Library Totals
         2          0          0          0          0          0   (incl. Padding)

    ----------------------------------------------------------------------

      Code (inc. data)   RO Data    RW Data    ZI Data      Debug   Library Name

      2676        102          0          0          0       1208   mc_w.l
      1066          0          0          0          0        656   mf_w.l

    ----------------------------------------------------------------------
      3744        102          0          0          0       1864   Library Totals

    ----------------------------------------------------------------------

==============================================================================


      Code (inc. data)   RO Data    RW Data    ZI Data      Debug   

     25804       2876       4236         92       2972     558194   Grand Totals
     25804       2876       4236         92       2972     558194   ELF Image Totals
     25804       2876       4236         92          0          0   ROM Totals

==============================================================================

    Total RO  Size (Code + RO Data)                30040 (  29.34kB)
    Total RW  Size (RW Data + ZI Data)              3064 (   2.99kB)
    Total ROM Size (Code + RO Data + RW Data)      30132 (  29.43kB)

==============================================================================

