Component: ARM Compiler 5.06 update 6 (build 750) Tool: armlink [4d35ed]

==============================================================================

Section Cross References

    startup_stm32f401xc.o(RESET) refers to startup_stm32f401xc.o(STACK) for __initial_sp
    startup_stm32f401xc.o(RESET) refers to startup_stm32f401xc.o(.text) for Reset_Handler
    startup_stm32f401xc.o(RESET) refers to stm32f4xx_it.o(i.NMI_Handler) for NMI_Handler
    startup_stm32f401xc.o(RESET) refers to stm32f4xx_it.o(i.HardFault_Handler) for HardFault_Handler
    startup_stm32f401xc.o(RESET) refers to stm32f4xx_it.o(i.MemManage_Handler) for MemManage_Handler
    startup_stm32f401xc.o(RESET) refers to stm32f4xx_it.o(i.BusFault_Handler) for BusFault_Handler
    startup_stm32f401xc.o(RESET) refers to stm32f4xx_it.o(i.UsageFault_Handler) for UsageFault_Handler
    startup_stm32f401xc.o(RESET) refers to stm32f4xx_it.o(i.SVC_Handler) for SVC_Handler
    startup_stm32f401xc.o(RESET) refers to stm32f4xx_it.o(i.DebugMon_Handler) for DebugMon_Handler
    startup_stm32f401xc.o(RESET) refers to stm32f4xx_it.o(i.PendSV_Handler) for PendSV_Handler
    startup_stm32f401xc.o(RESET) refers to stm32f4xx_it.o(i.SysTick_Handler) for SysTick_Handler
    startup_stm32f401xc.o(RESET) refers to stm32f4xx_it.o(i.EXTI15_10_IRQHandler) for EXTI15_10_IRQHandler
    startup_stm32f401xc.o(RESET) refers to stm32f4xx_hal_uart_emul.o(i.DMA2_Stream1_IRQHandler) for DMA2_Stream1_IRQHandler
    startup_stm32f401xc.o(RESET) refers to stm32f4xx_hal_uart_emul.o(i.DMA2_Stream2_IRQHandler) for DMA2_Stream2_IRQHandler
    startup_stm32f401xc.o(.text) refers to system_stm32f4xx.o(i.SystemInit) for SystemInit
    startup_stm32f401xc.o(.text) refers to entry.o(.ARM.Collect$$$$00000000) for __main
    stm32f4xx_hal_uart_emul.o(i.DMA2_Stream1_IRQHandler) refers to stm32f4xx_hal_uart_emul.o(i.UART_Emul_DMAError) for UART_Emul_DMAError
    stm32f4xx_hal_uart_emul.o(i.DMA2_Stream1_IRQHandler) refers to stm32f4xx_hal_uart_emul.o(.bss) for TimHandle
    stm32f4xx_hal_uart_emul.o(i.DMA2_Stream2_IRQHandler) refers to stm32f4xx_hal_uart_emul.o(.data) for huart_emul
    stm32f4xx_hal_uart_emul.o(i.DMA2_Stream2_IRQHandler) refers to stm32f4xx_hal_uart_emul.o(.bss) for TimHandle
    stm32f4xx_hal_uart_emul.o(i.DMA2_Stream2_IRQHandler) refers to stm32f4xx_hal_uart_emul.o(i.UART_Emul_DMAError) for UART_Emul_DMAError
    stm32f4xx_hal_uart_emul.o(i.HAL_GPIO_EXTI_Callback) refers to stm32f4xx_hal_uart_emul.o(i.UART_Emul_ReceiveFrame) for UART_Emul_ReceiveFrame
    stm32f4xx_hal_uart_emul.o(i.HAL_GPIO_EXTI_Callback) refers to stm32f4xx_hal_uart_emul.o(i.UART_Emul_ReceiveFormatFrame) for UART_Emul_ReceiveFormatFrame
    stm32f4xx_hal_uart_emul.o(i.HAL_GPIO_EXTI_Callback) refers to stm32f4xx_hal_uart_emul.o(.data) for huart_emul
    stm32f4xx_hal_uart_emul.o(i.HAL_GPIO_EXTI_Callback) refers to stm32f4xx_hal_uart_emul.o(.bss) for pFirstBuffer_Rx
    stm32f4xx_hal_uart_emul.o(i.HAL_UART_Emul_DeInit) refers to stm32f4xx_hal_uart_emul.o(i.HAL_UART_Emul_MspDeInit) for HAL_UART_Emul_MspDeInit
    stm32f4xx_hal_uart_emul.o(i.HAL_UART_Emul_IRQHandler) refers to soft_uart.o(i.HAL_UART_Emul_ErrorCallback) for HAL_UART_Emul_ErrorCallback
    stm32f4xx_hal_uart_emul.o(i.HAL_UART_Emul_Init) refers to stm32f4xx_hal_msp.o(i.HAL_UART_Emul_MspInit) for HAL_UART_Emul_MspInit
    stm32f4xx_hal_uart_emul.o(i.HAL_UART_Emul_Init) refers to stm32f4xx_hal_uart_emul.o(i.UART_Emul_SetConfig) for UART_Emul_SetConfig
    stm32f4xx_hal_uart_emul.o(i.HAL_UART_Emul_Init) refers to stm32f4xx_hal_uart_emul.o(.data) for huart_emul
    stm32f4xx_hal_uart_emul.o(i.HAL_UART_Emul_Receive_DMA) refers to stm32f4xx_hal_tim.o(i.TIM_CCxChannelCmd) for TIM_CCxChannelCmd
    stm32f4xx_hal_uart_emul.o(i.HAL_UART_Emul_Receive_DMA) refers to stm32f4xx_hal_uart_emul.o(i.UART_Emul_DMAReceiveCplt) for UART_Emul_DMAReceiveCplt
    stm32f4xx_hal_uart_emul.o(i.HAL_UART_Emul_Receive_DMA) refers to stm32f4xx_hal_uart_emul.o(.bss) for TimHandle
    stm32f4xx_hal_uart_emul.o(i.HAL_UART_Emul_Receive_DMA) refers to stm32f4xx_hal_uart_emul.o(i.UART_Emul_DMAError) for UART_Emul_DMAError
    stm32f4xx_hal_uart_emul.o(i.HAL_UART_Emul_Transmit_DMA) refers to stm32f4xx_hal_uart_emul.o(i.UART_Emul_TransmitFormatFrame) for UART_Emul_TransmitFormatFrame
    stm32f4xx_hal_uart_emul.o(i.HAL_UART_Emul_Transmit_DMA) refers to stm32f4xx_hal_tim.o(i.TIM_CCxChannelCmd) for TIM_CCxChannelCmd
    stm32f4xx_hal_uart_emul.o(i.HAL_UART_Emul_Transmit_DMA) refers to stm32f4xx_hal_uart_emul.o(i.UART_Emul_TransmitFrame) for UART_Emul_TransmitFrame
    stm32f4xx_hal_uart_emul.o(i.HAL_UART_Emul_Transmit_DMA) refers to stm32f4xx_hal_uart_emul.o(i.UART_Emul_DMATransmitCplt) for UART_Emul_DMATransmitCplt
    stm32f4xx_hal_uart_emul.o(i.HAL_UART_Emul_Transmit_DMA) refers to stm32f4xx_hal_uart_emul.o(.bss) for TimHandle
    stm32f4xx_hal_uart_emul.o(i.HAL_UART_Emul_Transmit_DMA) refers to stm32f4xx_hal_uart_emul.o(i.UART_Emul_DMAError) for UART_Emul_DMAError
[...]
    Removing stm32f4xx_hal_tim_ex.o(i.HAL_TIMEx_HallSensor_Start), (192 bytes).
    Removing stm32f4xx_hal_tim_ex.o(i.HAL_TIMEx_HallSensor_Start_DMA), (256 bytes).
    Removing stm32f4xx_hal_tim_ex.o(i.HAL_TIMEx_HallSensor_Start_IT), (204 bytes).
    Removing stm32f4xx_hal_tim_ex.o(i.HAL_TIMEx_HallSensor_Stop), (78 bytes).
    Removing stm32f4xx_hal_tim_ex.o(i.HAL_TIMEx_HallSensor_Stop_DMA), (84 bytes).
    Removing stm32f4xx_hal_tim_ex.o(i.HAL_TIMEx_HallSensor_Stop_IT), (90 bytes).
    Removing stm32f4xx_hal_tim_ex.o(i.HAL_TIMEx_OCN_Start), (220 bytes).
    Removing stm32f4xx_hal_tim_ex.o(i.HAL_TIMEx_OCN_Start_DMA), (464 bytes).
    Removing stm32f4xx_hal_tim_ex.o(i.HAL_TIMEx_OCN_Start_IT), (288 bytes).
    Removing stm32f4xx_hal_tim_ex.o(i.HAL_TIMEx_OCN_Stop), (136 bytes).
    Removing stm32f4xx_hal_tim_ex.o(i.HAL_TIMEx_OCN_Stop_DMA), (212 bytes).
    Removing stm32f4xx_hal_tim_ex.o(i.HAL_TIMEx_OCN_Stop_IT), (218 bytes).
    Removing stm32f4xx_hal_tim_ex.o(i.HAL_TIMEx_OnePulseN_Start), (118 bytes).
    Removing stm32f4xx_hal_tim_ex.o(i.HAL_TIMEx_OnePulseN_Start_IT), (142 bytes).
    Removing stm32f4xx_hal_tim_ex.o(i.HAL_TIMEx_OnePulseN_Stop), (138 bytes).
    Removing stm32f4xx_hal_tim_ex.o(i.HAL_TIMEx_OnePulseN_Stop_IT), (162 bytes).
    Removing stm32f4xx_hal_tim_ex.o(i.HAL_TIMEx_PWMN_Start), (220 bytes).
    Removing stm32f4xx_hal_tim_ex.o(i.HAL_TIMEx_PWMN_Start_DMA), (464 bytes).
    Removing stm32f4xx_hal_tim_ex.o(i.HAL_TIMEx_PWMN_Start_IT), (288 bytes).
    Removing stm32f4xx_hal_tim_ex.o(i.HAL_TIMEx_PWMN_Stop), (136 bytes).
    Removing stm32f4xx_hal_tim_ex.o(i.HAL_TIMEx_PWMN_Stop_DMA), (212 bytes).
    Removing stm32f4xx_hal_tim_ex.o(i.HAL_TIMEx_PWMN_Stop_IT), (218 bytes).
    Removing stm32f4xx_hal_tim_ex.o(i.HAL_TIMEx_RemapConfig), (42 bytes).
    Removing stm32f4xx_hal_tim_ex.o(i.TIMEx_DMACommutationCplt), (20 bytes).
    Removing stm32f4xx_hal_tim_ex.o(i.TIMEx_DMACommutationHalfCplt), (20 bytes).
    Removing stm32f4xx_hal_tim_ex.o(i.TIM_CCxNChannelCmd), (34 bytes).
    Removing stm32f4xx_hal_tim_ex.o(i.TIM_DMADelayPulseNCplt), (104 bytes).
    Removing stm32f4xx_hal_tim_ex.o(i.TIM_DMAErrorCCxN), (68 bytes).
    Removing stm32f4xx_hal_rcc.o(.rev16_text), (4 bytes).
    Removing stm32f4xx_hal_rcc.o(.revsh_text), (4 bytes).
    Removing stm32f4xx_hal_rcc.o(.rrx_text), (6 bytes).
    Removing stm32f4xx_hal_rcc.o(i.HAL_RCC_CSSCallback), (2 bytes).
    Removing stm32f4xx_hal_rcc.o(i.HAL_RCC_DeInit), (4 bytes).
    Removing stm32f4xx_hal_rcc.o(i.HAL_RCC_DisableCSS), (12 bytes).
    Removing stm32f4xx_hal_rcc.o(i.HAL_RCC_EnableCSS), (12 bytes).
    Removing stm32f4xx_hal_rcc.o(i.HAL_RCC_GetClockConfig), (68 bytes).
    Removing stm32f4xx_hal_rcc.o(i.HAL_RCC_GetOscConfig), (244 bytes).
    Removing stm32f4xx_hal_rcc.o(i.HAL_RCC_MCOConfig), (192 bytes).
    Removing stm32f4xx_hal_rcc.o(i.HAL_RCC_NMI_IRQHandler), (32 bytes).
    Removing stm32f4xx_hal_rcc_ex.o(.rev16_text), (4 bytes).
    Removing stm32f4xx_hal_rcc_ex.o(.revsh_text), (4 bytes).
    Removing stm32f4xx_hal_rcc_ex.o(.rrx_text), (6 bytes).
    Removing stm32f4xx_hal_rcc_ex.o(i.HAL_RCCEx_DisablePLLI2S), (56 bytes).
    Removing stm32f4xx_hal_rcc_ex.o(i.HAL_RCCEx_EnablePLLI2S), (112 bytes).
    Removing stm32f4xx_hal_rcc_ex.o(i.HAL_RCCEx_GetPeriphCLKConfig), (76 bytes).
    Removing stm32f4xx_hal_rcc_ex.o(i.HAL_RCCEx_GetPeriphCLKFreq), (144 bytes).
    Removing stm32f4xx_hal_rcc_ex.o(i.HAL_RCCEx_PeriphCLKConfig), (436 bytes).
    Removing stm32f4xx_hal_rcc_ex.o(i.HAL_RCC_DeInit), (384 bytes).
    Removing stm32f4xx_hal_flash.o(.rev16_text), (4 bytes).
    Removing stm32f4xx_hal_flash.o(.revsh_text), (4 bytes).
    Removing stm32f4xx_hal_flash.o(.rrx_text), (6 bytes).
    Removing stm32f4xx_hal_flash.o(i.FLASH_Program_Byte), (36 bytes).
    Removing stm32f4xx_hal_flash.o(i.FLASH_Program_DoubleWord), (60 bytes).
    Removing stm32f4xx_hal_flash.o(i.FLASH_Program_HalfWord), (40 bytes).
    Removing stm32f4xx_hal_flash.o(i.FLASH_Program_Word), (40 bytes).
    Removing stm32f4xx_hal_flash.o(i.FLASH_SetErrorCode), (180 bytes).
    Removing stm32f4xx_hal_flash.o(i.FLASH_WaitForLastOperation), (100 bytes).
    Removing stm32f4xx_hal_flash.o(i.HAL_FLASH_EndOfOperationCallback), (2 bytes).
    Removing stm32f4xx_hal_flash.o(i.HAL_FLASH_GetError), (12 bytes).
    Removing stm32f4xx_hal_flash.o(i.HAL_FLASH_IRQHandler), (272 bytes).
    Removing stm32f4xx_hal_flash.o(i.HAL_FLASH_Lock), (20 bytes).
    Removing stm32f4xx_hal_flash.o(i.HAL_FLASH_OB_Launch), (28 bytes).
    Removing stm32f4xx_hal_flash.o(i.HAL_FLASH_OB_Lock), (20 bytes).
    Removing stm32f4xx_hal_flash.o(i.HAL_FLASH_OB_Unlock), (44 bytes).
    Removing stm32f4xx_hal_flash.o(i.HAL_FLASH_OperationErrorCallback), (2 bytes).
    Removing stm32f4xx_hal_flash.o(i.HAL_FLASH_Program), (152 bytes).
    Removing stm32f4xx_hal_flash.o(i.HAL_FLASH_Program_IT), (136 bytes).
    Removing stm32f4xx_hal_flash.o(i.HAL_FLASH_Unlock), (52 bytes).
    Removing stm32f4xx_hal_flash.o(.bss), (32 bytes).
    Removing stm32f4xx_hal_flash_ex.o(.rev16_text), (4 bytes).
    Removing stm32f4xx_hal_flash_ex.o(.revsh_text), (4 bytes).
    Removing stm32f4xx_hal_flash_ex.o(.rrx_text), (6 bytes).
    Removing stm32f4xx_hal_flash_ex.o(i.FLASH_Erase_Sector), (92 bytes).
    Removing stm32f4xx_hal_flash_ex.o(i.FLASH_FlushCaches), (120 bytes).
    Removing stm32f4xx_hal_flash_ex.o(i.FLASH_MassErase), (48 bytes).
    Removing stm32f4xx_hal_flash_ex.o(i.FLASH_OB_BOR_LevelConfig), (32 bytes).
    Removing stm32f4xx_hal_flash_ex.o(i.FLASH_OB_DisablePCROP), (36 bytes).
    Removing stm32f4xx_hal_flash_ex.o(i.FLASH_OB_DisableWRP), (40 bytes).
    Removing stm32f4xx_hal_flash_ex.o(i.FLASH_OB_EnablePCROP), (40 bytes).
    Removing stm32f4xx_hal_flash_ex.o(i.FLASH_OB_EnableWRP), (40 bytes).
    Removing stm32f4xx_hal_flash_ex.o(i.FLASH_OB_GetBOR), (16 bytes).
    Removing stm32f4xx_hal_flash_ex.o(i.FLASH_OB_GetRDP), (36 bytes).
    Removing stm32f4xx_hal_flash_ex.o(i.FLASH_OB_GetUser), (16 bytes).
    Removing stm32f4xx_hal_flash_ex.o(i.FLASH_OB_GetWRP), (12 bytes).
    Removing stm32f4xx_hal_flash_ex.o(i.FLASH_OB_RDP_LevelConfig), (32 bytes).
    Removing stm32f4xx_hal_flash_ex.o(i.FLASH_OB_UserConfig), (60 bytes).
    Removing stm32f4xx_hal_flash_ex.o(i.HAL_FLASHEx_AdvOBGetConfig), (12 bytes).
    Removing stm32f4xx_hal_flash_ex.o(i.HAL_FLASHEx_AdvOBProgram), (42 bytes).
    Removing stm32f4xx_hal_flash_ex.o(i.HAL_FLASHEx_Erase), (172 bytes).
    Removing stm32f4xx_hal_flash_ex.o(i.HAL_FLASHEx_Erase_IT), (120 bytes).
    Removing stm32f4xx_hal_flash_ex.o(i.HAL_FLASHEx_OBGetConfig), (34 bytes).
    Removing stm32f4xx_hal_flash_ex.o(i.HAL_FLASHEx_OBProgram), (148 bytes).
    Removing stm32f4xx_hal_flash_ex.o(i.HAL_FLASHEx_OB_DeSelectPCROP), (24 bytes).
    Removing stm32f4xx_hal_flash_ex.o(i.HAL_FLASHEx_OB_SelectPCROP), (28 bytes).
    Removing stm32f4xx_hal_flash_ramfunc.o(.rev16_text), (4 bytes).
    Removing stm32f4xx_hal_flash_ramfunc.o(.revsh_text), (4 bytes).
    Removing stm32f4xx_hal_flash_ramfunc.o(.rrx_text), (6 bytes).
    Removing stm32f4xx_hal_gpio.o(.rev16_text), (4 bytes).
    Removing stm32f4xx_hal_gpio.o(.revsh_text), (4 bytes).
    Removing stm32f4xx_hal_gpio.o(.rrx_text), (6 bytes).
    Removing stm32f4xx_hal_gpio.o(i.HAL_GPIO_DeInit), (312 bytes).
    Removing stm32f4xx_hal_gpio.o(i.HAL_GPIO_EXTI_Callback), (2 bytes).
    Removing stm32f4xx_hal_gpio.o(i.HAL_GPIO_LockPin), (46 bytes).
    Removing stm32f4xx_hal_gpio.o(i.HAL_GPIO_ReadPin), (16 bytes).
    Removing stm32f4xx_hal_dma_ex.o(.rev16_text), (4 bytes).
    Removing stm32f4xx_hal_dma_ex.o(.revsh_text), (4 bytes).
    Removing stm32f4xx_hal_dma_ex.o(.rrx_text), (6 bytes).
    Removing stm32f4xx_hal_dma_ex.o(i.DMA_MultiBufferSetConfig), (32 bytes).
    Removing stm32f4xx_hal_dma_ex.o(i.HAL_DMAEx_ChangeMemory), (18 bytes).
    Removing stm32f4xx_hal_dma_ex.o(i.HAL_DMAEx_MultiBufferStart), (124 bytes).
    Removing stm32f4xx_hal_dma_ex.o(i.HAL_DMAEx_MultiBufferStart_IT), (4056 bytes).
    Removing stm32f4xx_hal_dma.o(.rev16_text), (4 bytes).
    Removing stm32f4xx_hal_dma.o(.revsh_text), (4 bytes).
    Removing stm32f4xx_hal_dma.o(.rrx_text), (6 bytes).
    Removing stm32f4xx_hal_dma.o(i.DMA_SetConfig), (44 bytes).
    Removing stm32f4xx_hal_dma.o(i.HAL_DMA_Abort), (170 bytes).
    Removing stm32f4xx_hal_dma.o(i.HAL_DMA_Abort_IT), (40 bytes).
    Removing stm32f4xx_hal_dma.o(i.HAL_DMA_DeInit), (112 bytes).
    Removing stm32f4xx_hal_dma.o(i.HAL_DMA_GetError), (6 bytes).
    Removing stm32f4xx_hal_dma.o(i.HAL_DMA_GetState), (8 bytes).
    Removing stm32f4xx_hal_dma.o(i.HAL_DMA_IRQHandler), (576 bytes).
    Removing stm32f4xx_hal_dma.o(i.HAL_DMA_PollForTransfer), (346 bytes).
    Removing stm32f4xx_hal_dma.o(i.HAL_DMA_RegisterCallback), (94 bytes).
    Removing stm32f4xx_hal_dma.o(i.HAL_DMA_Start), (102 bytes).
    Removing stm32f4xx_hal_dma.o(i.HAL_DMA_Start_IT), (146 bytes).
    Removing stm32f4xx_hal_dma.o(i.HAL_DMA_UnRegisterCallback), (124 bytes).
    Removing stm32f4xx_hal_pwr.o(.rev16_text), (4 bytes).
    Removing stm32f4xx_hal_pwr.o(.revsh_text), (4 bytes).
    Removing stm32f4xx_hal_pwr.o(.rrx_text), (6 bytes).
    Removing stm32f4xx_hal_pwr.o(i.HAL_PWR_ConfigPVD), (180 bytes).
    Removing stm32f4xx_hal_pwr.o(i.HAL_PWR_DeInit), (28 bytes).
    Removing stm32f4xx_hal_pwr.o(i.HAL_PWR_DisableBkUpAccess), (28 bytes).
    Removing stm32f4xx_hal_pwr.o(i.HAL_PWR_DisablePVD), (12 bytes).
    Removing stm32f4xx_hal_pwr.o(i.HAL_PWR_DisableSEVOnPend), (20 bytes).
    Removing stm32f4xx_hal_pwr.o(i.HAL_PWR_DisableSleepOnExit), (20 bytes).
    Removing stm32f4xx_hal_pwr.o(i.HAL_PWR_DisableWakeUpPin), (16 bytes).
    Removing stm32f4xx_hal_pwr.o(i.HAL_PWR_EnableBkUpAccess), (28 bytes).
    Removing stm32f4xx_hal_pwr.o(i.HAL_PWR_EnablePVD), (12 bytes).
    Removing stm32f4xx_hal_pwr.o(i.HAL_PWR_EnableSEVOnPend), (20 bytes).
    Removing stm32f4xx_hal_pwr.o(i.HAL_PWR_EnableSleepOnExit), (20 bytes).
    Removing stm32f4xx_hal_pwr.o(i.HAL_PWR_EnableWakeUpPin), (16 bytes).
    Removing stm32f4xx_hal_pwr.o(i.HAL_PWR_EnterSLEEPMode), (32 bytes).
    Removing stm32f4xx_hal_pwr.o(i.HAL_PWR_EnterSTANDBYMode), (40 bytes).
    Removing stm32f4xx_hal_pwr.o(i.HAL_PWR_EnterSTOPMode), (64 bytes).
    Removing stm32f4xx_hal_pwr.o(i.HAL_PWR_PVDCallback), (2 bytes).
    Removing stm32f4xx_hal_pwr.o(i.HAL_PWR_PVD_IRQHandler), (32 bytes).
    Removing stm32f4xx_hal_pwr_ex.o(.rev16_text), (4 bytes).
    Removing stm32f4xx_hal_pwr_ex.o(.revsh_text), (4 bytes).
    Removing stm32f4xx_hal_pwr_ex.o(.rrx_text), (6 bytes).
    Removing stm32f4xx_hal_pwr_ex.o(i.HAL_PWREx_ControlVoltageScaling), (228 bytes).
    Removing stm32f4xx_hal_pwr_ex.o(i.HAL_PWREx_DisableBkUpReg), (60 bytes).
    Removing stm32f4xx_hal_pwr_ex.o(i.HAL_PWREx_DisableFlashPowerDown), (12 bytes).
    Removing stm32f4xx_hal_pwr_ex.o(i.HAL_PWREx_DisableLowRegulatorLowVoltage), (12 bytes).
    Removing stm32f4xx_hal_pwr_ex.o(i.HAL_PWREx_DisableMainRegulatorLowVoltage), (12 bytes).
    Removing stm32f4xx_hal_pwr_ex.o(i.HAL_PWREx_EnableBkUpReg), (60 bytes).
    Removing stm32f4xx_hal_pwr_ex.o(i.HAL_PWREx_EnableFlashPowerDown), (12 bytes).
    Removing stm32f4xx_hal_pwr_ex.o(i.HAL_PWREx_EnableLowRegulatorLowVoltage), (12 bytes).
    Removing stm32f4xx_hal_pwr_ex.o(i.HAL_PWREx_EnableMainRegulatorLowVoltage), (12 bytes).
    Removing stm32f4xx_hal_pwr_ex.o(i.HAL_PWREx_GetVoltageRange), (16 bytes).
    Removing stm32f4xx_hal_cortex.o(.rev16_text), (4 bytes).
    Removing stm32f4xx_hal_cortex.o(.revsh_text), (4 bytes).
    Removing stm32f4xx_hal_cortex.o(.rrx_text), (6 bytes).
    Removing stm32f4xx_hal_cortex.o(i.HAL_MPU_ConfigRegion), (92 bytes).
    Removing stm32f4xx_hal_cortex.o(i.HAL_MPU_Disable), (44 bytes).
    Removing stm32f4xx_hal_cortex.o(i.HAL_MPU_Enable), (64 bytes).
    Removing stm32f4xx_hal_cortex.o(i.HAL_NVIC_ClearPendingIRQ), (36 bytes).
    Removing stm32f4xx_hal_cortex.o(i.HAL_NVIC_DisableIRQ), (68 bytes).
    Removing stm32f4xx_hal_cortex.o(i.HAL_NVIC_GetActive), (48 bytes).
    Removing stm32f4xx_hal_cortex.o(i.HAL_NVIC_GetPendingIRQ), (48 bytes).
    Removing stm32f4xx_hal_cortex.o(i.HAL_NVIC_GetPriority), (148 bytes).
    Removing stm32f4xx_hal_cortex.o(i.HAL_NVIC_GetPriorityGrouping), (8 bytes).
    Removing stm32f4xx_hal_cortex.o(i.HAL_NVIC_SetPendingIRQ), (36 bytes).
    Removing stm32f4xx_hal_cortex.o(i.HAL_NVIC_SystemReset), (68 bytes).
    Removing stm32f4xx_hal_cortex.o(i.HAL_SYSTICK_CLKSourceConfig), (40 bytes).
    Removing stm32f4xx_hal_cortex.o(i.HAL_SYSTICK_Callback), (2 bytes).
    Removing stm32f4xx_hal_cortex.o(i.HAL_SYSTICK_IRQHandler), (8 bytes).
    Removing stm32f4xx_hal.o(.rev16_text), (4 bytes).
    Removing stm32f4xx_hal.o(.revsh_text), (4 bytes).
    Removing stm32f4xx_hal.o(.rrx_text), (6 bytes).
    Removing stm32f4xx_hal.o(i.HAL_DBGMCU_DisableDBGSleepMode), (20 bytes).
    Removing stm32f4xx_hal.o(i.HAL_DBGMCU_DisableDBGStandbyMode), (20 bytes).
    Removing stm32f4xx_hal.o(i.HAL_DBGMCU_DisableDBGStopMode), (20 bytes).
    Removing stm32f4xx_hal.o(i.HAL_DBGMCU_EnableDBGSleepMode), (20 bytes).
    Removing stm32f4xx_hal.o(i.HAL_DBGMCU_EnableDBGStandbyMode), (20 bytes).
    Removing stm32f4xx_hal.o(i.HAL_DBGMCU_EnableDBGStopMode), (20 bytes).
    Removing stm32f4xx_hal.o(i.HAL_DeInit), (68 bytes).
    Removing stm32f4xx_hal.o(i.HAL_DisableCompensationCell), (12 bytes).
    Removing stm32f4xx_hal.o(i.HAL_EnableCompensationCell), (12 bytes).
    Removing stm32f4xx_hal.o(i.HAL_GetDEVID), (16 bytes).
    Removing stm32f4xx_hal.o(i.HAL_GetHalVersion), (8 bytes).
    Removing stm32f4xx_hal.o(i.HAL_GetREVID), (12 bytes).
    Removing stm32f4xx_hal.o(i.HAL_GetTickFreq), (12 bytes).
    Removing stm32f4xx_hal.o(i.HAL_GetTickPrio), (12 bytes).
    Removing stm32f4xx_hal.o(i.HAL_GetUIDw0), (12 bytes).
    Removing stm32f4xx_hal.o(i.HAL_GetUIDw1), (12 bytes).
    Removing stm32f4xx_hal.o(i.HAL_GetUIDw2), (12 bytes).
    Removing stm32f4xx_hal.o(i.HAL_MspDeInit), (2 bytes).
    Removing stm32f4xx_hal.o(i.HAL_MspInit), (2 bytes).
    Removing stm32f4xx_hal.o(i.HAL_ResumeTick), (18 bytes).
    Removing stm32f4xx_hal.o(i.HAL_SetTickFreq), (48 bytes).
    Removing stm32f4xx_hal.o(i.HAL_SuspendTick), (18 bytes).
    Removing stm32f4xx_hal_exti.o(.rev16_text), (4 bytes).
    Removing stm32f4xx_hal_exti.o(.revsh_text), (4 bytes).
    Removing stm32f4xx_hal_exti.o(.rrx_text), (6 bytes).
    Removing stm32f4xx_hal_exti.o(i.HAL_EXTI_ClearConfigLine), (120 bytes).
    Removing stm32f4xx_hal_exti.o(i.HAL_EXTI_ClearPending), (28 bytes).
    Removing stm32f4xx_hal_exti.o(i.HAL_EXTI_GenerateSWI), (24 bytes).
    Removing stm32f4xx_hal_exti.o(i.HAL_EXTI_GetConfigLine), (176 bytes).
    Removing stm32f4xx_hal_exti.o(i.HAL_EXTI_GetHandle), (14 bytes).
    Removing stm32f4xx_hal_exti.o(i.HAL_EXTI_GetPending), (36 bytes).
    Removing stm32f4xx_hal_exti.o(i.HAL_EXTI_IRQHandler), (44 bytes).
    Removing stm32f4xx_hal_exti.o(i.HAL_EXTI_RegisterCallback), (20 bytes).
    Removing stm32f4xx_hal_exti.o(i.HAL_EXTI_SetConfigLine), (240 bytes).
    Removing stm32f4xx_hal_uart.o(.rev16_text), (4 bytes).
    Removing stm32f4xx_hal_uart.o(.revsh_text), (4 bytes).
    Removing stm32f4xx_hal_uart.o(.rrx_text), (6 bytes).
    Removing stm32f4xx_hal_uart.o(i.HAL_HalfDuplex_EnableReceiver), (68 bytes).
    Removing stm32f4xx_hal_uart.o(i.HAL_HalfDuplex_EnableTransmitter), (68 bytes).
    Removing stm32f4xx_hal_uart.o(i.HAL_HalfDuplex_Init), (118 bytes).
    Removing stm32f4xx_hal_uart.o(i.HAL_LIN_Init), (142 bytes).
    Removing stm32f4xx_hal_uart.o(i.HAL_LIN_SendBreak), (62 bytes).
    Removing stm32f4xx_hal_uart.o(i.HAL_MultiProcessor_EnterMuteMode), (62 bytes).
    Removing stm32f4xx_hal_uart.o(i.HAL_MultiProcessor_ExitMuteMode), (62 bytes).
    Removing stm32f4xx_hal_uart.o(i.HAL_MultiProcessor_Init), (154 bytes).
    Removing stm32f4xx_hal_uart.o(i.HAL_UARTEx_ReceiveToIdle), (320 bytes).
    Removing stm32f4xx_hal_uart.o(i.HAL_UARTEx_ReceiveToIdle_DMA), (114 bytes).
    Removing stm32f4xx_hal_uart.o(i.HAL_UARTEx_ReceiveToIdle_IT), (114 bytes).
    Removing stm32f4xx_hal_uart.o(i.HAL_UARTEx_RxEventCallback), (2 bytes).
    Removing stm32f4xx_hal_uart.o(i.HAL_UART_Abort), (192 bytes).
    Removing stm32f4xx_hal_uart.o(i.HAL_UART_AbortCpltCallback), (2 bytes).
    Removing stm32f4xx_hal_uart.o(i.HAL_UART_AbortReceive), (124 bytes).
    Removing stm32f4xx_hal_uart.o(i.HAL_UART_AbortReceiveCpltCallback), (2 bytes).
    Removing stm32f4xx_hal_uart.o(i.HAL_UART_AbortReceive_IT), (148 bytes).
    Removing stm32f4xx_hal_uart.o(i.HAL_UART_AbortTransmit), (90 bytes).
    Removing stm32f4xx_hal_uart.o(i.HAL_UART_AbortTransmitCpltCallback), (2 bytes).
    Removing stm32f4xx_hal_uart.o(i.HAL_UART_AbortTransmit_IT), (108 bytes).
    Removing stm32f4xx_hal_uart.o(i.HAL_UART_Abort_IT), (248 bytes).
    Removing stm32f4xx_hal_uart.o(i.HAL_UART_DMAPause), (124 bytes).
    Removing stm32f4xx_hal_uart.o(i.HAL_UART_DMAResume), (126 bytes).
    Removing stm32f4xx_hal_uart.o(i.HAL_UART_DMAStop), (102 bytes).
    Removing stm32f4xx_hal_uart.o(i.HAL_UART_DeInit), (60 bytes).
    Removing stm32f4xx_hal_uart.o(i.HAL_UART_ErrorCallback), (2 bytes).
    Removing stm32f4xx_hal_uart.o(i.HAL_UART_GetError), (6 bytes).
    Removing stm32f4xx_hal_uart.o(i.HAL_UART_GetState), (20 bytes).
    Removing stm32f4xx_hal_uart.o(i.HAL_UART_IRQHandler), (592 bytes).
    Removing stm32f4xx_hal_uart.o(i.HAL_UART_MspDeInit), (2 bytes).
    Removing stm32f4xx_hal_uart.o(i.HAL_UART_MspInit), (2 bytes).
    Removing stm32f4xx_hal_uart.o(i.HAL_UART_Receive), (220 bytes).
    Removing stm32f4xx_hal_uart.o(i.HAL_UART_Receive_DMA), (66 bytes).
    Removing stm32f4xx_hal_uart.o(i.HAL_UART_Receive_IT), (66 bytes).
    Removing stm32f4xx_hal_uart.o(i.HAL_UART_RxCpltCallback), (2 bytes).
    Removing stm32f4xx_hal_uart.o(i.HAL_UART_RxHalfCpltCallback), (2 bytes).
    Removing stm32f4xx_hal_uart.o(i.HAL_UART_Transmit_DMA), (156 bytes).
    Removing stm32f4xx_hal_uart.o(i.HAL_UART_Transmit_IT), (88 bytes).
    Removing stm32f4xx_hal_uart.o(i.HAL_UART_TxCpltCallback), (2 bytes).
    Removing stm32f4xx_hal_uart.o(i.HAL_UART_TxHalfCpltCallback), (2 bytes).
    Removing stm32f4xx_hal_uart.o(i.UART_DMAAbortOnError), (20 bytes).
    Removing stm32f4xx_hal_uart.o(i.UART_DMAError), (80 bytes).
    Removing stm32f4xx_hal_uart.o(i.UART_DMAReceiveCplt), (104 bytes).
    Removing stm32f4xx_hal_uart.o(i.UART_DMARxAbortCallback), (56 bytes).
    Removing stm32f4xx_hal_uart.o(i.UART_DMARxHalfCplt), (32 bytes).
    Removing stm32f4xx_hal_uart.o(i.UART_DMARxOnlyAbortCallback), (28 bytes).
    Removing stm32f4xx_hal_uart.o(i.UART_DMATransmitCplt), (54 bytes).
    Removing stm32f4xx_hal_uart.o(i.UART_DMATxAbortCallback), (56 bytes).
    Removing stm32f4xx_hal_uart.o(i.UART_DMATxHalfCplt), (14 bytes).
    Removing stm32f4xx_hal_uart.o(i.UART_DMATxOnlyAbortCallback), (24 bytes).
    Removing stm32f4xx_hal_uart.o(i.UART_EndRxTransfer), (54 bytes).
    Removing stm32f4xx_hal_uart.o(i.UART_EndTransmit_IT), (32 bytes).
    Removing stm32f4xx_hal_uart.o(i.UART_EndTxTransfer), (20 bytes).
    Removing stm32f4xx_hal_uart.o(i.UART_Receive_IT), (190 bytes).
    Removing stm32f4xx_hal_uart.o(i.UART_Start_Receive_DMA), (152 bytes).
    Removing stm32f4xx_hal_uart.o(i.UART_Start_Receive_IT), (70 bytes).
    Removing stm32f4xx_hal_uart.o(i.UART_Transmit_IT), (96 bytes).
    Removing system_stm32f4xx.o(.rev16_text), (4 bytes).
    Removing system_stm32f4xx.o(.revsh_text), (4 bytes).
    Removing system_stm32f4xx.o(.rrx_text), (6 bytes).
    Removing system_stm32f4xx.o(i.SystemCoreClockUpdate), (192 bytes).
    Removing dadd.o(.text), (334 bytes).
    Removing dmul.o(.text), (228 bytes).
    Removing ddiv.o(.text), (222 bytes).
    Removing dfixul.o(.text), (48 bytes).
    Removing cdrcmple.o(.text), (48 bytes).
    Removing depilogue.o(.text), (186 bytes).

458 unused section(s) (total 42456 bytes) removed from the image.

==============================================================================

Image Symbol Table

    Local Symbols

    Symbol Name                              Value     Ov Type        Size  Object(Section)

    ../Drivers/STM32F4xx_HAL_Driver/Src/stm32f4xx_hal.c 0x00000000   Number         0  stm32f4xx_hal.o ABSOLUTE
    ../Drivers/STM32F4xx_HAL_Driver/Src/stm32f4xx_hal_cortex.c 0x00000000   Number         0  stm32f4xx_hal_cortex.o ABSOLUTE
    ../Drivers/STM32F4xx_HAL_Driver/Src/stm32f4xx_hal_dma.c 0x00000000   Number         0  stm32f4xx_hal_dma.o ABSOLUTE
    ../Drivers/STM32F4xx_HAL_Driver/Src/stm32f4xx_hal_dma_ex.c 0x00000000   Number         0  stm32f4xx_hal_dma_ex.o ABSOLUTE
    ../Drivers/STM32F4xx_HAL_Driver/Src/stm32f4xx_hal_exti.c 0x00000000   Number         0  stm32f4xx_hal_exti.o ABSOLUTE
    ../Drivers/STM32F4xx_HAL_Driver/Src/stm32f4xx_hal_flash.c 0x00000000   Number         0  stm32f4xx_hal_flash.o ABSOLUTE
    ../Drivers/STM32F4xx_HAL_Driver/Src/stm32f4xx_hal_flash_ex.c 0x00000000   Number         0  stm32f4xx_hal_flash_ex.o ABSOLUTE
    ../Drivers/STM32F4xx_HAL_Driver/Src/stm32f4xx_hal_flash_ramfunc.c 0x00000000   Number         0  stm32f4xx_hal_flash_ramfunc.o ABSOLUTE
    ../Drivers/STM32F4xx_HAL_Driver/Src/stm32f4xx_hal_gpio.c 0x00000000   Number         0  stm32f4xx_hal_gpio.o ABSOLUTE
    ../Drivers/STM32F4xx_HAL_Driver/Src/stm32f4xx_hal_pwr.c 0x00000000   Number         0  stm32f4xx_hal_pwr.o ABSOLUTE
    ../Drivers/STM32F4xx_HAL_Driver/Src/stm32f4xx_hal_pwr_ex.c 0x00000000   Number         0  stm32f4xx_hal_pwr_ex.o ABSOLUTE
    ../Drivers/STM32F4xx_HAL_Driver/Src/stm32f4xx_hal_rcc.c 0x00000000   Number         0  stm32f4xx_hal_rcc.o ABSOLUTE
    ../Drivers/STM32F4xx_HAL_Driver/Src/stm32f4xx_hal_rcc_ex.c 0x00000000   Number         0  stm32f4xx_hal_rcc_ex.o ABSOLUTE
    ../Drivers/STM32F4xx_HAL_Driver/Src/stm32f4xx_hal_tim.c 0x00000000   Number         0  stm32f4xx_hal_tim.o ABSOLUTE
    ../Drivers/STM32F4xx_HAL_Driver/Src/stm32f4xx_hal_tim_ex.c 0x00000000   Number         0  stm32f4xx_hal_tim_ex.o ABSOLUTE
    ../Drivers/STM32F4xx_HAL_Driver/Src/stm32f4xx_hal_uart.c 0x00000000   Number         0  stm32f4xx_hal_uart.o ABSOLUTE
    ../Src/main.c                            0x00000000   Number         0  main.o ABSOLUTE
    ../Src/stm32f4xx_hal_msp.c               0x00000000   Number         0  stm32f4xx_hal_msp.o ABSOLUTE
    ../Src/stm32f4xx_it.c                    0x00000000   Number         0  stm32f4xx_it.o ABSOLUTE
    ../Src/system_stm32f4xx.c                0x00000000   Number         0  system_stm32f4xx.o ABSOLUTE
    ../clib/microlib/division.c              0x00000000   Number         0  uidiv.o ABSOLUTE
    ../clib/microlib/division.c              0x00000000   Number         0  uldiv.o ABSOLUTE
    ../clib/microlib/init/entry.s            0x00000000   Number         0  entry5.o ABSOLUTE
    ../clib/microlib/init/entry.s            0x00000000   Number         0  entry11b.o ABSOLUTE
    ../clib/microlib/init/entry.s            0x00000000   Number         0  entry11a.o ABSOLUTE
    ../clib/microlib/init/entry.s            0x00000000   Number         0  entry10a.o ABSOLUTE
    ../clib/microlib/init/entry.s            0x00000000   Number         0  entry2.o ABSOLUTE
    ../clib/microlib/init/entry.s            0x00000000   Number         0  entry9b.o ABSOLUTE
    ../clib/microlib/init/entry.s            0x00000000   Number         0  entry9a.o ABSOLUTE
    ../clib/microlib/init/entry.s            0x00000000   Number         0  entry8b.o ABSOLUTE
    ../clib/microlib/init/entry.s            0x00000000   Number         0  entry8a.o ABSOLUTE
    ../clib/microlib/init/entry.s            0x00000000   Number         0  entry10b.o ABSOLUTE
    ../clib/microlib/init/entry.s            0x00000000   Number         0  entry7b.o ABSOLUTE
    ../clib/microlib/init/entry.s            0x00000000   Number         0  entry7a.o ABSOLUTE
    ../clib/microlib/init/entry.s            0x00000000   Number         0  entry.o ABSOLUTE
    ../clib/microlib/longlong.c              0x00000000   Number         0  llshl.o ABSOLUTE
    ../clib/microlib/longlong.c              0x00000000   Number         0  llushr.o ABSOLUTE
    ../clib/microlib/longlong.c              0x00000000   Number         0  llsshr.o ABSOLUTE
    ../clib/microlib/printf/printf.c         0x00000000   Number         0  printf8.o ABSOLUTE
    ../clib/microlib/printf/printf.c         0x00000000   Number         0  printf7.o ABSOLUTE
    ../clib/microlib/printf/printf.c         0x00000000   Number         0  printf6.o ABSOLUTE
    ../clib/microlib/printf/printf.c         0x00000000   Number         0  printf5.o ABSOLUTE
    ../clib/microlib/printf/printf.c         0x00000000   Number         0  printf3.o ABSOLUTE
    ../clib/microlib/printf/printf.c         0x00000000   Number         0  printf2.o ABSOLUTE
    ../clib/microlib/printf/printf.c         0x00000000   Number         0  printf0.o ABSOLUTE
    ../clib/microlib/printf/printf.c         0x00000000   Number         0  printfb.o ABSOLUTE
    ../clib/microlib/printf/printf.c         0x00000000   Number         0  printf4.o ABSOLUTE
    ../clib/microlib/printf/printf.c         0x00000000   Number         0  printf1.o ABSOLUTE
    ../clib/microlib/printf/printf.c         0x00000000   Number         0  printfa.o ABSOLUTE
    ../clib/microlib/printf/stubs.s          0x00000000   Number         0  stubs.o ABSOLUTE
    ../clib/microlib/stdio/fputc.c           0x00000000   Number         0  fputc.o ABSOLUTE
    ../clib/microlib/stdio/semi.s            0x00000000   Number         0  semi.o ABSOLUTE
    ../clib/microlib/stdio/streams.c         0x00000000   Number         0  stdout.o ABSOLUTE
    ../clib/microlib/string/memset.c         0x00000000   Number         0  memseta.o ABSOLUTE
    ../clib/microlib/string/strlen.c         0x00000000   Number         0  strlen.o ABSOLUTE
    ../clib/microlib/stubs.s                 0x00000000   Number         0  iusefp.o ABSOLUTE
    ../clib/microlib/stubs.s                 0x00000000   Number         0  iusesemip.o ABSOLUTE
    ../fplib/microlib/fpadd.c                0x00000000   Number         0  dadd.o ABSOLUTE
    ../fplib/microlib/fpdiv.c                0x00000000   Number         0  ddiv.o ABSOLUTE
    ../fplib/microlib/fpepilogue.c           0x00000000   Number         0  depilogue.o ABSOLUTE
    ../fplib/microlib/fpfix.c                0x00000000   Number         0  dfixul.o ABSOLUTE
    ../fplib/microlib/fpmul.c                0x00000000   Number         0  dmul.o ABSOLUTE
    ..\Drivers\STM32F4xx_HAL_Driver\Src\stm32f4xx_hal.c 0x00000000   Number         0  stm32f4xx_hal.o ABSOLUTE
    ..\Drivers\STM32F4xx_HAL_Driver\Src\stm32f4xx_hal_cortex.c 0x00000000   Number         0  stm32f4xx_hal_cortex.o ABSOLUTE
    ..\Drivers\STM32F4xx_HAL_Driver\Src\stm32f4xx_hal_dma.c 0x00000000   Number         0  stm32f4xx_hal_dma.o ABSOLUTE
    ..\Drivers\STM32F4xx_HAL_Driver\Src\stm32f4xx_hal_dma_ex.c 0x00000000   Number         0  stm32f4xx_hal_dma_ex.o ABSOLUTE
    ..\Drivers\STM32F4xx_HAL_Driver\Src\stm32f4xx_hal_exti.c 0x00000000   Number         0  stm32f4xx_hal_exti.o ABSOLUTE
    ..\Drivers\STM32F4xx_HAL_Driver\Src\stm32f4xx_hal_flash.c 0x00000000   Number         0  stm32f4xx_hal_flash.o ABSOLUTE
    ..\Drivers\STM32F4xx_HAL_Driver\Src\stm32f4xx_hal_flash_ex.c 0x00000000   Number         0  stm32f4xx_hal_flash_ex.o ABSOLUTE
    ..\Drivers\STM32F4xx_HAL_Driver\Src\stm32f4xx_hal_flash_ramfunc.c 0x00000000   Number         0  stm32f4xx_hal_flash_ramfunc.o ABSOLUTE
    ..\Drivers\STM32F4xx_HAL_Driver\Src\stm32f4xx_hal_gpio.c 0x00000000   Number         0  stm32f4xx_hal_gpio.o ABSOLUTE
    ..\Drivers\STM32F4xx_HAL_Driver\Src\stm32f4xx_hal_pwr.c 0x00000000   Number         0  stm32f4xx_hal_pwr.o ABSOLUTE
    ..\Drivers\STM32F4xx_HAL_Driver\Src\stm32f4xx_hal_pwr_ex.c 0x00000000   Number         0  stm32f4xx_hal_pwr_ex.o ABSOLUTE
    ..\Drivers\STM32F4xx_HAL_Driver\Src\stm32f4xx_hal_rcc.c 0x00000000   Number         0  stm32f4xx_hal_rcc.o ABSOLUTE
    ..\Drivers\STM32F4xx_HAL_Driver\Src\stm32f4xx_hal_rcc_ex.c 0x00000000   Number         0  stm32f4xx_hal_rcc_ex.o ABSOLUTE
    ..\Drivers\STM32F4xx_HAL_Driver\Src\stm32f4xx_hal_tim.c 0x00000000   Number         0  stm32f4xx_hal_tim.o ABSOLUTE
    ..\Drivers\STM32F4xx_HAL_Driver\Src\stm32f4xx_hal_tim_ex.c 0x00000000   Number         0  stm32f4xx_hal_tim_ex.o ABSOLUTE
    ..\Drivers\STM32F4xx_HAL_Driver\Src\stm32f4xx_hal_uart.c 0x00000000   Number         0  stm32f4xx_hal_uart.o ABSOLUTE
    ..\Src\lte.c                             0x00000000   Number         0  lte.o ABSOLUTE
    ..\Src\main.c                            0x00000000   Number         0  main.o ABSOLUTE
    ..\Src\soft_uart.c                       0x00000000   Number         0  soft_uart.o ABSOLUTE
    ..\Src\stm32f4xx_hal_msp.c               0x00000000   Number         0  stm32f4xx_hal_msp.o ABSOLUTE
    ..\Src\stm32f4xx_hal_uart_emul.c         0x00000000   Number         0  stm32f4xx_hal_uart_emul.o ABSOLUTE
    ..\Src\stm32f4xx_it.c                    0x00000000   Number         0  stm32f4xx_it.o ABSOLUTE
    ..\Src\system_stm32f4xx.c                0x00000000   Number         0  system_stm32f4xx.o ABSOLUTE
    ..\\Src\\lte.c                           0x00000000   Number         0  lte.o ABSOLUTE
    ..\\Src\\soft_uart.c                     0x00000000   Number         0  soft_uart.o ABSOLUTE
    ..\\Src\\stm32f4xx_hal_uart_emul.c       0x00000000   Number         0  stm32f4xx_hal_uart_emul.o ABSOLUTE
    cdrcmple.s                               0x00000000   Number         0  cdrcmple.o ABSOLUTE
    dc.s                                     0x00000000   Number         0  dc.o ABSOLUTE
    handlers.s                               0x00000000   Number         0  handlers.o ABSOLUTE
    init.s                                   0x00000000   Number         0  init.o ABSOLUTE
    startup_stm32f401xc.s                    0x00000000   Number         0  startup_stm32f401xc.o ABSOLUTE
    RESET                                    0x08000000   Section      404  startup_stm32f401xc.o(RESET)
    .ARM.Collect$$$$00000000                 0x08000194   Section        0  entry.o(.ARM.Collect$$$$00000000)
    .ARM.Collect$$$$00000001                 0x08000194   Section        4  entry2.o(.ARM.Collect$$$$00000001)
    .ARM.Collect$$$$00000004                 0x08000198   Section        4  entry5.o(.ARM.Collect$$$$00000004)
    .ARM.Collect$$$$00000008                 0x0800019c   Section        0  entry7b.o(.ARM.Collect$$$$00000008)
    .ARM.Collect$$$$0000000A                 0x0800019c   Section        0  entry8b.o(.ARM.Collect$$$$0000000A)
    .ARM.Collect$$$$0000000B                 0x0800019c   Section        8  entry9a.o(.ARM.Collect$$$$0000000B)
    .ARM.Collect$$$$0000000D                 0x080001a4   Section        0  entry10a.o(.ARM.Collect$$$$0000000D)
    .ARM.Collect$$$$0000000F                 0x080001a4   Section        0  entry11a.o(.ARM.Collect$$$$0000000F)
    .ARM.Collect$$$$00002712                 0x080001a4   Section        4  entry2.o(.ARM.Collect$$$$00002712)
    __lit__00000000                          0x080001a4   Data           4  entry2.o(.ARM.Collect$$$$00002712)
    .text                                    0x080001a8   Section       36  startup_stm32f401xc.o(.text)
    $v0                                      0x080001a8   Number         0  startup_stm32f401xc.o(.text)
    .text                                    0x080001cc   Section        0  uldiv.o(.text)
    .text                                    0x0800022e   Section        0  memseta.o(.text)
    .text                                    0x08000252   Section        0  strlen.o(.text)
    .text                                    0x08000260   Section        0  uidiv.o(.text)
    .text                                    0x0800028c   Section        0  llshl.o(.text)
    .text                                    0x080002aa   Section        0  llushr.o(.text)
    .text                                    0x080002cc   Section       36  init.o(.text)
    i.Blynk                                  0x080002f0   Section        0  lte.o(i.Blynk)
    i.BusFault_Handler                       0x08000318   Section        0  stm32f4xx_it.o(i.BusFault_Handler)
    i.Check_New_Msg                          0x0800031c   Section        0  soft_uart.o(i.Check_New_Msg)
    i.Compare_Str                            0x0800034c   Section        0  soft_uart.o(i.Compare_Str)
    i.Confirm_OK                             0x08000370   Section        0  soft_uart.o(i.Confirm_OK)
    i.DMA2_Stream1_IRQHandler                0x08000390   Section        0  stm32f4xx_hal_uart_emul.o(i.DMA2_Stream1_IRQHandler)
    i.DMA2_Stream2_IRQHandler                0x08000b6c   Section        0  stm32f4xx_hal_uart_emul.o(i.DMA2_Stream2_IRQHandler)
    i.DMA_CalcBaseAndBitshift                0x08001374   Section        0  stm32f4xx_hal_dma.o(i.DMA_CalcBaseAndBitshift)
    DMA_CalcBaseAndBitshift                  0x08001375   Thumb Code    46  stm32f4xx_hal_dma.o(i.DMA_CalcBaseAndBitshift)
    i.DMA_CheckFifoParam                     0x080013a8   Section        0  stm32f4xx_hal_dma.o(i.DMA_CheckFifoParam)
    DMA_CheckFifoParam                       0x080013a9   Thumb Code   170  stm32f4xx_hal_dma.o(i.DMA_CheckFifoParam)
    i.DebugMon_Handler                       0x08001452   Section        0  stm32f4xx_it.o(i.DebugMon_Handler)
    i.Delete_Memory_SMS                      0x08001454   Section        0  lte.o(i.Delete_Memory_SMS)
    i.EXTI15_10_IRQHandler                   0x080014b8   Section        0  stm32f4xx_it.o(i.EXTI15_10_IRQHandler)
    i.Enable_LTE                             0x080014c4   Section        0  lte.o(i.Enable_LTE)
    i.Error_Handler                          0x080014d8   Section        0  main.o(i.Error_Handler)
    i.Get_Data_Msg                           0x080014e4   Section        0  soft_uart.o(i.Get_Data_Msg)
    i.Get_ID_Msg                             0x0800159c   Section        0  soft_uart.o(i.Get_ID_Msg)
    i.Get_Paragraph                          0x080015e6   Section        0  soft_uart.o(i.Get_Paragraph)
    i.HAL_DMA_Init                           0x08001604   Section        0  stm32f4xx_hal_dma.o(i.HAL_DMA_Init)
    i.HAL_Delay                              0x080016f0   Section        0  stm32f4xx_hal.o(i.HAL_Delay)
    i.HAL_GPIO_EXTI_Callback                 0x08001718   Section        0  stm32f4xx_hal_uart_emul.o(i.HAL_GPIO_EXTI_Callback)
    i.HAL_GPIO_EXTI_IRQHandler               0x08001794   Section        0  stm32f4xx_hal_gpio.o(i.HAL_GPIO_EXTI_IRQHandler)
    i.HAL_GPIO_Init                          0x080017b0   Section        0  stm32f4xx_hal_gpio.o(i.HAL_GPIO_Init)
    i.HAL_GPIO_TogglePin                     0x08001988   Section        0  stm32f4xx_hal_gpio.o(i.HAL_GPIO_TogglePin)
    i.HAL_GPIO_WritePin                      0x0800199c   Section        0  stm32f4xx_hal_gpio.o(i.HAL_GPIO_WritePin)
    i.HAL_GetTick                            0x080019a8   Section        0  stm32f4xx_hal.o(i.HAL_GetTick)
    i.HAL_IncTick                            0x080019b4   Section        0  stm32f4xx_hal.o(i.HAL_IncTick)
    i.HAL_Init                               0x080019cc   Section        0  stm32f4xx_hal.o(i.HAL_Init)
    i.HAL_InitTick                           0x08001a08   Section        0  stm32f4xx_hal.o(i.HAL_InitTick)
    i.HAL_MspInit                            0x08001a54   Section        0  stm32f4xx_hal_msp.o(i.HAL_MspInit)
    i.HAL_NVIC_EnableIRQ                     0x08001a9c   Section        0  stm32f4xx_hal_cortex.o(i.HAL_NVIC_EnableIRQ)
    i.HAL_NVIC_SetPriority                   0x08001abc   Section        0  stm32f4xx_hal_cortex.o(i.HAL_NVIC_SetPriority)
    i.HAL_NVIC_SetPriorityGrouping           0x08001b38   Section        0  stm32f4xx_hal_cortex.o(i.HAL_NVIC_SetPriorityGrouping)
    i.HAL_RCC_ClockConfig                    0x08001b60   Section        0  stm32f4xx_hal_rcc.o(i.HAL_RCC_ClockConfig)
    i.HAL_RCC_GetHCLKFreq                    0x08001ce4   Section        0  stm32f4xx_hal_rcc.o(i.HAL_RCC_GetHCLKFreq)
    i.HAL_RCC_GetPCLK1Freq                   0x08001cf0   Section        0  stm32f4xx_hal_rcc.o(i.HAL_RCC_GetPCLK1Freq)
    i.HAL_RCC_GetPCLK2Freq                   0x08001d10   Section        0  stm32f4xx_hal_rcc.o(i.HAL_RCC_GetPCLK2Freq)
    i.HAL_RCC_GetSysClockFreq                0x08001d30   Section        0  stm32f4xx_hal_rcc.o(i.HAL_RCC_GetSysClockFreq)
    i.HAL_RCC_OscConfig                      0x08001de0   Section        0  stm32f4xx_hal_rcc.o(i.HAL_RCC_OscConfig)
    i.HAL_SYSTICK_Config                     0x0800227c   Section        0  stm32f4xx_hal_cortex.o(i.HAL_SYSTICK_Config)
    i.HAL_TIMEx_MasterConfigSynchronization  0x080022b0   Section        0  stm32f4xx_hal_tim_ex.o(i.HAL_TIMEx_MasterConfigSynchronization)
    i.HAL_TIM_Base_Init                      0x0800234c   Section        0  stm32f4xx_hal_tim.o(i.HAL_TIM_Base_Init)
    i.HAL_TIM_Base_MspInit                   0x080023b4   Section        0  stm32f4xx_hal_msp.o(i.HAL_TIM_Base_MspInit)
    i.HAL_TIM_ConfigClockSource              0x080023e8   Section        0  stm32f4xx_hal_tim.o(i.HAL_TIM_ConfigClockSource)
    i.HAL_UART_Emul_ErrorCallback            0x080024f0   Section        0  soft_uart.o(i.HAL_UART_Emul_ErrorCallback)
    i.HAL_UART_Emul_Init                     0x08002508   Section        0  stm32f4xx_hal_uart_emul.o(i.HAL_UART_Emul_Init)
    i.HAL_UART_Emul_MspInit                  0x08002544   Section        0  stm32f4xx_hal_msp.o(i.HAL_UART_Emul_MspInit)
    i.HAL_UART_Emul_Receive_DMA              0x0800262c   Section        0  stm32f4xx_hal_uart_emul.o(i.HAL_UART_Emul_Receive_DMA)
    i.HAL_UART_Emul_RxCpltCallback           0x080026a4   Section        0  soft_uart.o(i.HAL_UART_Emul_RxCpltCallback)
    i.HAL_UART_Emul_Transmit_DMA             0x080026c8   Section        0  stm32f4xx_hal_uart_emul.o(i.HAL_UART_Emul_Transmit_DMA)
    i.HAL_UART_Emul_TxCpltCallback           0x08002778   Section        0  stm32f4xx_hal_uart_emul.o(i.HAL_UART_Emul_TxCpltCallback)
    i.HAL_UART_Init                          0x0800277a   Section        0  stm32f4xx_hal_uart.o(i.HAL_UART_Init)
    i.HAL_UART_MspInit                       0x080027ec   Section        0  stm32f4xx_hal_msp.o(i.HAL_UART_MspInit)
    i.HAL_UART_Transmit                      0x08002874   Section        0  stm32f4xx_hal_uart.o(i.HAL_UART_Transmit)
    i.HTTP_Active_PDP                        0x08002948   Section        0  lte.o(i.HTTP_Active_PDP)
    i.HTTP_Config_ID                         0x080029a4   Section        0  lte.o(i.HTTP_Config_ID)
    i.HTTP_Config_TCP_IP                     0x08002a0c   Section        0  lte.o(i.HTTP_Config_TCP_IP)
    i.HTTP_Deactive_PDP                      0x08002aa8   Section        0  lte.o(i.HTTP_Deactive_PDP)
    i.HTTP_Enable_Response                   0x08002b04   Section        0  lte.o(i.HTTP_Enable_Response)
    i.HTTP_Get_Range                         0x08002b60   Section        0  lte.o(i.HTTP_Get_Range)
    i.HTTP_Ping_IP                           0x08002c1c   Section        0  lte.o(i.HTTP_Ping_IP)
    i.HTTP_Set_URL                           0x08002cd0   Section        0  lte.o(i.HTTP_Set_URL)
    i.HardFault_Handler                      0x08002d38   Section        0  stm32f4xx_it.o(i.HardFault_Handler)
    i.Log_Info                               0x08002d3c   Section        0  stm32f4xx_hal_uart_emul.o(i.Log_Info)
    i.MX_GPIO_Init                           0x08002d78   Section        0  main.o(i.MX_GPIO_Init)
    MX_GPIO_Init                             0x08002d79   Thumb Code   204  main.o(i.MX_GPIO_Init)
    i.MX_TIM1_Init                           0x08002e50   Section        0  main.o(i.MX_TIM1_Init)
    MX_TIM1_Init                             0x08002e51   Thumb Code    96  main.o(i.MX_TIM1_Init)
    i.MX_USART1_UART_Init                    0x08002eb8   Section        0  main.o(i.MX_USART1_UART_Init)
    MX_USART1_UART_Init                      0x08002eb9   Thumb Code    46  main.o(i.MX_USART1_UART_Init)
    i.MemManage_Handler                      0x08002ef0   Section        0  stm32f4xx_it.o(i.MemManage_Handler)
    i.NMI_Handler                            0x08002ef4   Section        0  stm32f4xx_it.o(i.NMI_Handler)
    i.PendSV_Handler                         0x08002ef8   Section        0  stm32f4xx_it.o(i.PendSV_Handler)
    i.Recv_Data                              0x08002efc   Section        0  soft_uart.o(i.Recv_Data)
    i.Recv_Data_Continue                     0x08002f44   Section        0  soft_uart.o(i.Recv_Data_Continue)
    i.Recv_Response                          0x08002fb4   Section        0  soft_uart.o(i.Recv_Response)
    i.Recv_Response_Continue                 0x0800302c   Section        0  soft_uart.o(i.Recv_Response_Continue)
    i.SVC_Handler                            0x080030a4   Section        0  stm32f4xx_it.o(i.SVC_Handler)
    i.SysTick_Handler                        0x080030a6   Section        0  stm32f4xx_it.o(i.SysTick_Handler)
    i.SystemClock_Config                     0x080030b0   Section        0  main.o(i.SystemClock_Config)
    i.SystemInit                             0x08003168   Section        0  system_stm32f4xx.o(i.SystemInit)
    i.TIM_Base_SetConfig                     0x0800317c   Section        0  stm32f4xx_hal_tim.o(i.TIM_Base_SetConfig)
    i.TIM_CCxChannelCmd                      0x08003220   Section        0  stm32f4xx_hal_tim.o(i.TIM_CCxChannelCmd)
    i.TIM_ETR_SetConfig                      0x08003242   Section        0  stm32f4xx_hal_tim.o(i.TIM_ETR_SetConfig)
    i.TIM_ITRx_SetConfig                     0x08003258   Section        0  stm32f4xx_hal_tim.o(i.TIM_ITRx_SetConfig)
    TIM_ITRx_SetConfig                       0x08003259   Thumb Code    18  stm32f4xx_hal_tim.o(i.TIM_ITRx_SetConfig)
    i.TIM_TI1_ConfigInputStage               0x0800326a   Section        0  stm32f4xx_hal_tim.o(i.TIM_TI1_ConfigInputStage)
    TIM_TI1_ConfigInputStage                 0x0800326b   Thumb Code    38  stm32f4xx_hal_tim.o(i.TIM_TI1_ConfigInputStage)
    i.TIM_TI2_ConfigInputStage               0x08003290   Section        0  stm32f4xx_hal_tim.o(i.TIM_TI2_ConfigInputStage)
    TIM_TI2_ConfigInputStage                 0x08003291   Thumb Code    40  stm32f4xx_hal_tim.o(i.TIM_TI2_ConfigInputStage)
    i.Trans_Data                             0x080032b8   Section        0  soft_uart.o(i.Trans_Data)
    i.UART_Emul_DMAError                     0x0800330c   Section        0  stm32f4xx_hal_uart_emul.o(i.UART_Emul_DMAError)
    UART_Emul_DMAError                       0x0800330d   Thumb Code    50  stm32f4xx_hal_uart_emul.o(i.UART_Emul_DMAError)
    i.UART_Emul_DMAReceiveCplt               0x08003344   Section        0  stm32f4xx_hal_uart_emul.o(i.UART_Emul_DMAReceiveCplt)
    UART_Emul_DMAReceiveCplt                 0x08003345   Thumb Code   184  stm32f4xx_hal_uart_emul.o(i.UART_Emul_DMAReceiveCplt)
    i.UART_Emul_DMATransmitCplt              0x08003410   Section        0  stm32f4xx_hal_uart_emul.o(i.UART_Emul_DMATransmitCplt)
    UART_Emul_DMATransmitCplt                0x08003411   Thumb Code   222  stm32f4xx_hal_uart_emul.o(i.UART_Emul_DMATransmitCplt)
    i.UART_Emul_ReceiveFormatFrame           0x08003504   Section        0  stm32f4xx_hal_uart_emul.o(i.UART_Emul_ReceiveFormatFrame)
    UART_Emul_ReceiveFormatFrame             0x08003505   Thumb Code   248  stm32f4xx_hal_uart_emul.o(i.UART_Emul_ReceiveFormatFrame)
    i.UART_Emul_ReceiveFrame                 0x08003604   Section        0  stm32f4xx_hal_uart_emul.o(i.UART_Emul_ReceiveFrame)
    UART_Emul_ReceiveFrame                   0x08003605   Thumb Code   168  stm32f4xx_hal_uart_emul.o(i.UART_Emul_ReceiveFrame)
    i.UART_Emul_SetConfig                    0x080036bc   Section        0  stm32f4xx_hal_uart_emul.o(i.UART_Emul_SetConfig)
    UART_Emul_SetConfig                      0x080036bd   Thumb Code   150  stm32f4xx_hal_uart_emul.o(i.UART_Emul_SetConfig)
    i.UART_Emul_SetConfig_DMARx              0x0800375c   Section        0  stm32f4xx_hal_uart_emul.o(i.UART_Emul_SetConfig_DMARx)
    UART_Emul_SetConfig_DMARx                0x0800375d   Thumb Code    98  stm32f4xx_hal_uart_emul.o(i.UART_Emul_SetConfig_DMARx)
    i.UART_Emul_SetConfig_DMATx              0x080037cc   Section        0  stm32f4xx_hal_uart_emul.o(i.UART_Emul_SetConfig_DMATx)
    UART_Emul_SetConfig_DMATx                0x080037cd   Thumb Code   124  stm32f4xx_hal_uart_emul.o(i.UART_Emul_SetConfig_DMATx)
    i.UART_Emul_TransmitFormatFrame          0x08003858   Section        0  stm32f4xx_hal_uart_emul.o(i.UART_Emul_TransmitFormatFrame)
    UART_Emul_TransmitFormatFrame            0x08003859   Thumb Code   192  stm32f4xx_hal_uart_emul.o(i.UART_Emul_TransmitFormatFrame)
    i.UART_Emul_TransmitFrame                0x08003918   Section        0  stm32f4xx_hal_uart_emul.o(i.UART_Emul_TransmitFrame)
    UART_Emul_TransmitFrame                  0x08003919   Thumb Code   146  stm32f4xx_hal_uart_emul.o(i.UART_Emul_TransmitFrame)
    i.UART_SetConfig                         0x080039c0   Section        0  stm32f4xx_hal_uart.o(i.UART_SetConfig)
    UART_SetConfig                           0x080039c1   Thumb Code   546  stm32f4xx_hal_uart.o(i.UART_SetConfig)
    i.UART_WaitOnFlagUntilTimeout            0x08003bec   Section        0  stm32f4xx_hal_uart.o(i.UART_WaitOnFlagUntilTimeout)
    UART_WaitOnFlagUntilTimeout              0x08003bed   Thumb Code   108  stm32f4xx_hal_uart.o(i.UART_WaitOnFlagUntilTimeout)
    i.UartEmul_Init                          0x08003c58   Section        0  soft_uart.o(i.UartEmul_Init)
    i.UsageFault_Handler                     0x08003c84   Section        0  stm32f4xx_it.o(i.UsageFault_Handler)
    i.__0sprintf$3                           0x08003c88   Section        0  printf3.o(i.__0sprintf$3)
    i.__NVIC_GetPriorityGrouping             0x08003cb0   Section        0  stm32f4xx_hal_cortex.o(i.__NVIC_GetPriorityGrouping)
    __NVIC_GetPriorityGrouping               0x08003cb1   Thumb Code    10  stm32f4xx_hal_cortex.o(i.__NVIC_GetPriorityGrouping)
    i.__NVIC_SetPriority                     0x08003cc0   Section        0  stm32f4xx_hal_cortex.o(i.__NVIC_SetPriority)
    __NVIC_SetPriority                       0x08003cc1   Thumb Code    32  stm32f4xx_hal_cortex.o(i.__NVIC_SetPriority)
    i.__scatterload_copy                     0x08003ce8   Section       14  handlers.o(i.__scatterload_copy)
    i.__scatterload_null                     0x08003cf6   Section        2  handlers.o(i.__scatterload_null)
    i.__scatterload_zeroinit                 0x08003cf8   Section       14  handlers.o(i.__scatterload_zeroinit)
    i._printf_core                           0x08003d08   Section        0  printf3.o(i._printf_core)
    _printf_core                             0x08003d09   Thumb Code   436  printf3.o(i._printf_core)
    i._sputc                                 0x08003ec0   Section        0  printf3.o(i._sputc)
    _sputc                                   0x08003ec1   Thumb Code    10  printf3.o(i._sputc)
    i.main                                   0x08003ecc   Section        0  main.o(i.main)
    .constdata                               0x080040f4   Section        8  stm32f4xx_hal_dma.o(.constdata)
    flagBitshiftOffset                       0x080040f4   Data           8  stm32f4xx_hal_dma.o(.constdata)
    .constdata                               0x080040fc   Section       24  system_stm32f4xx.o(.constdata)
    .data                                    0x20000000   Section        4  stm32f4xx_hal_uart_emul.o(.data)
    huart_emul                               0x20000000   Data           4  stm32f4xx_hal_uart_emul.o(.data)
    .data                                    0x20000004   Section       16  main.o(.data)
    .data                                    0x20000014   Section        9  stm32f4xx_hal.o(.data)
    .data                                    0x20000020   Section        4  system_stm32f4xx.o(.data)
    .bss                                     0x20000024   Section      476  stm32f4xx_hal_uart_emul.o(.bss)
    hdma_tx                                  0x20000038   Data          96  stm32f4xx_hal_uart_emul.o(.bss)
    hdma_rx                                  0x20000098   Data          96  stm32f4xx_hal_uart_emul.o(.bss)
    TimHandle                                0x200000f8   Data          72  stm32f4xx_hal_uart_emul.o(.bss)
    pFirstBuffer_Rx                          0x20000140   Data          48  stm32f4xx_hal_uart_emul.o(.bss)
    pSecondBuffer_Rx                         0x20000170   Data          48  stm32f4xx_hal_uart_emul.o(.bss)
    pFirstBuffer_Tx                          0x200001a0   Data          48  stm32f4xx_hal_uart_emul.o(.bss)
    pSecondBuffer_Tx                         0x200001d0   Data          48  stm32f4xx_hal_uart_emul.o(.bss)
    .bss                                     0x20000200   Section      730  main.o(.bss)
    STACK                                    0x200004e0   Section     1024  startup_stm32f401xc.o(STACK)

    Global Symbols

    Symbol Name                              Value     Ov Type        Size  Object(Section)

    BuildAttributes$$THM_ISAv4$E$P$D$K$B$S$7EM$VFPi3$EXTD16$VFPS$VFMA$PE$A:L22UL41UL21$X:L11$S22US41US21$IEEE1$IW$USESV6$~STKCKD$USESV7$~SHL$OSPACE$ROPI$EBA8$MICROLIB$REQ8$PRES8$EABIv2 0x00000000   Number         0  anon$$obj.o ABSOLUTE
    __ARM_use_no_argv                        0x00000000   Number         0  main.o ABSOLUTE
    _printf_a                                0x00000000   Number         0  stubs.o ABSOLUTE
    _printf_c                                0x00000000   Number         0  stubs.o ABSOLUTE
    _printf_charcount                        0x00000000   Number         0  stubs.o ABSOLUTE
    _printf_d                                0x00000000   Number         0  stubs.o ABSOLUTE
    _printf_e                                0x00000000   Number         0  stubs.o ABSOLUTE
    _printf_f                                0x00000000   Number         0  stubs.o ABSOLUTE
    _printf_flags                            0x00000000   Number         0  stubs.o ABSOLUTE
    _printf_fp_dec                           0x00000000   Number         0  stubs.o ABSOLUTE
    _printf_fp_hex                           0x00000000   Number         0  stubs.o ABSOLUTE
    _printf_g                                0x00000000   Number         0  stubs.o ABSOLUTE
    _printf_i                                0x00000000   Number         0  stubs.o ABSOLUTE
    _printf_int_dec                          0x00000000   Number         0  stubs.o ABSOLUTE
    _printf_l                                0x00000000   Number         0  stubs.o ABSOLUTE
    _printf_lc                               0x00000000   Number         0  stubs.o ABSOLUTE
    _printf_ll                               0x00000000   Number         0  stubs.o ABSOLUTE
    _printf_lld                              0x00000000   Number         0  stubs.o ABSOLUTE
    _printf_lli                              0x00000000   Number         0  stubs.o ABSOLUTE
    _printf_llo                              0x00000000   Number         0  stubs.o ABSOLUTE
    _printf_llu                              0x00000000   Number         0  stubs.o ABSOLUTE
    _printf_llx                              0x00000000   Number         0  stubs.o ABSOLUTE
    _printf_longlong_dec                     0x00000000   Number         0  stubs.o ABSOLUTE
    _printf_longlong_hex                     0x00000000   Number         0  stubs.o ABSOLUTE
    _printf_longlong_oct                     0x00000000   Number         0  stubs.o ABSOLUTE
    _printf_ls                               0x00000000   Number         0  stubs.o ABSOLUTE
    _printf_mbtowc                           0x00000000   Number         0  stubs.o ABSOLUTE
    _printf_n                                0x00000000   Number         0  stubs.o ABSOLUTE
    _printf_o                                0x00000000   Number         0  stubs.o ABSOLUTE
    _printf_p                                0x00000000   Number         0  stubs.o ABSOLUTE
    _printf_percent                          0x00000000   Number         0  stubs.o ABSOLUTE
    _printf_pre_padding                      0x00000000   Number         0  stubs.o ABSOLUTE
    _printf_return_value                     0x00000000   Number         0  stubs.o ABSOLUTE
    _printf_s                                0x00000000   Number         0  stubs.o ABSOLUTE
    _printf_sizespec                         0x00000000   Number         0  stubs.o ABSOLUTE
    _printf_str                              0x00000000   Number         0  stubs.o ABSOLUTE
    _printf_truncate_signed                  0x00000000   Number         0  stubs.o ABSOLUTE
    _printf_truncate_unsigned                0x00000000   Number         0  stubs.o ABSOLUTE
    _printf_u                                0x00000000   Number         0  stubs.o ABSOLUTE
    _printf_wc                               0x00000000   Number         0  stubs.o ABSOLUTE
    _printf_wctomb                           0x00000000   Number         0  stubs.o ABSOLUTE
    _printf_widthprec                        0x00000000   Number         0  stubs.o ABSOLUTE
    _printf_x                                0x00000000   Number         0  stubs.o ABSOLUTE
    __cpp_initialize__aeabi_                  - Undefined Weak Reference
    __cxa_finalize                            - Undefined Weak Reference
    __decompress                              - Undefined Weak Reference
    _clock_init                               - Undefined Weak Reference
    _microlib_exit                            - Undefined Weak Reference
    __Vectors_Size                           0x00000194   Number         0  startup_stm32f401xc.o ABSOLUTE
    __Vectors                                0x08000000   Data           4  startup_stm32f401xc.o(RESET)
    __Vectors_End                            0x08000194   Data           0  startup_stm32f401xc.o(RESET)
    __main                                   0x08000195   Thumb Code     0  entry.o(.ARM.Collect$$$$00000000)
    _main_stk                                0x08000195   Thumb Code     0  entry2.o(.ARM.Collect$$$$00000001)
    _main_scatterload                        0x08000199   Thumb Code     0  entry5.o(.ARM.Collect$$$$00000004)
    __main_after_scatterload                 0x0800019d   Thumb Code     0  entry5.o(.ARM.Collect$$$$00000004)
    _main_clock                              0x0800019d   Thumb Code     0  entry7b.o(.ARM.Collect$$$$00000008)
    _main_cpp_init                           0x0800019d   Thumb Code     0  entry8b.o(.ARM.Collect$$$$0000000A)
    _main_init                               0x0800019d   Thumb Code     0  entry9a.o(.ARM.Collect$$$$0000000B)
    __rt_final_cpp                           0x080001a5   Thumb Code     0  entry10a.o(.ARM.Collect$$$$0000000D)
    __rt_final_exit                          0x080001a5   Thumb Code     0  entry11a.o(.ARM.Collect$$$$0000000F)
    Reset_Handler                            0x080001a9   Thumb Code     8  startup_stm32f401xc.o(.text)
    ADC_IRQHandler                           0x080001c3   Thumb Code     0  startup_stm32f401xc.o(.text)
    DMA1_Stream0_IRQHandler                  0x080001c3   Thumb Code     0  startup_stm32f401xc.o(.text)
    DMA1_Stream1_IRQHandler                  0x080001c3   Thumb Code     0  startup_stm32f401xc.o(.text)
    DMA1_Stream2_IRQHandler                  0x080001c3   Thumb Code     0  startup_stm32f401xc.o(.text)
    DMA1_Stream3_IRQHandler                  0x080001c3   Thumb Code     0  startup_stm32f401xc.o(.text)
    DMA1_Stream4_IRQHandler                  0x080001c3   Thumb Code     0  startup_stm32f401xc.o(.text)
    DMA1_Stream5_IRQHandler                  0x080001c3   Thumb Code     0  startup_stm32f401xc.o(.text)
    DMA1_Stream6_IRQHandler                  0x080001c3   Thumb Code     0  startup_stm32f401xc.o(.text)
    DMA1_Stream7_IRQHandler                  0x080001c3   Thumb Code     0  startup_stm32f401xc.o(.text)
    DMA2_Stream0_IRQHandler                  0x080001c3   Thumb Code     0  startup_stm32f401xc.o(.text)
    DMA2_Stream3_IRQHandler                  0x080001c3   Thumb Code     0  startup_stm32f401xc.o(.text)
    DMA2_Stream4_IRQHandler                  0x080001c3   Thumb Code     0  startup_stm32f401xc.o(.text)
    DMA2_Stream5_IRQHandler                  0x080001c3   Thumb Code     0  startup_stm32f401xc.o(.text)
    DMA2_Stream6_IRQHandler                  0x080001c3   Thumb Code     0  startup_stm32f401xc.o(.text)
    DMA2_Stream7_IRQHandler                  0x080001c3   Thumb Code     0  startup_stm32f401xc.o(.text)
    EXTI0_IRQHandler                         0x080001c3   Thumb Code     0  startup_stm32f401xc.o(.text)
    EXTI1_IRQHandler                         0x080001c3   Thumb Code     0  startup_stm32f401xc.o(.text)
    EXTI2_IRQHandler                         0x080001c3   Thumb Code     0  startup_stm32f401xc.o(.text)
    EXTI3_IRQHandler                         0x080001c3   Thumb Code     0  startup_stm32f401xc.o(.text)
    EXTI4_IRQHandler                         0x080001c3   Thumb Code     0  startup_stm32f401xc.o(.text)
    EXTI9_5_IRQHandler                       0x080001c3   Thumb Code     0  startup_stm32f401xc.o(.text)
    FLASH_IRQHandler                         0x080001c3   Thumb Code     0  startup_stm32f401xc.o(.text)
    FPU_IRQHandler                           0x080001c3   Thumb Code     0  startup_stm32f401xc.o(.text)
    I2C1_ER_IRQHandler                       0x080001c3   Thumb Code     0  startup_stm32f401xc.o(.text)
    I2C1_EV_IRQHandler                       0x080001c3   Thumb Code     0  startup_stm32f401xc.o(.text)
    I2C2_ER_IRQHandler                       0x080001c3   Thumb Code     0  startup_stm32f401xc.o(.text)
    I2C2_EV_IRQHandler                       0x080001c3   Thumb Code     0  startup_stm32f401xc.o(.text)
    I2C3_ER_IRQHandler                       0x080001c3   Thumb Code     0  startup_stm32f401xc.o(.text)
    I2C3_EV_IRQHandler                       0x080001c3   Thumb Code     0  startup_stm32f401xc.o(.text)
    OTG_FS_IRQHandler                        0x080001c3   Thumb Code     0  startup_stm32f401xc.o(.text)
    OTG_FS_WKUP_IRQHandler                   0x080001c3   Thumb Code     0  startup_stm32f401xc.o(.text)
    PVD_IRQHandler                           0x080001c3   Thumb Code     0  startup_stm32f401xc.o(.text)
    RCC_IRQHandler                           0x080001c3   Thumb Code     0  startup_stm32f401xc.o(.text)
    RTC_Alarm_IRQHandler                     0x080001c3   Thumb Code     0  startup_stm32f401xc.o(.text)
    RTC_WKUP_IRQHandler                      0x080001c3   Thumb Code     0  startup_stm32f401xc.o(.text)
    SDIO_IRQHandler                          0x080001c3   Thumb Code     0  startup_stm32f401xc.o(.text)
    SPI1_IRQHandler                          0x080001c3   Thumb Code     0  startup_stm32f401xc.o(.text)
    SPI2_IRQHandler                          0x080001c3   Thumb Code     0  startup_stm32f401xc.o(.text)
    SPI3_IRQHandler                          0x080001c3   Thumb Code     0  startup_stm32f401xc.o(.text)
    SPI4_IRQHandler                          0x080001c3   Thumb Code     0  startup_stm32f401xc.o(.text)
    TAMP_STAMP_IRQHandler                    0x080001c3   Thumb Code     0  startup_stm32f401xc.o(.text)
    TIM1_BRK_TIM9_IRQHandler                 0x080001c3   Thumb Code     0  startup_stm32f401xc.o(.text)
    TIM1_CC_IRQHandler                       0x080001c3   Thumb Code     0  startup_stm32f401xc.o(.text)
    TIM1_TRG_COM_TIM11_IRQHandler            0x080001c3   Thumb Code     0  startup_stm32f401xc.o(.text)
    TIM1_UP_TIM10_IRQHandler                 0x080001c3   Thumb Code     0  startup_stm32f401xc.o(.text)
    TIM2_IRQHandler                          0x080001c3   Thumb Code     0  startup_stm32f401xc.o(.text)
    TIM3_IRQHandler                          0x080001c3   Thumb Code     0  startup_stm32f401xc.o(.text)
    TIM4_IRQHandler                          0x080001c3   Thumb Code     0  startup_stm32f401xc.o(.text)
    TIM5_IRQHandler                          0x080001c3   Thumb Code     0  startup_stm32f401xc.o(.text)
    USART1_IRQHandler                        0x080001c3   Thumb Code     0  startup_stm32f401xc.o(.text)
    USART2_IRQHandler                        0x080001c3   Thumb Code     0  startup_stm32f401xc.o(.text)
    USART6_IRQHandler                        0x080001c3   Thumb Code     0  startup_stm32f401xc.o(.text)
    WWDG_IRQHandler                          0x080001c3   Thumb Code     0  startup_stm32f401xc.o(.text)
    __aeabi_uldivmod                         0x080001cd   Thumb Code    98  uldiv.o(.text)
    __aeabi_memset                           0x0800022f   Thumb Code    14  memseta.o(.text)
    __aeabi_memset4                          0x0800022f   Thumb Code     0  memseta.o(.text)
    __aeabi_memset8                          0x0800022f   Thumb Code     0  memseta.o(.text)
    __aeabi_memclr                           0x0800023d   Thumb Code     4  memseta.o(.text)
    __aeabi_memclr4                          0x0800023d   Thumb Code     0  memseta.o(.text)
    __aeabi_memclr8                          0x0800023d   Thumb Code     0  memseta.o(.text)
    _memset$wrapper                          0x08000241   Thumb Code    18  memseta.o(.text)
    strlen                                   0x08000253   Thumb Code    14  strlen.o(.text)
    __aeabi_uidiv                            0x08000261   Thumb Code     0  uidiv.o(.text)
    __aeabi_uidivmod                         0x08000261   Thumb Code    44  uidiv.o(.text)
    __aeabi_llsl                             0x0800028d   Thumb Code    30  llshl.o(.text)
    _ll_shift_l                              0x0800028d   Thumb Code     0  llshl.o(.text)
    __aeabi_llsr                             0x080002ab   Thumb Code    32  llushr.o(.text)
    _ll_ushift_r                             0x080002ab   Thumb Code     0  llushr.o(.text)
    __scatterload                            0x080002cd   Thumb Code    28  init.o(.text)
    __scatterload_rt2                        0x080002cd   Thumb Code     0  init.o(.text)
    Blynk                                    0x080002f1   Thumb Code    36  lte.o(i.Blynk)
    BusFault_Handler                         0x08000319   Thumb Code     4  stm32f4xx_it.o(i.BusFault_Handler)
    Check_New_Msg                            0x0800031d   Thumb Code    36  soft_uart.o(i.Check_New_Msg)
    Compare_Str                              0x0800034d   Thumb Code    34  soft_uart.o(i.Compare_Str)
    Confirm_OK                               0x08000371   Thumb Code    24  soft_uart.o(i.Confirm_OK)
    DMA2_Stream1_IRQHandler                  0x08000391   Thumb Code  1998  stm32f4xx_hal_uart_emul.o(i.DMA2_Stream1_IRQHandler)
    DMA2_Stream2_IRQHandler                  0x08000b6d   Thumb Code  2048  stm32f4xx_hal_uart_emul.o(i.DMA2_Stream2_IRQHandler)
    DebugMon_Handler                         0x08001453   Thumb Code     2  stm32f4xx_it.o(i.DebugMon_Handler)
    Delete_Memory_SMS                        0x08001455   Thumb Code    58  lte.o(i.Delete_Memory_SMS)
    EXTI15_10_IRQHandler                     0x080014b9   Thumb Code    12  stm32f4xx_it.o(i.EXTI15_10_IRQHandler)
    Enable_LTE                               0x080014c5   Thumb Code    16  lte.o(i.Enable_LTE)
    Error_Handler                            0x080014d9   Thumb Code    12  main.o(i.Error_Handler)
    Get_Data_Msg                             0x080014e5   Thumb Code   130  soft_uart.o(i.Get_Data_Msg)
    Get_ID_Msg                               0x0800159d   Thumb Code    74  soft_uart.o(i.Get_ID_Msg)
    Get_Paragraph                            0x080015e7   Thumb Code    30  soft_uart.o(i.Get_Paragraph)
    HAL_DMA_Init                             0x08001605   Thumb Code   232  stm32f4xx_hal_dma.o(i.HAL_DMA_Init)
    HAL_Delay                                0x080016f1   Thumb Code    36  stm32f4xx_hal.o(i.HAL_Delay)
    HAL_GPIO_EXTI_Callback                   0x08001719   Thumb Code   108  stm32f4xx_hal_uart_emul.o(i.HAL_GPIO_EXTI_Callback)
    HAL_GPIO_EXTI_IRQHandler                 0x08001795   Thumb Code    24  stm32f4xx_hal_gpio.o(i.HAL_GPIO_EXTI_IRQHandler)
    HAL_GPIO_Init                            0x080017b1   Thumb Code   440  stm32f4xx_hal_gpio.o(i.HAL_GPIO_Init)
    HAL_GPIO_TogglePin                       0x08001989   Thumb Code    20  stm32f4xx_hal_gpio.o(i.HAL_GPIO_TogglePin)
    HAL_GPIO_WritePin                        0x0800199d   Thumb Code    12  stm32f4xx_hal_gpio.o(i.HAL_GPIO_WritePin)
    HAL_GetTick                              0x080019a9   Thumb Code     6  stm32f4xx_hal.o(i.HAL_GetTick)
    HAL_IncTick                              0x080019b5   Thumb Code    16  stm32f4xx_hal.o(i.HAL_IncTick)
    HAL_Init                                 0x080019cd   Thumb Code    54  stm32f4xx_hal.o(i.HAL_Init)
    HAL_InitTick                             0x08001a09   Thumb Code    64  stm32f4xx_hal.o(i.HAL_InitTick)
    HAL_MspInit                              0x08001a55   Thumb Code    68  stm32f4xx_hal_msp.o(i.HAL_MspInit)
    HAL_NVIC_EnableIRQ                       0x08001a9d   Thumb Code    32  stm32f4xx_hal_cortex.o(i.HAL_NVIC_EnableIRQ)
    HAL_NVIC_SetPriority                     0x08001abd   Thumb Code   124  stm32f4xx_hal_cortex.o(i.HAL_NVIC_SetPriority)
    HAL_NVIC_SetPriorityGrouping             0x08001b39   Thumb Code    32  stm32f4xx_hal_cortex.o(i.HAL_NVIC_SetPriorityGrouping)
    HAL_RCC_ClockConfig                      0x08001b61   Thumb Code   368  stm32f4xx_hal_rcc.o(i.HAL_RCC_ClockConfig)
    HAL_RCC_GetHCLKFreq                      0x08001ce5   Thumb Code     6  stm32f4xx_hal_rcc.o(i.HAL_RCC_GetHCLKFreq)
    HAL_RCC_GetPCLK1Freq                     0x08001cf1   Thumb Code    22  stm32f4xx_hal_rcc.o(i.HAL_RCC_GetPCLK1Freq)
    HAL_RCC_GetPCLK2Freq                     0x08001d11   Thumb Code    22  stm32f4xx_hal_rcc.o(i.HAL_RCC_GetPCLK2Freq)
    HAL_RCC_GetSysClockFreq                  0x08001d31   Thumb Code   162  stm32f4xx_hal_rcc.o(i.HAL_RCC_GetSysClockFreq)
    HAL_RCC_OscConfig                        0x08001de1   Thumb Code  1172  stm32f4xx_hal_rcc.o(i.HAL_RCC_OscConfig)
    HAL_SYSTICK_Config                       0x0800227d   Thumb Code    52  stm32f4xx_hal_cortex.o(i.HAL_SYSTICK_Config)
    HAL_TIMEx_MasterConfigSynchronization    0x080022b1   Thumb Code   134  stm32f4xx_hal_tim_ex.o(i.HAL_TIMEx_MasterConfigSynchronization)
    HAL_TIM_Base_Init                        0x0800234d   Thumb Code   102  stm32f4xx_hal_tim.o(i.HAL_TIM_Base_Init)
    HAL_TIM_Base_MspInit                     0x080023b5   Thumb Code    44  stm32f4xx_hal_msp.o(i.HAL_TIM_Base_MspInit)
    HAL_TIM_ConfigClockSource                0x080023e9   Thumb Code   264  stm32f4xx_hal_tim.o(i.HAL_TIM_ConfigClockSource)
    HAL_UART_Emul_ErrorCallback              0x080024f1   Thumb Code    14  soft_uart.o(i.HAL_UART_Emul_ErrorCallback)
    HAL_UART_Emul_Init                       0x08002509   Thumb Code    54  stm32f4xx_hal_uart_emul.o(i.HAL_UART_Emul_Init)
    HAL_UART_Emul_MspInit                    0x08002545   Thumb Code   214  stm32f4xx_hal_msp.o(i.HAL_UART_Emul_MspInit)
    HAL_UART_Emul_Receive_DMA                0x0800262d   Thumb Code   104  stm32f4xx_hal_uart_emul.o(i.HAL_UART_Emul_Receive_DMA)
    HAL_UART_Emul_RxCpltCallback             0x080026a5   Thumb Code    24  soft_uart.o(i.HAL_UART_Emul_RxCpltCallback)
    HAL_UART_Emul_Transmit_DMA               0x080026c9   Thumb Code   150  stm32f4xx_hal_uart_emul.o(i.HAL_UART_Emul_Transmit_DMA)
    HAL_UART_Emul_TxCpltCallback             0x08002779   Thumb Code     2  stm32f4xx_hal_uart_emul.o(i.HAL_UART_Emul_TxCpltCallback)
    HAL_UART_Init                            0x0800277b   Thumb Code   114  stm32f4xx_hal_uart.o(i.HAL_UART_Init)
    HAL_UART_MspInit                         0x080027ed   Thumb Code   124  stm32f4xx_hal_msp.o(i.HAL_UART_MspInit)
    HAL_UART_Transmit                        0x08002875   Thumb Code   210  stm32f4xx_hal_uart.o(i.HAL_UART_Transmit)
    HTTP_Active_PDP                          0x08002949   Thumb Code    68  lte.o(i.HTTP_Active_PDP)
    HTTP_Config_ID                           0x080029a5   Thumb Code    68  lte.o(i.HTTP_Config_ID)
    HTTP_Config_TCP_IP                       0x08002a0d   Thumb Code   116  lte.o(i.HTTP_Config_TCP_IP)
    HTTP_Deactive_PDP                        0x08002aa9   Thumb Code    68  lte.o(i.HTTP_Deactive_PDP)
    HTTP_Enable_Response                     0x08002b05   Thumb Code    52  lte.o(i.HTTP_Enable_Response)
    HTTP_Get_Range                           0x08002b61   Thumb Code   124  lte.o(i.HTTP_Get_Range)
    HTTP_Ping_IP                             0x08002c1d   Thumb Code   146  lte.o(i.HTTP_Ping_IP)
    HTTP_Set_URL                             0x08002cd1   Thumb Code    76  lte.o(i.HTTP_Set_URL)
    HardFault_Handler                        0x08002d39   Thumb Code     4  stm32f4xx_it.o(i.HardFault_Handler)
    Log_Info                                 0x08002d3d   Thumb Code    40  stm32f4xx_hal_uart_emul.o(i.Log_Info)
    MemManage_Handler                        0x08002ef1   Thumb Code     4  stm32f4xx_it.o(i.MemManage_Handler)
    NMI_Handler                              0x08002ef5   Thumb Code     4  stm32f4xx_it.o(i.NMI_Handler)
    PendSV_Handler                           0x08002ef9   Thumb Code     2  stm32f4xx_it.o(i.PendSV_Handler)
    Recv_Data                                0x08002efd   Thumb Code    64  soft_uart.o(i.Recv_Data)
    Recv_Data_Continue                       0x08002f45   Thumb Code    88  soft_uart.o(i.Recv_Data_Continue)
    Recv_Response                            0x08002fb5   Thumb Code   100  soft_uart.o(i.Recv_Response)
    Recv_Response_Continue                   0x0800302d   Thumb Code   100  soft_uart.o(i.Recv_Response_Continue)
    SVC_Handler                              0x080030a5   Thumb Code     2  stm32f4xx_it.o(i.SVC_Handler)
    SysTick_Handler                          0x080030a7   Thumb Code     8  stm32f4xx_it.o(i.SysTick_Handler)
    SystemClock_Config                       0x080030b1   Thumb Code   176  main.o(i.SystemClock_Config)
    SystemInit                               0x08003169   Thumb Code    14  system_stm32f4xx.o(i.SystemInit)
    TIM_Base_SetConfig                       0x0800317d   Thumb Code   134  stm32f4xx_hal_tim.o(i.TIM_Base_SetConfig)
    TIM_CCxChannelCmd                        0x08003221   Thumb Code    34  stm32f4xx_hal_tim.o(i.TIM_CCxChannelCmd)
    TIM_ETR_SetConfig                        0x08003243   Thumb Code    22  stm32f4xx_hal_tim.o(i.TIM_ETR_SetConfig)
    Trans_Data                               0x080032b9   Thumb Code    66  soft_uart.o(i.Trans_Data)
    UartEmul_Init                            0x08003c59   Thumb Code    44  soft_uart.o(i.UartEmul_Init)
    UsageFault_Handler                       0x08003c85   Thumb Code     4  stm32f4xx_it.o(i.UsageFault_Handler)
    __0sprintf$3                             0x08003c89   Thumb Code    34  printf3.o(i.__0sprintf$3)
    __1sprintf$3                             0x08003c89   Thumb Code     0  printf3.o(i.__0sprintf$3)
    __2sprintf                               0x08003c89   Thumb Code     0  printf3.o(i.__0sprintf$3)
    __scatterload_copy                       0x08003ce9   Thumb Code    14  handlers.o(i.__scatterload_copy)
    __scatterload_null                       0x08003cf7   Thumb Code     2  handlers.o(i.__scatterload_null)
    __scatterload_zeroinit                   0x08003cf9   Thumb Code    14  handlers.o(i.__scatterload_zeroinit)
    main                                     0x08003ecd   Thumb Code   358  main.o(i.main)
    AHBPrescTable                            0x080040fc   Data          16  system_stm32f4xx.o(.constdata)
    APBPrescTable                            0x0800410c   Data           8  system_stm32f4xx.o(.constdata)
    Region$$Table$$Base                      0x08004114   Number         0  anon$$obj.o(Region$$Table)
    Region$$Table$$Limit                     0x08004134   Number         0  anon$$obj.o(Region$$Table)
    g_check_new_msg                          0x20000004   Data           1  main.o(.data)
    g_recv_byte                              0x20000005   Data           1  main.o(.data)
    g_count                                  0x20000006   Data           1  main.o(.data)
    g_count_temp                             0x20000007   Data           1  main.o(.data)
    g_isDone                                 0x20000008   Data           1  main.o(.data)
    g_check_end                              0x20000009   Data           1  main.o(.data)
    g_id_msg                                 0x2000000a   Data           1  main.o(.data)
    g_size_sms                               0x2000000b   Data           1  main.o(.data)
    g_size_IP                                0x2000000c   Data           1  main.o(.data)
    g_timeNow                                0x20000010   Data           4  main.o(.data)
    uwTick                                   0x20000014   Data           4  stm32f4xx_hal.o(.data)
    uwTickPrio                               0x20000018   Data           4  stm32f4xx_hal.o(.data)
    uwTickFreq                               0x2000001c   Data           1  stm32f4xx_hal.o(.data)
    SystemCoreClock                          0x20000020   Data           4  system_stm32f4xx.o(.data)
    log_buff                                 0x20000024   Data          20  stm32f4xx_hal_uart_emul.o(.bss)
    htim1                                    0x20000200   Data          72  main.o(.bss)
    huart1                                   0x20000248   Data          68  main.o(.bss)
    UartEmulHandle                           0x2000028c   Data          48  main.o(.bss)
    g_recv_buff                              0x200002bc   Data         256  main.o(.bss)
    g_buff_temp                              0x200003bc   Data         256  main.o(.bss)
    g_buffer_log                             0x200004bc   Data          30  main.o(.bss)
    __initial_sp                             0x200008e0   Data           0  startup_stm32f401xc.o(STACK)



==============================================================================

Memory Map of the image

  Image Entry point : 0x08000195

  Load Region LR_IROM1 (Base: 0x08000000, Size: 0x00004158, Max: 0x00040000, ABSOLUTE)

    Execution Region ER_IROM1 (Exec base: 0x08000000, Load base: 0x08000000, Size: 0x00004134, Max: 0x00040000, ABSOLUTE)

    Exec Addr    Load Addr    Size         Type   Attr      Idx    E Section Name        Object

    0x08000000   0x08000000   0x00000194   Data   RO            3    RESET               startup_stm32f401xc.o
    0x08000194   0x08000194   0x00000000   Code   RO         3395  * .ARM.Collect$$$$00000000  mc_w.l(entry.o)
    0x08000194   0x08000194   0x00000004   Code   RO         3665    .ARM.Collect$$$$00000001  mc_w.l(entry2.o)
    0x08000198   0x08000198   0x00000004   Code   RO         3668    .ARM.Collect$$$$00000004  mc_w.l(entry5.o)
    0x0800019c   0x0800019c   0x00000000   Code   RO         3670    .ARM.Collect$$$$00000008  mc_w.l(entry7b.o)
    0x0800019c   0x0800019c   0x00000000   Code   RO         3672    .ARM.Collect$$$$0000000A  mc_w.l(entry8b.o)
    0x0800019c   0x0800019c   0x00000008   Code   RO         3673    .ARM.Collect$$$$0000000B  mc_w.l(entry9a.o)
    0x080001a4   0x080001a4   0x00000000   Code   RO         3675    .ARM.Collect$$$$0000000D  mc_w.l(entry10a.o)
    0x080001a4   0x080001a4   0x00000000   Code   RO         3677    .ARM.Collect$$$$0000000F  mc_w.l(entry11a.o)
    0x080001a4   0x080001a4   0x00000004   Code   RO         3666    .ARM.Collect$$$$00002712  mc_w.l(entry2.o)
    0x080001a8   0x080001a8   0x00000024   Code   RO            4    .text               startup_stm32f401xc.o
    0x080001cc   0x080001cc   0x00000062   Code   RO         3398    .text               mc_w.l(uldiv.o)
    0x0800022e   0x0800022e   0x00000024   Code   RO         3400    .text               mc_w.l(memseta.o)
    0x08000252   0x08000252   0x0000000e   Code   RO         3402    .text               mc_w.l(strlen.o)
    0x08000260   0x08000260   0x0000002c   Code   RO         3682    .text               mc_w.l(uidiv.o)
    0x0800028c   0x0800028c   0x0000001e   Code   RO         3684    .text               mc_w.l(llshl.o)
    0x080002aa   0x080002aa   0x00000020   Code   RO         3686    .text               mc_w.l(llushr.o)
    0x080002ca   0x080002ca   0x00000002   PAD
    0x080002cc   0x080002cc   0x00000024   Code   RO         3699    .text               mc_w.l(init.o)
    0x080002f0   0x080002f0   0x00000028   Code   RO          595    i.Blynk             lte.o
    0x08000318   0x08000318   0x00000004   Code   RO          459    i.BusFault_Handler  stm32f4xx_it.o
    0x0800031c   0x0800031c   0x00000030   Code   RO          289    i.Check_New_Msg     soft_uart.o
    0x0800034c   0x0800034c   0x00000022   Code   RO          290    i.Compare_Str       soft_uart.o
    0x0800036e   0x0800036e   0x00000002   PAD
    0x08000370   0x08000370   0x00000020   Code   RO          291    i.Confirm_OK        soft_uart.o
    0x08000390   0x08000390   0x000007dc   Code   RO           13    i.DMA2_Stream1_IRQHandler  stm32f4xx_hal_uart_emul.o
    0x08000b6c   0x08000b6c   0x00000808   Code   RO           14    i.DMA2_Stream2_IRQHandler  stm32f4xx_hal_uart_emul.o
    0x08001374   0x08001374   0x00000034   Code   RO         2292    i.DMA_CalcBaseAndBitshift  stm32f4xx_hal_dma.o
    0x080013a8   0x080013a8   0x000000aa   Code   RO         2293    i.DMA_CheckFifoParam  stm32f4xx_hal_dma.o
    0x08001452   0x08001452   0x00000002   Code   RO          460    i.DebugMon_Handler  stm32f4xx_it.o
    0x08001454   0x08001454   0x00000064   Code   RO          599    i.Delete_Memory_SMS  lte.o
    0x080014b8   0x080014b8   0x0000000c   Code   RO          461    i.EXTI15_10_IRQHandler  stm32f4xx_it.o
    0x080014c4   0x080014c4   0x00000014   Code   RO          600    i.Enable_LTE        lte.o
    0x080014d8   0x080014d8   0x0000000c   Code   RO          395    i.Error_Handler     main.o
    0x080014e4   0x080014e4   0x000000b8   Code   RO          292    i.Get_Data_Msg      soft_uart.o
    0x0800159c   0x0800159c   0x0000004a   Code   RO          293    i.Get_ID_Msg        soft_uart.o
    0x080015e6   0x080015e6   0x0000001e   Code   RO          294    i.Get_Paragraph     soft_uart.o
    0x08001604   0x08001604   0x000000ec   Code   RO         2301    i.HAL_DMA_Init      stm32f4xx_hal_dma.o
    0x080016f0   0x080016f0   0x00000028   Code   RO         2743    i.HAL_Delay         stm32f4xx_hal.o
    0x08001718   0x08001718   0x0000007c   Code   RO           15    i.HAL_GPIO_EXTI_Callback  stm32f4xx_hal_uart_emul.o
    0x08001794   0x08001794   0x0000001c   Code   RO         2187    i.HAL_GPIO_EXTI_IRQHandler  stm32f4xx_hal_gpio.o
    0x080017b0   0x080017b0   0x000001d8   Code   RO         2188    i.HAL_GPIO_Init     stm32f4xx_hal_gpio.o
    0x08001988   0x08001988   0x00000014   Code   RO         2191    i.HAL_GPIO_TogglePin  stm32f4xx_hal_gpio.o
    0x0800199c   0x0800199c   0x0000000c   Code   RO         2192    i.HAL_GPIO_WritePin  stm32f4xx_hal_gpio.o
    0x080019a8   0x080019a8   0x0000000c   Code   RO         2749    i.HAL_GetTick       stm32f4xx_hal.o
    0x080019b4   0x080019b4   0x00000018   Code   RO         2755    i.HAL_IncTick       stm32f4xx_hal.o
    0x080019cc   0x080019cc   0x0000003c   Code   RO         2756    i.HAL_Init          stm32f4xx_hal.o
    0x08001a08   0x08001a08   0x0000004c   Code   RO         2757    i.HAL_InitTick      stm32f4xx_hal.o
    0x08001a54   0x08001a54   0x00000048   Code   RO          540    i.HAL_MspInit       stm32f4xx_hal_msp.o
    0x08001a9c   0x08001a9c   0x00000020   Code   RO         2601    i.HAL_NVIC_EnableIRQ  stm32f4xx_hal_cortex.o
    0x08001abc   0x08001abc   0x0000007c   Code   RO         2607    i.HAL_NVIC_SetPriority  stm32f4xx_hal_cortex.o
    0x08001b38   0x08001b38   0x00000028   Code   RO         2608    i.HAL_NVIC_SetPriorityGrouping  stm32f4xx_hal_cortex.o
    0x08001b60   0x08001b60   0x00000184   Code   RO         1755    i.HAL_RCC_ClockConfig  stm32f4xx_hal_rcc.o
    0x08001ce4   0x08001ce4   0x0000000c   Code   RO         1760    i.HAL_RCC_GetHCLKFreq  stm32f4xx_hal_rcc.o
    0x08001cf0   0x08001cf0   0x00000020   Code   RO         1762    i.HAL_RCC_GetPCLK1Freq  stm32f4xx_hal_rcc.o
    0x08001d10   0x08001d10   0x00000020   Code   RO         1763    i.HAL_RCC_GetPCLK2Freq  stm32f4xx_hal_rcc.o
    0x08001d30   0x08001d30   0x000000b0   Code   RO         1764    i.HAL_RCC_GetSysClockFreq  stm32f4xx_hal_rcc.o
    0x08001de0   0x08001de0   0x0000049c   Code   RO         1767    i.HAL_RCC_OscConfig  stm32f4xx_hal_rcc.o
    0x0800227c   0x0800227c   0x00000034   Code   RO         2612    i.HAL_SYSTICK_Config  stm32f4xx_hal_cortex.o
    0x080022b0   0x080022b0   0x0000009c   Code   RO         1506    i.HAL_TIMEx_MasterConfigSynchronization  stm32f4xx_hal_tim_ex.o
    0x0800234c   0x0800234c   0x00000066   Code   RO          772    i.HAL_TIM_Base_Init  stm32f4xx_hal_tim.o
    0x080023b2   0x080023b2   0x00000002   PAD
    0x080023b4   0x080023b4   0x00000034   Code   RO          542    i.HAL_TIM_Base_MspInit  stm32f4xx_hal_msp.o
    0x080023e8   0x080023e8   0x00000108   Code   RO          781    i.HAL_TIM_ConfigClockSource  stm32f4xx_hal_tim.o
    0x080024f0   0x080024f0   0x00000018   Code   RO          295    i.HAL_UART_Emul_ErrorCallback  soft_uart.o
    0x08002508   0x08002508   0x0000003c   Code   RO           21    i.HAL_UART_Emul_Init  stm32f4xx_hal_uart_emul.o
    0x08002544   0x08002544   0x000000e8   Code   RO          543    i.HAL_UART_Emul_MspInit  stm32f4xx_hal_msp.o
    0x0800262c   0x0800262c   0x00000078   Code   RO           24    i.HAL_UART_Emul_Receive_DMA  stm32f4xx_hal_uart_emul.o
    0x080026a4   0x080026a4   0x00000024   Code   RO          296    i.HAL_UART_Emul_RxCpltCallback  soft_uart.o
    0x080026c8   0x080026c8   0x000000b0   Code   RO           27    i.HAL_UART_Emul_Transmit_DMA  stm32f4xx_hal_uart_emul.o
    0x08002778   0x08002778   0x00000002   Code   RO           28    i.HAL_UART_Emul_TxCpltCallback  stm32f4xx_hal_uart_emul.o
    0x0800277a   0x0800277a   0x00000072   Code   RO         3023    i.HAL_UART_Init     stm32f4xx_hal_uart.o
    0x080027ec   0x080027ec   0x00000088   Code   RO          545    i.HAL_UART_MspInit  stm32f4xx_hal_msp.o
    0x08002874   0x08002874   0x000000d2   Code   RO         3031    i.HAL_UART_Transmit  stm32f4xx_hal_uart.o
    0x08002946   0x08002946   0x00000002   PAD
    0x08002948   0x08002948   0x0000005c   Code   RO          602    i.HTTP_Active_PDP   lte.o
    0x080029a4   0x080029a4   0x00000068   Code   RO          603    i.HTTP_Config_ID    lte.o
    0x08002a0c   0x08002a0c   0x0000009c   Code   RO          604    i.HTTP_Config_TCP_IP  lte.o
    0x08002aa8   0x08002aa8   0x0000005c   Code   RO          605    i.HTTP_Deactive_PDP  lte.o
    0x08002b04   0x08002b04   0x0000005c   Code   RO          607    i.HTTP_Enable_Response  lte.o
    0x08002b60   0x08002b60   0x000000bc   Code   RO          608    i.HTTP_Get_Range    lte.o
    0x08002c1c   0x08002c1c   0x000000b4   Code   RO          609    i.HTTP_Ping_IP      lte.o
    0x08002cd0   0x08002cd0   0x00000068   Code   RO          610    i.HTTP_Set_URL      lte.o
    0x08002d38   0x08002d38   0x00000004   Code   RO          462    i.HardFault_Handler  stm32f4xx_it.o
    0x08002d3c   0x08002d3c   0x0000003c   Code   RO           29    i.Log_Info          stm32f4xx_hal_uart_emul.o
    0x08002d78   0x08002d78   0x000000d8   Code   RO          396    i.MX_GPIO_Init      main.o
    0x08002e50   0x08002e50   0x00000068   Code   RO          397    i.MX_TIM1_Init      main.o
    0x08002eb8   0x08002eb8   0x00000038   Code   RO          398    i.MX_USART1_UART_Init  main.o
    0x08002ef0   0x08002ef0   0x00000004   Code   RO          463    i.MemManage_Handler  stm32f4xx_it.o
    0x08002ef4   0x08002ef4   0x00000004   Code   RO          464    i.NMI_Handler       stm32f4xx_it.o
    0x08002ef8   0x08002ef8   0x00000002   Code   RO          465    i.PendSV_Handler    stm32f4xx_it.o
    0x08002efa   0x08002efa   0x00000002   PAD
    0x08002efc   0x08002efc   0x00000048   Code   RO          297    i.Recv_Data         soft_uart.o
    0x08002f44   0x08002f44   0x00000070   Code   RO          298    i.Recv_Data_Continue  soft_uart.o
    0x08002fb4   0x08002fb4   0x00000078   Code   RO          299    i.Recv_Response     soft_uart.o
    0x0800302c   0x0800302c   0x00000078   Code   RO          300    i.Recv_Response_Continue  soft_uart.o
    0x080030a4   0x080030a4   0x00000002   Code   RO          466    i.SVC_Handler       stm32f4xx_it.o
    0x080030a6   0x080030a6   0x00000008   Code   RO          467    i.SysTick_Handler   stm32f4xx_it.o
    0x080030ae   0x080030ae   0x00000002   PAD
    0x080030b0   0x080030b0   0x000000b8   Code   RO          399    i.SystemClock_Config  main.o
    0x08003168   0x08003168   0x00000014   Code   RO         3362    i.SystemInit        system_stm32f4xx.o
    0x0800317c   0x0800317c   0x000000a4   Code   RO          865    i.TIM_Base_SetConfig  stm32f4xx_hal_tim.o
    0x08003220   0x08003220   0x00000022   Code   RO          866    i.TIM_CCxChannelCmd  stm32f4xx_hal_tim.o
    0x08003242   0x08003242   0x00000016   Code   RO          876    i.TIM_ETR_SetConfig  stm32f4xx_hal_tim.o
    0x08003258   0x08003258   0x00000012   Code   RO          877    i.TIM_ITRx_SetConfig  stm32f4xx_hal_tim.o
    0x0800326a   0x0800326a   0x00000026   Code   RO          883    i.TIM_TI1_ConfigInputStage  stm32f4xx_hal_tim.o
    0x08003290   0x08003290   0x00000028   Code   RO          885    i.TIM_TI2_ConfigInputStage  stm32f4xx_hal_tim.o
    0x080032b8   0x080032b8   0x00000054   Code   RO          301    i.Trans_Data        soft_uart.o
    0x0800330c   0x0800330c   0x00000038   Code   RO           30    i.UART_Emul_DMAError  stm32f4xx_hal_uart_emul.o
    0x08003344   0x08003344   0x000000cc   Code   RO           31    i.UART_Emul_DMAReceiveCplt  stm32f4xx_hal_uart_emul.o
    0x08003410   0x08003410   0x000000f4   Code   RO           32    i.UART_Emul_DMATransmitCplt  stm32f4xx_hal_uart_emul.o
    0x08003504   0x08003504   0x00000100   Code   RO           33    i.UART_Emul_ReceiveFormatFrame  stm32f4xx_hal_uart_emul.o
    0x08003604   0x08003604   0x000000b8   Code   RO           34    i.UART_Emul_ReceiveFrame  stm32f4xx_hal_uart_emul.o
    0x080036bc   0x080036bc   0x000000a0   Code   RO           35    i.UART_Emul_SetConfig  stm32f4xx_hal_uart_emul.o
    0x0800375c   0x0800375c   0x00000070   Code   RO           36    i.UART_Emul_SetConfig_DMARx  stm32f4xx_hal_uart_emul.o
    0x080037cc   0x080037cc   0x0000008c   Code   RO           37    i.UART_Emul_SetConfig_DMATx  stm32f4xx_hal_uart_emul.o
    0x08003858   0x08003858   0x000000c0   Code   RO           38    i.UART_Emul_TransmitFormatFrame  stm32f4xx_hal_uart_emul.o
    0x08003918   0x08003918   0x000000a8   Code   RO           39    i.UART_Emul_TransmitFrame  stm32f4xx_hal_uart_emul.o
    0x080039c0   0x080039c0   0x0000022c   Code   RO         3050    i.UART_SetConfig    stm32f4xx_hal_uart.o
    0x08003bec   0x08003bec   0x0000006c   Code   RO         3054    i.UART_WaitOnFlagUntilTimeout  stm32f4xx_hal_uart.o
    0x08003c58   0x08003c58   0x0000002c   Code   RO          302    i.UartEmul_Init     soft_uart.o
    0x08003c84   0x08003c84   0x00000004   Code   RO          468    i.UsageFault_Handler  stm32f4xx_it.o
    0x08003c88   0x08003c88   0x00000028   Code   RO         3495    i.__0sprintf$3      mc_w.l(printf3.o)
    0x08003cb0   0x08003cb0   0x00000010   Code   RO         2614    i.__NVIC_GetPriorityGrouping  stm32f4xx_hal_cortex.o
    0x08003cc0   0x08003cc0   0x00000028   Code   RO         2615    i.__NVIC_SetPriority  stm32f4xx_hal_cortex.o
    0x08003ce8   0x08003ce8   0x0000000e   Code   RO         3709    i.__scatterload_copy  mc_w.l(handlers.o)
    0x08003cf6   0x08003cf6   0x00000002   Code   RO         3710    i.__scatterload_null  mc_w.l(handlers.o)
    0x08003cf8   0x08003cf8   0x0000000e   Code   RO         3711    i.__scatterload_zeroinit  mc_w.l(handlers.o)
    0x08003d06   0x08003d06   0x00000002   PAD
    0x08003d08   0x08003d08   0x000001b8   Code   RO         3500    i._printf_core      mc_w.l(printf3.o)
    0x08003ec0   0x08003ec0   0x0000000a   Code   RO         3502    i._sputc            mc_w.l(printf3.o)
    0x08003eca   0x08003eca   0x00000002   PAD
    0x08003ecc   0x08003ecc   0x00000228   Code   RO          400    i.main              main.o
    0x080040f4   0x080040f4   0x00000008   Data   RO         2307    .constdata          stm32f4xx_hal_dma.o
    0x080040fc   0x080040fc   0x00000018   Data   RO         3363    .constdata          system_stm32f4xx.o
    0x08004114   0x08004114   0x00000020   Data   RO         3707    Region$$Table       anon$$obj.o


    Execution Region RW_IRAM1 (Exec base: 0x20000000, Load base: 0x08004134, Size: 0x000008e0, Max: 0x00010000, ABSOLUTE)

    Exec Addr    Load Addr    Size         Type   Attr      Idx    E Section Name        Object

    0x20000000   0x08004134   0x00000004   Data   RW           41    .data               stm32f4xx_hal_uart_emul.o
    0x20000004   0x08004138   0x00000010   Data   RW          402    .data               main.o
    0x20000014   0x08004148   0x00000009   Data   RW         2763    .data               stm32f4xx_hal.o
    0x2000001d   0x08004151   0x00000003   PAD
    0x20000020   0x08004154   0x00000004   Data   RW         3364    .data               system_stm32f4xx.o
    0x20000024        -       0x000001dc   Zero   RW           40    .bss                stm32f4xx_hal_uart_emul.o
    0x20000200        -       0x000002da   Zero   RW          401    .bss                main.o
    0x200004da   0x08004158   0x00000006   PAD
    0x200004e0        -       0x00000400   Zero   RW            1    STACK               startup_stm32f401xc.o


==============================================================================

Image component sizes


      Code (inc. data)   RO Data    RW Data    ZI Data      Debug   Object Name

      1168        340          0          0          0       7996   lte.o
      1124        232          0         16        730       4801   main.o
      1014        186          0          0          0      10125   soft_uart.o
        36          8        404          0       1024        840   startup_stm32f401xc.o
       212         36          0          9          0       9289   stm32f4xx_hal.o
       304         22          0          0          0      34483   stm32f4xx_hal_cortex.o
       458         10          8          0          0       2783   stm32f4xx_hal_dma.o
       532         36          0          0          0       3384   stm32f4xx_hal_gpio.o
       492         42          0          0          0       3053   stm32f4xx_hal_msp.o
      1820         84          0          0          0       5656   stm32f4xx_hal_rcc.o
       682         30          0          0          0       6397   stm32f4xx_hal_tim.o
       156         22          0          0          0       1336   stm32f4xx_hal_tim_ex.o
       988         10          0          0          0       3800   stm32f4xx_hal_uart.o
      6326        294          0          4        476     433845   stm32f4xx_hal_uart_emul.o
        46          0          0          0          0       4657   stm32f4xx_it.o
        20          6         24          4          0       1119   system_stm32f4xx.o

    ----------------------------------------------------------------------
     15388       1358        468         36       2236     533564   Object Totals
         0          0         32          0          0          0   (incl. Generated)
        10          0          0          3          6          0   (incl. Padding)

    ----------------------------------------------------------------------

      Code (inc. data)   RO Data    RW Data    ZI Data      Debug   Library Member Name

         0          0          0          0          0          0   entry.o
         0          0          0          0          0          0   entry10a.o
         0          0          0          0          0          0   entry11a.o
         8          4          0          0          0          0   entry2.o
         4          0          0          0          0          0   entry5.o
         0          0          0          0          0          0   entry7b.o
         0          0          0          0          0          0   entry8b.o
         8          4          0          0          0          0   entry9a.o
        30          0          0          0          0          0   handlers.o
        36          8          0          0          0         68   init.o
        30          0          0          0          0         68   llshl.o
        32          0          0          0          0         68   llushr.o
        36          0          0          0          0        108   memseta.o
       490         10          0          0          0        252   printf3.o
        14          0          0          0          0         68   strlen.o
        44          0          0          0          0         80   uidiv.o
        98          0          0          0          0         92   uldiv.o

    ----------------------------------------------------------------------
       836         26          0          0          0        804   Library Totals
         6          0          0          0          0          0   (incl. Padding)

    ----------------------------------------------------------------------

      Code (inc. data)   RO Data    RW Data    ZI Data      Debug   Library Name

       830         26          0          0          0        804   mc_w.l

    ----------------------------------------------------------------------
       836         26          0          0          0        804   Library Totals

    ----------------------------------------------------------------------

==============================================================================


      Code (inc. data)   RO Data    RW Data    ZI Data      Debug   

     16224       1384        468         36       2236     524860   Grand Totals
     16224       1384        468         36       2236     524860   ELF Image Totals
     16224       1384        468         36          0          0   ROM Totals

==============================================================================

    Total RO  Size (Code + RO Data)                16692 (  16.30kB)
    Total RW  Size (RW Data + ZI Data)              2272 (   2.22kB)
    Total ROM Size (Code + RO Data + RW Data)      16728 (  16.34kB)

==============================================================================

