Middleware.c:12:12:MQTT_Open_Connect	8	static
Middleware.c:52:13:LTE_Disable	8	static
Middleware.c:58:13:softUART_DeInit	8	static
Middleware.c:64:13:softUART_ReInit	32	static
Middleware.c:81:13:MQTT_Config	8	static
Middleware.c:96:13:Flash_Init	8	static
Middleware.c:103:13:Convert_U8_To_Str	16	static
Middleware.c:113:13:Write_Read_Pub	40	static
Middleware.c:222:6:Wakeup_CallBack	8	static
Middleware.c:270:6:Stop_Callback	8	static
Middleware.c:299:6:Data_Process	208	static
Middleware.c:322:6:System_Initialization	8	static
