Middleware.c:44:6:Wakeup_CallBack	8	static
Middleware.c:112:6:Stop_Callback	8	static
Middleware.c:165:6:Data_Process	208	static
Middleware.c:209:6:System_Initialization	8	static
Middleware.c:228:19:MQTT_Open_Connect	8	static
Middleware.c:259:13:LTE_Disable	8	static
Middleware.c:265:13:softUART_DeInit	8	static
Middleware.c:271:13:softUART_ReInit	32	static
Middleware.c:288:13:MQTT_Config	8	static
Middleware.c:303:13:Flash_Init	8	static
Middleware.c:310:13:Convert_U8_To_Str	16	static
Middleware.c:320:13:Write_Read_Pub	40	static
